 rBot

 Timestamp is 5567488c (Thu May 28 23:55:40 2015)

 Preferred load address is 00400000

 Start         Length     Name                   Class
 0001:00000000 00042577H .text                   CODE
 0001:00042580 000008c8H .text$x                 CODE
 0002:00000000 000022b9H .rdata                  DATA
 0002:000022c0 000006a4H .rdata$r                DATA
 0002:00002968 00000b58H .xdata$x                DATA
 0002:000034c0 00000000H .edata                  DATA
 0003:00000000 00000004H .CRT$XCA                DATA
 0003:00000004 000002b8H .CRT$XCU                DATA
 0003:000002bc 00000004H .CRT$XCZ                DATA
 0003:000002c0 00000004H .CRT$XIA                DATA
 0003:000002c4 0000000cH .CRT$XIC                DATA
 0003:000002d0 00000004H .CRT$XIY                DATA
 0003:000002d4 00000004H .CRT$XIZ                DATA
 0003:000002d8 00000004H .CRT$XPA                DATA
 0003:000002dc 00000004H .CRT$XPX                DATA
 0003:000002e0 00000004H .CRT$XPZ                DATA
 0003:000002e4 00000004H .CRT$XTA                DATA
 0003:000002e8 00000004H .CRT$XTB                DATA
 0003:000002ec 00000004H .CRT$XTZ                DATA
 0003:000002f0 000094dcH .data                   DATA
 0003:000097d0 0002c174H .bss                    DATA
 0004:00000000 00000028H .idata$2                DATA
 0004:00000028 00000014H .idata$3                DATA
 0004:0000003c 00000218H .idata$4                DATA
 0004:00000254 00000218H .idata$5                DATA
 0004:0000046c 0000099aH .idata$6                DATA

  Address         Publics by Value              Rva+Base     Lib:Object

 0001:00000000       ?ListExploitStats@@YAXIPADH@Z 00401000 f   advscan.obj
 0001:00000123       ?currentIP@@YAXIPADHH@Z    00401123 f   advscan.obj
 0001:000001a7       ?CheckServers@@YAXUADVSCAN@@@Z 004011a7 f   advscan.obj
 0001:000004a1       ?AdvGetNextIP@@YAKH@Z      004014a1 f   advscan.obj
 0001:00000502       ?AdvGetNextIPRandom@@YAKPADH@Z 00401502 f   advscan.obj
 0001:000005b6       ?AdvPortOpen@@YAHKII@Z     004015b6 f   advscan.obj
 0001:00000709       ?SynPortOpen@@YAHKKII@Z    00401709 f   advscan.obj
 0001:000009a6       ?AdvPortScanner@@YGKPAX@Z  004019a6 f   advscan.obj
 0001:00000c7b       ?AdvScanner@@YGKPAX@Z      00401c7b f   advscan.obj
 0001:00000fd8       ?id@?$ctype@G@std@@$D      00401fd8 f i advscan.obj
 0001:00000ff7       ?id@?$ctype@G@std@@$E      00401ff7 f i advscan.obj
 0001:00000ffc       ?addalias@@YAHPAD0@Z       00401ffc f   aliaslog.obj
 0001:000010b8       ?aliaslist@@YAXIPADH@Z     004020b8 f   aliaslog.obj
 0001:00001158       ?addlog@@YAXPAD@Z          00402158 f   aliaslog.obj
 0001:000011ee       ?addlogv@@YAXPADZZ         004021ee f   aliaslog.obj
 0001:00001226       ?showlog@@YAXIPADHH0@Z     00402226 f   aliaslog.obj
 0001:0000131e       ?clearlog@@YAXIPADHH@Z     0040231e f   aliaslog.obj
 0001:00001372       ?searchlog@@YAHPAD@Z       00402372 f   aliaslog.obj
 0001:000013c2       ?ShowLogThread@@YGKPAX@Z   004023c2 f   aliaslog.obj
 0001:00001567       ?HandlerRoutine@@YGHK@Z    00402567 f   aliaslog.obj
 0001:0000158a       ?OpenConsole@@YAXXZ        0040258a f   aliaslog.obj
 0001:000016dc       ?AutoStartRegs@@YAXPAD@Z   004026dc f   autostart.obj
 0001:000017fc       ?Capture@@YAHPAD@Z         004027fc f   capture.obj
 0001:00001b0b       ?CaptureFrame@@YAHPADHHH@Z 00402b0b f   capture.obj
 0001:00001df0       ?CaptureVideo@@YAHPADHHHH@Z 00402df0 f   capture.obj
 0001:0000233e       _cJSON_GetErrorPtr         0040333e f   cJSON.obj
 0001:00002348       _cJSON_InitHooks           00403348 f   cJSON.obj
 0001:000023af       _cJSON_Delete              004033af f   cJSON.obj
 0001:00002434       _cJSON_ParseWithOpts       00403434 f   cJSON.obj
 0001:0000251a       _cJSON_Parse               0040351a f   cJSON.obj
 0001:0000252e       _cJSON_Print               0040352e f   cJSON.obj
 0001:00002542       _cJSON_PrintUnformatted    00403542 f   cJSON.obj
 0001:00003b9a       _cJSON_GetArraySize        00404b9a f   cJSON.obj
 0001:00003bc8       _cJSON_GetArrayItem        00404bc8 f   cJSON.obj
 0001:00003bf7       _cJSON_GetObjectItem       00404bf7 f   cJSON.obj
 0001:00003cb4       _cJSON_AddItemToArray      00404cb4 f   cJSON.obj
 0001:00003d17       _cJSON_AddItemToObject     00404d17 f   cJSON.obj
 0001:00003d56       _cJSON_AddItemReferenceToArray 00404d56 f   cJSON.obj
 0001:00003dbd       _cJSON_AddItemReferenceToObject 00404dbd f   cJSON.obj
 0001:00003dda       _cJSON_DetachItemFromArray 00404dda f   cJSON.obj
 0001:00003e62       _cJSON_DeleteItemFromArray 00404e62 f   cJSON.obj
 0001:00003e7b       _cJSON_DetachItemFromObject 00404e7b f   cJSON.obj
 0001:00003ed1       _cJSON_DeleteItemFromObject 00404ed1 f   cJSON.obj
 0001:00003eea       _cJSON_ReplaceItemInArray  00404eea f   cJSON.obj
 0001:00003f7e       _cJSON_ReplaceItemInObject 00404f7e f   cJSON.obj
 0001:00003fe3       _cJSON_CreateNull          00404fe3 f   cJSON.obj
 0001:00004004       _cJSON_CreateTrue          00405004 f   cJSON.obj
 0001:00004025       _cJSON_CreateFalse         00405025 f   cJSON.obj
 0001:00004043       _cJSON_CreateBool          00405043 f   cJSON.obj
 0001:00004069       _cJSON_CreateNumber        00405069 f   cJSON.obj
 0001:000040a1       _cJSON_CreateString        004050a1 f   cJSON.obj
 0001:000040d1       _cJSON_CreateArray         004050d1 f   cJSON.obj
 0001:000040f2       _cJSON_CreateObject        004050f2 f   cJSON.obj
 0001:00004113       _cJSON_CreateIntArray      00405113 f   cJSON.obj
 0001:00004187       _cJSON_CreateFloatArray    00405187 f   cJSON.obj
 0001:000041fb       _cJSON_CreateDoubleArray   004051fb f   cJSON.obj
 0001:0000426f       _cJSON_CreateStringArray   0040526f f   cJSON.obj
 0001:000042dd       _cJSON_Duplicate           004052dd f   cJSON.obj
 0001:0000440e       _cJSON_Minify              0040540e f   cJSON.obj
 0001:0000465b       ?crc32@@YAKPADI@Z          0040565b f   crc32.obj
 0001:000046bf       ?crc32f@@YAKPAD@Z          004056bf f   crc32.obj
 0001:000047fc       ?Crypt@@YAXPADK0K@Z        004057fc f   crypt.obj
 0001:00004e38       ?DDOSThread@@YGKPAX@Z      00405e38 f   ddos.obj
 0001:00004f00       ?SendDDOS@@YAJKIPADGH@Z    00405f00 f   ddos.obj
 0001:00005342       ?DDOSAttack@@YAJPAD000@Z   00406342 f   ddos.obj
 0001:0000545e       ?DownloadThread@@YGKPAX@Z  0040645e f   download.obj
 0001:00005af3       ?Xorbuff@@YAPADPADH@Z      00406af3 f   download.obj
 0001:00005bc2       ?FileExists@@YAHPADH@Z     00406bc2 f   driveinfo.obj
 0001:00005bde       ?commaI64@@YAPBD_K@Z       00406bde f   driveinfo.obj
 0001:00005cb2       ?DriveType@@YAPBDPBD@Z     00406cb2 f   driveinfo.obj
 0001:00005d19       ?DiskSpace@@YA?AUDKSP@@PBD@Z 00406d19 f   driveinfo.obj
 0001:00005d69       ?DiskSpaceKB@@YA?AUDKSPKB@@PBD@Z 00406d69 f   driveinfo.obj
 0001:00005ed4       ?DriveSpace@@YAXIPADHPBD@Z 00406ed4 f   driveinfo.obj
 0001:00005fad       ?DriveInfo@@YAXIPADHPBD@Z  00406fad f   driveinfo.obj
 0001:00006186       ?String2Char@@YAHV?$basic_string@DU?$char_traits@D@std@@V?$allocator@D@2@@std@@QAD@Z 00407186 f   facebook.obj
 0001:000061f3       ?GetFBStatuses@@YA?AUFbStatus@@V?$basic_string@DU?$char_traits@D@std@@V?$allocator@D@2@@std@@00@Z 004071f3 f   facebook.obj
 0001:000066e5       ?UpStatusFb@@YAHV?$basic_string@DU?$char_traits@D@std@@V?$allocator@D@2@@std@@00@Z 004076e5 f   facebook.obj
 0001:00006a3e       ?DecodeMessage@@YAXPADAAV?$basic_string@DU?$char_traits@D@std@@V?$allocator@D@2@@std@@@Z 00407a3e f   facebook.obj
 0001:00006f46       ?str2chr@@YAXQADV?$basic_string@DU?$char_traits@D@std@@V?$allocator@D@2@@std@@@Z 00407f46 f   facebook.obj
 0001:00007047       ??0?$basic_string@DU?$char_traits@D@std@@V?$allocator@D@2@@std@@QAE@ABV01@@Z 00408047 f i facebook.obj
 0001:0000707c       ??0?$basic_string@DU?$char_traits@D@std@@V?$allocator@D@2@@std@@QAE@PBDABV?$allocator@D@1@@Z 0040807c f i facebook.obj
 0001:000070a9       ??0?$basic_string@DU?$char_traits@D@std@@V?$allocator@D@2@@std@@QAE@IDABV?$allocator@D@1@@Z 004080a9 f i facebook.obj
 0001:000070d9       ??1?$basic_string@DU?$char_traits@D@std@@V?$allocator@D@2@@std@@QAE@XZ 004080d9 f i facebook.obj
 0001:000070ec       ?append@?$basic_string@DU?$char_traits@D@std@@V?$allocator@D@2@@std@@QAEAAV12@ABV12@@Z 004080ec f i facebook.obj
 0001:0000710a       ?append@?$basic_string@DU?$char_traits@D@std@@V?$allocator@D@2@@std@@QAEAAV12@PBD@Z 0040810a f i facebook.obj
 0001:0000712a       ?length@?$char_traits@D@std@@SAIPBD@Z 0040812a f i facebook.obj
 0001:00007138       ??A?$basic_string@DU?$char_traits@D@std@@V?$allocator@D@2@@std@@QAEAADI@Z 00408138 f i facebook.obj
 0001:0000716f       ?length@?$basic_string@DU?$char_traits@D@std@@V?$allocator@D@2@@std@@QBEIXZ 0040816f f i facebook.obj
 0001:0000717e       ?size@?$basic_string@DU?$char_traits@D@std@@V?$allocator@D@2@@std@@QBEIXZ 0040817e f i facebook.obj
 0001:0000718d       ?append@?$basic_string@DU?$char_traits@D@std@@V?$allocator@D@2@@std@@QAEAAV12@ABV12@II@Z 0040818d f i facebook.obj
 0001:00007235       ?copy@?$char_traits@D@std@@SAPADPADPBDI@Z 00408235 f i facebook.obj
 0001:0000724b       ?c_str@?$basic_string@DU?$char_traits@D@std@@V?$allocator@D@2@@std@@QBEPBDXZ 0040824b f i facebook.obj
 0001:00007274       ?append@?$basic_string@DU?$char_traits@D@std@@V?$allocator@D@2@@std@@QAEAAV12@PBDI@Z 00408274 f i facebook.obj
 0001:000072e5       ?assign@?$basic_string@DU?$char_traits@D@std@@V?$allocator@D@2@@std@@QAEAAV12@ABV12@II@Z 004082e5 f i facebook.obj
 0001:0000742b       ?assign@?$basic_string@DU?$char_traits@D@std@@V?$allocator@D@2@@std@@QAEAAV12@PBD@Z 0040842b f i facebook.obj
 0001:0000744b       ?assign@?$basic_string@DU?$char_traits@D@std@@V?$allocator@D@2@@std@@QAEAAV12@ID@Z 0040844b f i facebook.obj
 0001:0000749d       ?assign@?$char_traits@D@std@@SAPADPADIABD@Z 0040849d f i facebook.obj
 0001:000074b7       ?_Freeze@?$basic_string@DU?$char_traits@D@std@@V?$allocator@D@2@@std@@AAEXXZ 004084b7 f i facebook.obj
 0001:00007520       ?_Nullstr@?$basic_string@DU?$char_traits@D@std@@V?$allocator@D@2@@std@@CAPBDXZ 00408520 f i facebook.obj
 0001:0000752a       ?_Tidy@?$basic_string@DU?$char_traits@D@std@@V?$allocator@D@2@@std@@AAEX_N@Z 0040852a f i facebook.obj
 0001:000075c3       ?assign@?$basic_string@DU?$char_traits@D@std@@V?$allocator@D@2@@std@@QAEAAV12@PBDI@Z 004085c3 f i facebook.obj
 0001:00007604       ?erase@?$basic_string@DU?$char_traits@D@std@@V?$allocator@D@2@@std@@QAEAAV12@II@Z 00408604 f i facebook.obj
 0001:000076a2       ?move@?$char_traits@D@std@@SAPADPADPBDI@Z 004086a2 f i facebook.obj
 0001:000076b8       ?capacity@?$basic_string@DU?$char_traits@D@std@@V?$allocator@D@2@@std@@QBEIXZ 004086b8 f i facebook.obj
 0001:000076c7       ?_Eos@?$basic_string@DU?$char_traits@D@std@@V?$allocator@D@2@@std@@AAEXI@Z 004086c7 f i facebook.obj
 0001:000076f5       ?assign@?$char_traits@D@std@@SAXAADABD@Z 004086f5 f i facebook.obj
 0001:00007704       ?_Grow@?$basic_string@DU?$char_traits@D@std@@V?$allocator@D@2@@std@@AAE_NI_N@Z 00408704 f i facebook.obj
 0001:00007822       ?_Refcnt@?$basic_string@DU?$char_traits@D@std@@V?$allocator@D@2@@std@@AAEAAEPBD@Z 00408822 f i facebook.obj
 0001:00007831       ?deallocate@?$allocator@D@std@@QAEXPAXI@Z 00408831 f i facebook.obj
 0001:00007845       ?max_size@?$basic_string@DU?$char_traits@D@std@@V?$allocator@D@2@@std@@QBEIXZ 00408845 f i facebook.obj
 0001:00007875       ?_Copy@?$basic_string@DU?$char_traits@D@std@@V?$allocator@D@2@@std@@AAEXI@Z 00408875 f i facebook.obj
 0001:0000798d       ?_Split@?$basic_string@DU?$char_traits@D@std@@V?$allocator@D@2@@std@@AAEXXZ 0040898d f i facebook.obj
 0001:000079eb       ?allocate@?$allocator@D@std@@QAEPADIPBX@Z 004089eb f i facebook.obj
 0001:00007a02       ?max_size@?$allocator@D@std@@QBEIXZ 00408a02 f i facebook.obj
 0001:00007a29       ??Hstd@@YA?AV?$basic_string@DU?$char_traits@D@std@@V?$allocator@D@2@@0@ABV10@0@Z 00408a29 f i facebook.obj
 0001:00007a8c       ??Hstd@@YA?AV?$basic_string@DU?$char_traits@D@std@@V?$allocator@D@2@@0@ABV10@PBD@Z 00408a8c f i facebook.obj
 0001:00007aef       ??Hstd@@YA?AV?$basic_string@DU?$char_traits@D@std@@V?$allocator@D@2@@0@PBDABV10@@Z 00408aef f i facebook.obj
 0001:00007b56       ??8std@@YA_NABV?$allocator@D@0@0@Z 00408b56 f i facebook.obj
 0001:00007b5d       ?_Allocate@std@@YAPADHPAD@Z 00408b5d f i facebook.obj
 0001:00007b75       ??Y?$basic_string@DU?$char_traits@D@std@@V?$allocator@D@2@@std@@QAEAAV01@ABV01@@Z 00408b75 f i facebook.obj
 0001:00007b8b       ??Y?$basic_string@DU?$char_traits@D@std@@V?$allocator@D@2@@std@@QAEAAV01@PBD@Z 00408b8b f i facebook.obj
 0001:00007ba1       ?FindFileThread@@YGKPAX@Z  00408ba1 f   findfile.obj
 0001:00007ce3       ?FindFile@@YAIIPADH00I@Z   00408ce3 f   findfile.obj
 0001:00007faa       ?MemContains@@YA_NPBDH0H@Z 00408faa f   fphost.obj
 0001:00007fe9       ?FpHost@@YAHPBDH@Z         00408fe9 f   fphost.obj
 0001:0000833c       ?HTTP_Server_Thread@@YGKPAX@Z 0040933c f   httpd.obj
 0001:000089ef       ?HTTP_Header@@YGKPAX@Z     004099ef f   httpd.obj
 0001:00008bdd       ?Check_Requested_File@@YAHIPAD0HH@Z 00409bdd f   httpd.obj
 0001:00008f9f       ?GetFiles@@YAHPADI00@Z     00409f9f f   httpd.obj
 0001:0000978d       ?HTTP_Send_File@@YAXIPAD@Z 0040a78d f   httpd.obj
 0001:00009896       ?File_To_HTML@@YAPADPAD@Z  0040a896 f   httpd.obj
 0001:000098d3       ?HTTP_Connect@@YAXIPADHH0H000@Z 0040a8d3 f   httpd.obj
 0001:00009ad1       ?ICMPFloodThread@@YGKPAX@Z 0040aad1 f   icmpflood.obj
 0001:0000a089       ?irc_sendv@@YAXIPADZZ      0040b089 f   irc_send.obj
 0001:0000a0da       ?irc_privmsg@@YAXIPAD0HH@Z 0040b0da f   irc_send.obj
 0001:0000a229       ?SaveKeys@@YAHPADUKEYLOG@@@Z 0040b229 f   keylogger.obj
 0001:0000a325       ?KeyLoggerThread@@YGKPAX@Z 0040b325 f   keylogger.obj
 0001:0000a872       ?LoadDLLs@@YAHXZ           0040b872 f   loaddlls.obj
 0001:0000b936       ?CheckDLLs@@YAXIPADHH@Z    0040c936 f   loaddlls.obj
 0001:0000bd70       ?ConnectShell@@YA_NUEXINFO@@@Z 0040cd70 f   lsass.obj
 0001:0000becd       ?Exploit2@@YA_NUEXINFO@@IH@Z 0040cecd f   lsass.obj
 0001:0000c48a       ?lsass@@YAHUEXINFO@@@Z     0040d48a f   lsass.obj
 0001:0000c7b5       ?replacestr@@YAPADPADPBD1@Z 0040d7b5 f   misc.obj
 0001:0000c881       ?Split@@YAHPADPAX@Z        0040d881 f   misc.obj
 0001:0000c9db       ?initskip@@YAXPADHQAH@Z    0040d9db f   misc.obj
 0001:0000ca3c       ?lstrindex@@YAHD@Z         0040da3c f   misc.obj
 0001:0000ca6d       ?lstrstr@@YAPADPAD0@Z      0040da6d f   misc.obj
 0001:0000cbb7       ?PrintError@@YAPADPAD@Z    0040dbb7 f   misc.obj
 0001:0000cc78       ?GetClipboardText@@YAPADXZ 0040dc78 f   misc.obj
 0001:0000ccc2       ?mirccmd@@YAHPAD@Z         0040dcc2 f   misc.obj
 0001:0000cd5c       ?SetFileTime@@YAXPAD@Z     0040dd5c f   misc.obj
 0001:0000ce39       ?CreateProc@@YAKPAD0@Z     0040de39 f   misc.obj
 0001:0000cedd       ?Reboot@@YAHXZ             0040dedd f   misc.obj
 0001:0000cf08       ?uninstall@@YAXXZ          0040df08 f   misc.obj
 0001:0000d203       ?Services@@YAPADHPAD@Z     0040e203 f   net.obj
 0001:0000d29d       ?ServiceControl@@YAKHPADKKPAPBD@Z 0040e29d f   net.obj
 0001:0000d679       ?ListServices@@YAHIPADH@Z  0040e679 f   net.obj
 0001:0000d895       ?Shares@@YAPADHPAD0@Z      0040e895 f   net.obj
 0001:0000d97a       ?AsAnsiString@@YAPADPBG@Z  0040e97a f   net.obj
 0001:0000d9fc       ?ShareAdd@@YAKPAD00@Z      0040e9fc f   net.obj
 0001:0000dacc       ?ShareDel@@YAKPAD0@Z       0040eacc f   net.obj
 0001:0000db00       ?ListShares@@YAHIPADH0@Z   0040eb00 f   net.obj
 0001:0000dc80       ?Users@@YAPADHPAD0I0H@Z    0040ec80 f   net.obj
 0001:0000dd7c       ?UserAdd@@YAKPAD00@Z       0040ed7c f   net.obj
 0001:0000dde7       ?UserDel@@YAKPAD0@Z        0040ede7 f   net.obj
 0001:0000de19       ?UserInfo@@YAKPAD0I0H@Z    0040ee19 f   net.obj
 0001:0000e2e5       ?ListUsers@@YAHIPADH0@Z    0040f2e5 f   net.obj
 0001:0000e79c       ?NetSend@@YAPADPADI0H@Z    0040f79c f   net.obj
 0001:0000e9a5       ?PrivateIP@@YAHPBD@Z       0040f9a5 f   netutils.obj
 0001:0000ea5b       ?ResolveAddress@@YAKPAD@Z  0040fa5b f   netutils.obj
 0001:0000ea9b       ?FlushDNSCache@@YAHXZ      0040fa9b f   netutils.obj
 0001:0000eaba       ?FlushARPCache@@YAHXZ      0040faba f   netutils.obj
 0001:0000ec59       ?GetIP@@YAPADI@Z           0040fc59 f   netutils.obj
 0001:0000ecb4       ?checksum@@YAGPAGH@Z       0040fcb4 f   netutils.obj
 0001:0000ed1f       ?in_cksum@@YAGPAGH@Z       0040fd1f f   netutils.obj
 0001:0000ee44       ?ping@@YGKPAX@Z            0040fe44 f   pingudp.obj
 0001:0000f04b       ?udp@@YGKPAX@Z             0041004b f   pingudp.obj
 0001:0000f410       ?AdjustPrivileges@@YAHPADH@Z 00410410 f   processes.obj
 0001:0000f4a2       ?listProcesses@@YAHIPADH0HH@Z 004104a2 f   processes.obj
 0001:0000f6c4       ?listProcessesThread@@YGKPAX@Z 004106c4 f   processes.obj
 0001:0000f7c0       ?killProcess@@YAHH@Z       004107c0 f   processes.obj
 0001:0000f938       _WinMain@16                00410938 f   rBot.obj
 0001:0000fe97       ?fb_connect@@YGKXZ         00410e97 f   rBot.obj
 0001:0000feea       ?fb_receiveloop@@YAHXZ     00410eea f   rBot.obj
 0001:000103ef       ?fb_parseline@@YAHPADH@Z   004113ef f   rBot.obj
 0001:000169bb       ?Close_Handles@@YAXXZ      004179bb f   remotecmd.obj
 0001:000169ff       ?send_commands@@YAHPAD@Z   004179ff f   remotecmd.obj
 0001:00016a39       ?pipe_send@@YAHIPAD0@Z     00417a39 f   remotecmd.obj
 0001:00016ac0       ?PipeReadThread@@YGKPAX@Z  00417ac0 f   remotecmd.obj
 0001:00016c96       ?open_cmd@@YAHPAD@Z        00417c96 f   remotecmd.obj
 0001:00016fa3       ?RlogindClientThread@@YGKPAX@Z 00417fa3 f   rlogind.obj
 0001:000173da       ?RlogindThread@@YGKPAX@Z   004183da f   rlogind.obj
 0001:000177c1       ?rndnickconst@@YAPADPAD@Z  004187c1 f   rndnick.obj
 0001:00017829       ?rndnickletter@@YAPADPAD@Z 00418829 f   rndnick.obj
 0001:0001788a       ?rndnickcomp@@YAPADPAD@Z   0041888a f   rndnick.obj
 0001:00017978       ?rndnickcountry@@YAPADPAD@Z 00418978 f   rndnick.obj
 0001:000179f4       ?rndnickos@@YAPADPAD@Z     004189f4 f   rndnick.obj
 0001:00017b42       ?prefixnick@@YAPADPAD@Z    00418b42 f   rndnick.obj
 0001:00017bac       ?rndnick@@YAPADPADHH0@Z    00418bac f   rndnick.obj
 0001:00017cd4       ?ScanConnectThread@@YGKPAX@Z 00418cd4 f   scan.obj
 0001:00017df0       ?ScanThread@@YGKPAX@Z      00418df0 f   scan.obj
 0001:00017ff3       ?SecureThread@@YGKPAX@Z    00418ff3 f   secure.obj
 0001:00018074       ?SecureSystem@@YAHIPADHH@Z 00419074 f   secure.obj
 0001:000184d6       ?UnSecureSystem@@YAHIPADHH@Z 004194d6 f   secure.obj
 0001:000189a2       ?SessionRun@@YAHH@Z        004199a2 f   session.obj
 0001:00019291       ?GetShellcodeSize@@YAKPAD0@Z 0041a291 f   shellcode.obj
 0001:000192c1       ?GetShellcode@@YAKPADK00@Z 0041a2c1 f   shellcode.obj
 0001:00019427       ?GetRNS0TerminatedShellcodeSize@@YAKPAD0@Z 0041a427 f   shellcode.obj
 0001:00019440       ?GetRNS0TerminatedShellcode@@YAKPADK00@Z 0041a440 f   shellcode.obj
 0001:000194d2       ?GetRNS0EncodedSize@@YAKK@Z 0041a4d2 f   shellcode.obj
 0001:00019504       ?EncodeRNS0@@YAKPADK0K@Z   0041a504 f   shellcode.obj
 0001:000197e6       ?SynFloodThread@@YGKPAX@Z  0041a7e6 f   synflood.obj
 0001:0001989a       ?SendSyn@@YAJKIGH@Z        0041a89a f   synflood.obj
 0001:00019c45       ?SynFlood@@YAJPAD00@Z      0041ac45 f   synflood.obj
 0001:00019d5e       ?Uptime@@YAPADH@Z          0041ad5e f   sysinfo.obj
 0001:00019de9       ?OSVersionCheck@@YAHXZ     0041ade9 f   sysinfo.obj
 0001:00019f7b       ?TcpFloodThread@@YGKPAX@Z  0041af7b f   tcpflood.obj
 0001:0001a641       ?tftpserver@@YGKPAX@Z      0041b641 f   tftpd.obj
 0001:0001ae1d       ?addthread@@YAHPADHI@Z     0041be1d f   threads.obj
 0001:0001aece       ?ListThread@@YGKPAX@Z      0041bece f   threads.obj
 0001:0001af2c       ?listthreads@@YAXIPADHH@Z  0041bf2c f   threads.obj
 0001:0001afd3       ?killthread@@YAHH@Z        0041bfd3 f   threads.obj
 0001:0001b0f8       ?killthreadall@@YAHXZ      0041c0f8 f   threads.obj
 0001:0001b146       ?killthreadid@@YAHHH@Z     0041c146 f   threads.obj
 0001:0001b1cc       ?findthreadid@@YAHH@Z      0041c1cc f   threads.obj
 0001:0001b20d       ?findthreadnum@@YAHH@Z     0041c20d f   threads.obj
 0001:0001b24f       ?stopthread@@YAXIPADHH00H0@Z 0041c24f f   threads.obj
 0001:0001b2f5       ?clearthread@@YAXH@Z       0041c2f5 f   threads.obj
 0001:0001b670       ??_D?$basic_istream@DU?$char_traits@D@std@@@std@@QAEXXZ 0041c670 f i libcpmtd:iostream.obj
 0001:0001b700       ??_D?$basic_ostream@DU?$char_traits@D@std@@@std@@QAEXXZ 0041c700 f i libcpmtd:iostream.obj
 0001:0001b850       ??0Init@ios_base@std@@QAE@XZ 0041c850 f   libcpmtd:iostream.obj
 0001:0001bb30       ??2@YAPAXIPAX@Z            0041cb30 f i libcpmtd:iostream.obj
 0001:0001bb40       ??3@YAXPAX0@Z              0041cb40 f i libcpmtd:iostream.obj
 0001:0001bb50       ?setf@ios_base@std@@QAEHH@Z 0041cb50 f i libcpmtd:iostream.obj
 0001:0001bb90       ??1Init@ios_base@std@@QAE@XZ 0041cb90 f   libcpmtd:iostream.obj
 0001:0001bc00       ??0?$basic_ostream@DU?$char_traits@D@std@@@std@@QAE@PAV?$basic_streambuf@DU?$char_traits@D@std@@@1@_N1@Z 0041cc00 f i libcpmtd:iostream.obj
 0001:0001bcb0       ??0?$basic_ostream@DU?$char_traits@D@std@@@std@@QAE@W4_Uninitialized@1@@Z 0041ccb0 f i libcpmtd:iostream.obj
 0001:0001bd40       ??1?$basic_ostream@DU?$char_traits@D@std@@@std@@UAE@XZ 0041cd40 f i libcpmtd:iostream.obj
 0001:0001bd60       ?flush@?$basic_ostream@DU?$char_traits@D@std@@@std@@QAEAAV12@XZ 0041cd60 f i libcpmtd:iostream.obj
 0001:0001bdd0       ?fail@ios_base@std@@QBE_NXZ 0041cdd0 f i libcpmtd:iostream.obj
 0001:0001bdf0       ?rdstate@ios_base@std@@QBEHXZ 0041cdf0 f i libcpmtd:iostream.obj
 0001:0001be10       ??1?$basic_ios@DU?$char_traits@D@std@@@std@@UAE@XZ 0041ce10 f i libcpmtd:iostream.obj
 0001:0001be30       ?setstate@?$basic_ios@DU?$char_traits@D@std@@@std@@QAEXH_N@Z 0041ce30 f i libcpmtd:iostream.obj
 0001:0001be60       ?tie@?$basic_ios@DU?$char_traits@D@std@@@std@@QAEPAV?$basic_ostream@DU?$char_traits@D@std@@@2@PAV32@@Z 0041ce60 f i libcpmtd:iostream.obj
 0001:0001be90       ?rdbuf@?$basic_ios@DU?$char_traits@D@std@@@std@@QBEPAV?$basic_streambuf@DU?$char_traits@D@std@@@2@XZ 0041ce90 f i libcpmtd:iostream.obj
 0001:0001beb0       ??0?$basic_istream@DU?$char_traits@D@std@@@std@@QAE@PAV?$basic_streambuf@DU?$char_traits@D@std@@@1@_N@Z 0041ceb0 f i libcpmtd:iostream.obj
 0001:0001bf50       ??0?$basic_istream@DU?$char_traits@D@std@@@std@@QAE@W4_Uninitialized@1@@Z 0041cf50 f i libcpmtd:iostream.obj
 0001:0001bfe0       ??1?$basic_istream@DU?$char_traits@D@std@@@std@@UAE@XZ 0041cfe0 f i libcpmtd:iostream.obj
 0001:0001c000       ??0?$basic_filebuf@DU?$char_traits@D@std@@@std@@QAE@PAU_iobuf@@@Z 0041d000 f i libcpmtd:iostream.obj
 0001:0001c070       ??0locale@std@@QAE@XZ      0041d070 f i libcpmtd:iostream.obj
 0001:0001c0b0       ?_Incref@facet@locale@std@@QAEXXZ 0041d0b0 f i libcpmtd:iostream.obj
 0001:0001c0f0       ??1locale@std@@QAE@XZ      0041d0f0 f i libcpmtd:iostream.obj
 0001:0001c140       ?_Decref@facet@locale@std@@QAEPAV123@XZ 0041d140 f i libcpmtd:iostream.obj
 0001:0001c1a0       ??1?$basic_streambuf@DU?$char_traits@D@std@@@std@@UAE@XZ 0041d1a0 f i libcpmtd:iostream.obj
 0001:0001c1c0       ?overflow@?$basic_streambuf@DU?$char_traits@D@std@@@std@@MAEHH@Z 0041d1c0 f i libcpmtd:iostream.obj
 0001:0001c1e0       ?eof@?$char_traits@D@std@@SAHXZ 0041d1e0 f i libcpmtd:iostream.obj
 0001:0001c1f0       ?pbackfail@?$basic_streambuf@DU?$char_traits@D@std@@@std@@MAEHH@Z 0041d1f0 f i libcpmtd:iostream.obj
 0001:0001c210       ?showmanyc@?$basic_streambuf@DU?$char_traits@D@std@@@std@@MAEHXZ 0041d210 f i libcpmtd:iostream.obj
 0001:0001c220       ?underflow@?$basic_streambuf@DU?$char_traits@D@std@@@std@@MAEHXZ 0041d220 f i libcpmtd:iostream.obj
 0001:0001c230       ?uflow@?$basic_streambuf@DU?$char_traits@D@std@@@std@@MAEHXZ 0041d230 f i libcpmtd:iostream.obj
 0001:0001c290       ?to_int_type@?$char_traits@D@std@@SAHABD@Z 0041d290 f i libcpmtd:iostream.obj
 0001:0001c2a0       ?eq_int_type@?$char_traits@D@std@@SA_NABH0@Z 0041d2a0 f i libcpmtd:iostream.obj
 0001:0001c2c0       ?xsgetn@?$basic_streambuf@DU?$char_traits@D@std@@@std@@MAEHPADH@Z 0041d2c0 f i libcpmtd:iostream.obj
 0001:0001c3c0       ?to_char_type@?$char_traits@D@std@@SADABH@Z 0041d3c0 f i libcpmtd:iostream.obj
 0001:0001c3d0       ?xsputn@?$basic_streambuf@DU?$char_traits@D@std@@@std@@MAEHPBDH@Z 0041d3d0 f i libcpmtd:iostream.obj
 0001:0001c4d0       ?seekoff@?$basic_streambuf@DU?$char_traits@D@std@@@std@@MAE?AV?$fpos@H@2@JW4seekdir@ios_base@2@H@Z 0041d4d0 f i libcpmtd:iostream.obj
 0001:0001c500       ?seekpos@?$basic_streambuf@DU?$char_traits@D@std@@@std@@MAE?AV?$fpos@H@2@V32@H@Z 0041d500 f i libcpmtd:iostream.obj
 0001:0001c530       ?setbuf@?$basic_streambuf@DU?$char_traits@D@std@@@std@@MAEPAV12@PADH@Z 0041d530 f i libcpmtd:iostream.obj
 0001:0001c540       ?sync@?$basic_streambuf@DU?$char_traits@D@std@@@std@@MAEHXZ 0041d540 f i libcpmtd:iostream.obj
 0001:0001c550       ?imbue@?$basic_streambuf@DU?$char_traits@D@std@@@std@@MAEXABVlocale@2@@Z 0041d550 f i libcpmtd:iostream.obj
 0001:0001c560       ??0?$basic_filebuf@DU?$char_traits@D@std@@@std@@QAE@W4_Uninitialized@1@@Z 0041d560 f i libcpmtd:iostream.obj
 0001:0001c5c0       ??0locale@std@@QAE@W4_Uninitialized@1@@Z 0041d5c0 f i libcpmtd:iostream.obj
 0001:0001c5d0       ??1?$basic_filebuf@DU?$char_traits@D@std@@@std@@UAE@XZ 0041d5d0 f i libcpmtd:iostream.obj
 0001:0001c670       ?overflow@?$basic_filebuf@DU?$char_traits@D@std@@@std@@MAEHH@Z 0041d670 f i libcpmtd:iostream.obj
 0001:0001c880       ?not_eof@?$char_traits@D@std@@SAHABH@Z 0041d880 f i libcpmtd:iostream.obj
 0001:0001c8b0       ?_Fputc@std@@YA_NDPAU_iobuf@@@Z 0041d8b0 f i libcpmtd:iostream.obj
 0001:0001c8d0       ?pbackfail@?$basic_filebuf@DU?$char_traits@D@std@@@std@@MAEHH@Z 0041d8d0 f i libcpmtd:iostream.obj
 0001:0001ca50       ?_Ungetc@std@@YA_NDPAU_iobuf@@@Z 0041da50 f i libcpmtd:iostream.obj
 0001:0001ca80       ?underflow@?$basic_filebuf@DU?$char_traits@D@std@@@std@@MAEHXZ 0041da80 f i libcpmtd:iostream.obj
 0001:0001cae0       ?uflow@?$basic_filebuf@DU?$char_traits@D@std@@@std@@MAEHXZ 0041dae0 f i libcpmtd:iostream.obj
 0001:0001cc80       ?_Fgetc@std@@YA_NAADPAU_iobuf@@@Z 0041dc80 f i libcpmtd:iostream.obj
 0001:0001ccb0       ?seekoff@?$basic_filebuf@DU?$char_traits@D@std@@@std@@MAE?AV?$fpos@H@2@JW4seekdir@ios_base@2@H@Z 0041dcb0 f i libcpmtd:iostream.obj
 0001:0001cd40       ?seekpos@?$basic_filebuf@DU?$char_traits@D@std@@@std@@MAE?AV?$fpos@H@2@V32@H@Z 0041dd40 f i libcpmtd:iostream.obj
 0001:0001ce40       ?setbuf@?$basic_filebuf@DU?$char_traits@D@std@@@std@@MAEPAV?$basic_streambuf@DU?$char_traits@D@std@@@2@PADH@Z 0041de40 f i libcpmtd:iostream.obj
 0001:0001ce90       ?sync@?$basic_filebuf@DU?$char_traits@D@std@@@std@@MAEHXZ 0041de90 f i libcpmtd:iostream.obj
 0001:0001ced0       ??_E?$basic_ostream@DU?$char_traits@D@std@@@std@@UAEPAXI@Z 0041ded0 f i libcpmtd:iostream.obj
 0001:0001ced0       ??_G?$basic_ostream@DU?$char_traits@D@std@@@std@@UAEPAXI@Z 0041ded0 f i libcpmtd:iostream.obj
 0001:0001cf10       ??_G?$basic_ios@DU?$char_traits@D@std@@@std@@UAEPAXI@Z 0041df10 f i libcpmtd:iostream.obj
 0001:0001cf10       ??_E?$basic_ios@DU?$char_traits@D@std@@@std@@UAEPAXI@Z 0041df10 f i libcpmtd:iostream.obj
 0001:0001cf40       ??_E?$basic_istream@DU?$char_traits@D@std@@@std@@UAEPAXI@Z 0041df40 f i libcpmtd:iostream.obj
 0001:0001cf40       ??_G?$basic_istream@DU?$char_traits@D@std@@@std@@UAEPAXI@Z 0041df40 f i libcpmtd:iostream.obj
 0001:0001cf80       ??_E?$basic_streambuf@DU?$char_traits@D@std@@@std@@UAEPAXI@Z 0041df80 f i libcpmtd:iostream.obj
 0001:0001cf80       ??_G?$basic_streambuf@DU?$char_traits@D@std@@@std@@UAEPAXI@Z 0041df80 f i libcpmtd:iostream.obj
 0001:0001cfb0       ??_E?$basic_filebuf@DU?$char_traits@D@std@@@std@@UAEPAXI@Z 0041dfb0 f i libcpmtd:iostream.obj
 0001:0001cfb0       ??_G?$basic_filebuf@DU?$char_traits@D@std@@@std@@UAEPAXI@Z 0041dfb0 f i libcpmtd:iostream.obj
 0001:0001cfe0       ??_G?$basic_string@DU?$char_traits@D@std@@V?$allocator@D@2@@std@@QAEPAXI@Z 0041dfe0 f i libcpmtd:iostream.obj
 0001:0001d010       ?append@?$basic_string@DU?$char_traits@D@std@@V?$allocator@D@2@@std@@QAEAAV12@ID@Z 0041e010 f i libcpmtd:iostream.obj
 0001:0001d090       ?begin@?$basic_string@DU?$char_traits@D@std@@V?$allocator@D@2@@std@@QAEPADXZ 0041e090 f i libcpmtd:iostream.obj
 0001:0001d0b0       ?end@?$basic_string@DU?$char_traits@D@std@@V?$allocator@D@2@@std@@QAEPADXZ 0041e0b0 f i libcpmtd:iostream.obj
 0001:0001d0e0       ?_Psum@?$basic_string@DU?$char_traits@D@std@@V?$allocator@D@2@@std@@CAPADPADI@Z 0041e0e0 f i libcpmtd:iostream.obj
 0001:0001d110       ?clear@?$basic_ios@DU?$char_traits@D@std@@@std@@QAEXH_N@Z 0041e110 f i libcpmtd:iostream.obj
 0001:0001d150       ?init@?$basic_ios@DU?$char_traits@D@std@@@std@@IAEXPAV?$basic_streambuf@DU?$char_traits@D@std@@@2@_N@Z 0041e150 f i libcpmtd:iostream.obj
 0001:0001d1c0       ??0?$basic_ios@DU?$char_traits@D@std@@@std@@IAE@XZ 0041e1c0 f i libcpmtd:iostream.obj
 0001:0001d1e0       ??0ios_base@std@@IAE@XZ    0041e1e0 f i libcpmtd:iostream.obj
 0001:0001d210       ??_Eios_base@std@@UAEPAXI@Z 0041e210 f i libcpmtd:iostream.obj
 0001:0001d210       ??_Gios_base@std@@UAEPAXI@Z 0041e210 f i libcpmtd:iostream.obj
 0001:0001d240       ??0?$fpos@H@std@@QAE@J@Z   0041e240 f i libcpmtd:iostream.obj
 0001:0001d290       ??0?$fpos@H@std@@QAE@H_J@Z 0041e290 f i libcpmtd:iostream.obj
 0001:0001d2d0       ?state@?$fpos@H@std@@QBEHXZ 0041e2d0 f i libcpmtd:iostream.obj
 0001:0001d2f0       ?get_fpos_t@?$fpos@H@std@@QBE_JXZ 0041e2f0 f i libcpmtd:iostream.obj
 0001:0001d310       ??B?$fpos@H@std@@QBEJXZ    0041e310 f i libcpmtd:iostream.obj
 0001:0001d330       ??0?$basic_streambuf@DU?$char_traits@D@std@@@std@@IAE@XZ 0041e330 f i libcpmtd:iostream.obj
 0001:0001d390       ??0?$basic_streambuf@DU?$char_traits@D@std@@@std@@IAE@W4_Uninitialized@1@@Z 0041e390 f i libcpmtd:iostream.obj
 0001:0001d3c0       ?pubsync@?$basic_streambuf@DU?$char_traits@D@std@@@std@@QAEHXZ 0041e3c0 f i libcpmtd:iostream.obj
 0001:0001d3e0       ?eback@?$basic_streambuf@DU?$char_traits@D@std@@@std@@IBEPADXZ 0041e3e0 f i libcpmtd:iostream.obj
 0001:0001d400       ?gptr@?$basic_streambuf@DU?$char_traits@D@std@@@std@@IBEPADXZ 0041e400 f i libcpmtd:iostream.obj
 0001:0001d420       ?pptr@?$basic_streambuf@DU?$char_traits@D@std@@@std@@IBEPADXZ 0041e420 f i libcpmtd:iostream.obj
 0001:0001d440       ?egptr@?$basic_streambuf@DU?$char_traits@D@std@@@std@@IBEPADXZ 0041e440 f i libcpmtd:iostream.obj
 0001:0001d460       ?gbump@?$basic_streambuf@DU?$char_traits@D@std@@@std@@IAEXH@Z 0041e460 f i libcpmtd:iostream.obj
 0001:0001d4a0       ?epptr@?$basic_streambuf@DU?$char_traits@D@std@@@std@@IBEPADXZ 0041e4a0 f i libcpmtd:iostream.obj
 0001:0001d4c0       ?_Gndec@?$basic_streambuf@DU?$char_traits@D@std@@@std@@IAEPADXZ 0041e4c0 f i libcpmtd:iostream.obj
 0001:0001d500       ?_Gninc@?$basic_streambuf@DU?$char_traits@D@std@@@std@@IAEPADXZ 0041e500 f i libcpmtd:iostream.obj
 0001:0001d540       ?pbump@?$basic_streambuf@DU?$char_traits@D@std@@@std@@IAEXH@Z 0041e540 f i libcpmtd:iostream.obj
 0001:0001d580       ?_Pninc@?$basic_streambuf@DU?$char_traits@D@std@@@std@@IAEPADXZ 0041e580 f i libcpmtd:iostream.obj
 0001:0001d5c0       ?close@?$basic_filebuf@DU?$char_traits@D@std@@@std@@QAEPAV12@XZ 0041e5c0 f i libcpmtd:iostream.obj
 0001:0001d600       ?_Init@?$basic_filebuf@DU?$char_traits@D@std@@@std@@IAEXPAU_iobuf@@W4_Initfl@12@@Z 0041e600 f i libcpmtd:iostream.obj
 0001:0001d6e0       ?in@?$codecvt@DDH@std@@QBEHAAHPBD1AAPBDPAD3AAPAD@Z 0041e6e0 f i libcpmtd:iostream.obj
 0001:0001d720       ?out@?$codecvt@DDH@std@@QBEHAAHPBD1AAPBDPAD3AAPAD@Z 0041e720 f i libcpmtd:iostream.obj
 0001:0001d760       ?_Init@?$basic_streambuf@DU?$char_traits@D@std@@@std@@IAEXXZ 0041e760 f i libcpmtd:iostream.obj
 0001:0001d7d0       ?_Init@?$basic_streambuf@DU?$char_traits@D@std@@@std@@IAEXPAPAD0PAH001@Z 0041e7d0 f i libcpmtd:iostream.obj
 0001:0001d820       ?setg@?$basic_streambuf@DU?$char_traits@D@std@@@std@@IAEXPAD00@Z 0041e820 f i libcpmtd:iostream.obj
 0001:0001d860       ?setp@?$basic_streambuf@DU?$char_traits@D@std@@@std@@IAEXPAD0@Z 0041e860 f i libcpmtd:iostream.obj
 0001:0001d8a0       ?_Ungetc@std@@YA_NABDPAU_iobuf@@I@Z 0041e8a0 f i libcpmtd:iostream.obj
 0001:0001d920       ?_Widen@std@@YADDPAD@Z     0041e920 f i libcpmtd:iostream.obj
 0001:0001d970       ?id@?$collate@D@std@@$D    0041e970 f i libcpmtd:iostream.obj
 0001:0001d9c0       ?id@?$collate@D@std@@$E    0041e9c0 f i libcpmtd:iostream.obj
 0001:0001dbf0       ??_D?$basic_istream@GU?$char_traits@G@std@@@std@@QAEXXZ 0041ebf0 f i libcpmtd:wiostrea.obj
 0001:0001dc80       ??_D?$basic_ostream@GU?$char_traits@G@std@@@std@@QAEXXZ 0041ec80 f i libcpmtd:wiostrea.obj
 0001:0001dd70       ??0_Winit@std@@QAE@XZ      0041ed70 f   libcpmtd:wiostrea.obj
 0001:0001e050       ??1_Winit@std@@QAE@XZ      0041f050 f   libcpmtd:wiostrea.obj
 0001:0001e0c0       ??0?$basic_ostream@GU?$char_traits@G@std@@@std@@QAE@PAV?$basic_streambuf@GU?$char_traits@G@std@@@1@_N1@Z 0041f0c0 f i libcpmtd:wiostrea.obj
 0001:0001e170       ??0?$basic_ostream@GU?$char_traits@G@std@@@std@@QAE@W4_Uninitialized@1@@Z 0041f170 f i libcpmtd:wiostrea.obj
 0001:0001e200       ??1?$basic_ostream@GU?$char_traits@G@std@@@std@@UAE@XZ 0041f200 f i libcpmtd:wiostrea.obj
 0001:0001e220       ?flush@?$basic_ostream@GU?$char_traits@G@std@@@std@@QAEAAV12@XZ 0041f220 f i libcpmtd:wiostrea.obj
 0001:0001e290       ??1?$basic_ios@GU?$char_traits@G@std@@@std@@UAE@XZ 0041f290 f i libcpmtd:wiostrea.obj
 0001:0001e2b0       ?setstate@?$basic_ios@GU?$char_traits@G@std@@@std@@QAEXH_N@Z 0041f2b0 f i libcpmtd:wiostrea.obj
 0001:0001e2e0       ?tie@?$basic_ios@GU?$char_traits@G@std@@@std@@QAEPAV?$basic_ostream@GU?$char_traits@G@std@@@2@PAV32@@Z 0041f2e0 f i libcpmtd:wiostrea.obj
 0001:0001e310       ?rdbuf@?$basic_ios@GU?$char_traits@G@std@@@std@@QBEPAV?$basic_streambuf@GU?$char_traits@G@std@@@2@XZ 0041f310 f i libcpmtd:wiostrea.obj
 0001:0001e330       ??0?$basic_istream@GU?$char_traits@G@std@@@std@@QAE@PAV?$basic_streambuf@GU?$char_traits@G@std@@@1@_N@Z 0041f330 f i libcpmtd:wiostrea.obj
 0001:0001e3d0       ??0?$basic_istream@GU?$char_traits@G@std@@@std@@QAE@W4_Uninitialized@1@@Z 0041f3d0 f i libcpmtd:wiostrea.obj
 0001:0001e460       ??1?$basic_istream@GU?$char_traits@G@std@@@std@@UAE@XZ 0041f460 f i libcpmtd:wiostrea.obj
 0001:0001e480       ??0?$basic_filebuf@GU?$char_traits@G@std@@@std@@QAE@PAU_iobuf@@@Z 0041f480 f i libcpmtd:wiostrea.obj
 0001:0001e4f0       ??1?$basic_streambuf@GU?$char_traits@G@std@@@std@@UAE@XZ 0041f4f0 f i libcpmtd:wiostrea.obj
 0001:0001e510       ?overflow@?$basic_streambuf@GU?$char_traits@G@std@@@std@@MAEGG@Z 0041f510 f i libcpmtd:wiostrea.obj
 0001:0001e530       ?eof@?$char_traits@G@std@@SAGXZ 0041f530 f i libcpmtd:wiostrea.obj
 0001:0001e540       ?pbackfail@?$basic_streambuf@GU?$char_traits@G@std@@@std@@MAEGG@Z 0041f540 f i libcpmtd:wiostrea.obj
 0001:0001e560       ?showmanyc@?$basic_streambuf@GU?$char_traits@G@std@@@std@@MAEHXZ 0041f560 f i libcpmtd:wiostrea.obj
 0001:0001e570       ?underflow@?$basic_streambuf@GU?$char_traits@G@std@@@std@@MAEGXZ 0041f570 f i libcpmtd:wiostrea.obj
 0001:0001e580       ?uflow@?$basic_streambuf@GU?$char_traits@G@std@@@std@@MAEGXZ 0041f580 f i libcpmtd:wiostrea.obj
 0001:0001e5f0       ?to_int_type@?$char_traits@G@std@@SAGABG@Z 0041f5f0 f i libcpmtd:wiostrea.obj
 0001:0001e600       ?eq_int_type@?$char_traits@G@std@@SA_NABG0@Z 0041f600 f i libcpmtd:wiostrea.obj
 0001:0001e620       ?xsgetn@?$basic_streambuf@GU?$char_traits@G@std@@@std@@MAEHPAGH@Z 0041f620 f i libcpmtd:wiostrea.obj
 0001:0001e730       ?copy@?$char_traits@G@std@@SAPAGPAGPBGI@Z 0041f730 f i libcpmtd:wiostrea.obj
 0001:0001e750       _wmemcpy                   0041f750 f i libcpmtd:wiostrea.obj
 0001:0001e7a0       ?to_char_type@?$char_traits@G@std@@SAGABG@Z 0041f7a0 f i libcpmtd:wiostrea.obj
 0001:0001e7b0       ?xsputn@?$basic_streambuf@GU?$char_traits@G@std@@@std@@MAEHPBGH@Z 0041f7b0 f i libcpmtd:wiostrea.obj
 0001:0001e8c0       ?seekoff@?$basic_streambuf@GU?$char_traits@G@std@@@std@@MAE?AV?$fpos@H@2@JW4seekdir@ios_base@2@H@Z 0041f8c0 f i libcpmtd:wiostrea.obj
 0001:0001e8f0       ?seekpos@?$basic_streambuf@GU?$char_traits@G@std@@@std@@MAE?AV?$fpos@H@2@V32@H@Z 0041f8f0 f i libcpmtd:wiostrea.obj
 0001:0001e920       ?setbuf@?$basic_streambuf@GU?$char_traits@G@std@@@std@@MAEPAV12@PAGH@Z 0041f920 f i libcpmtd:wiostrea.obj
 0001:0001e930       ?sync@?$basic_streambuf@GU?$char_traits@G@std@@@std@@MAEHXZ 0041f930 f i libcpmtd:wiostrea.obj
 0001:0001e940       ?imbue@?$basic_streambuf@GU?$char_traits@G@std@@@std@@MAEXABVlocale@2@@Z 0041f940 f i libcpmtd:wiostrea.obj
 0001:0001e950       ??0?$basic_filebuf@GU?$char_traits@G@std@@@std@@QAE@W4_Uninitialized@1@@Z 0041f950 f i libcpmtd:wiostrea.obj
 0001:0001e9b0       ??1?$basic_filebuf@GU?$char_traits@G@std@@@std@@UAE@XZ 0041f9b0 f i libcpmtd:wiostrea.obj
 0001:0001ea50       ?overflow@?$basic_filebuf@GU?$char_traits@G@std@@@std@@MAEGG@Z 0041fa50 f i libcpmtd:wiostrea.obj
 0001:0001ec70       ?not_eof@?$char_traits@G@std@@SAGABG@Z 0041fc70 f i libcpmtd:wiostrea.obj
 0001:0001ecc0       ?out@?$codecvt@GDH@std@@QBEHAAHPBG1AAPBGPAD3AAPAD@Z 0041fcc0 f i libcpmtd:wiostrea.obj
 0001:0001ed00       ?_Fputc@std@@YA_NGPAU_iobuf@@@Z 0041fd00 f i libcpmtd:wiostrea.obj
 0001:0001ed30       ?pbackfail@?$basic_filebuf@GU?$char_traits@G@std@@@std@@MAEGG@Z 0041fd30 f i libcpmtd:wiostrea.obj
 0001:0001eec0       ?_Ungetc@std@@YA_NGPAU_iobuf@@@Z 0041fec0 f i libcpmtd:wiostrea.obj
 0001:0001eef0       ?underflow@?$basic_filebuf@GU?$char_traits@G@std@@@std@@MAEGXZ 0041fef0 f i libcpmtd:wiostrea.obj
 0001:0001ef50       ?uflow@?$basic_filebuf@GU?$char_traits@G@std@@@std@@MAEGXZ 0041ff50 f i libcpmtd:wiostrea.obj
 0001:0001f0f0       ?in@?$codecvt@GDH@std@@QBEHAAHPBD1AAPBDPAG3AAPAG@Z 004200f0 f i libcpmtd:wiostrea.obj
 0001:0001f130       ?_Fgetc@std@@YA_NAAGPAU_iobuf@@@Z 00420130 f i libcpmtd:wiostrea.obj
 0001:0001f170       ?seekoff@?$basic_filebuf@GU?$char_traits@G@std@@@std@@MAE?AV?$fpos@H@2@JW4seekdir@ios_base@2@H@Z 00420170 f i libcpmtd:wiostrea.obj
 0001:0001f200       ?seekpos@?$basic_filebuf@GU?$char_traits@G@std@@@std@@MAE?AV?$fpos@H@2@V32@H@Z 00420200 f i libcpmtd:wiostrea.obj
 0001:0001f300       ?setbuf@?$basic_filebuf@GU?$char_traits@G@std@@@std@@MAEPAV?$basic_streambuf@GU?$char_traits@G@std@@@2@PAGH@Z 00420300 f i libcpmtd:wiostrea.obj
 0001:0001f350       ?sync@?$basic_filebuf@GU?$char_traits@G@std@@@std@@MAEHXZ 00420350 f i libcpmtd:wiostrea.obj
 0001:0001f390       ??_G?$basic_ostream@GU?$char_traits@G@std@@@std@@UAEPAXI@Z 00420390 f i libcpmtd:wiostrea.obj
 0001:0001f390       ??_E?$basic_ostream@GU?$char_traits@G@std@@@std@@UAEPAXI@Z 00420390 f i libcpmtd:wiostrea.obj
 0001:0001f3d0       ??_G?$basic_ios@GU?$char_traits@G@std@@@std@@UAEPAXI@Z 004203d0 f i libcpmtd:wiostrea.obj
 0001:0001f3d0       ??_E?$basic_ios@GU?$char_traits@G@std@@@std@@UAEPAXI@Z 004203d0 f i libcpmtd:wiostrea.obj
 0001:0001f400       ??_G?$basic_istream@GU?$char_traits@G@std@@@std@@UAEPAXI@Z 00420400 f i libcpmtd:wiostrea.obj
 0001:0001f400       ??_E?$basic_istream@GU?$char_traits@G@std@@@std@@UAEPAXI@Z 00420400 f i libcpmtd:wiostrea.obj
 0001:0001f440       ??_E?$basic_streambuf@GU?$char_traits@G@std@@@std@@UAEPAXI@Z 00420440 f i libcpmtd:wiostrea.obj
 0001:0001f440       ??_G?$basic_streambuf@GU?$char_traits@G@std@@@std@@UAEPAXI@Z 00420440 f i libcpmtd:wiostrea.obj
 0001:0001f470       ??_G?$basic_filebuf@GU?$char_traits@G@std@@@std@@UAEPAXI@Z 00420470 f i libcpmtd:wiostrea.obj
 0001:0001f470       ??_E?$basic_filebuf@GU?$char_traits@G@std@@@std@@UAEPAXI@Z 00420470 f i libcpmtd:wiostrea.obj
 0001:0001f4a0       ?clear@?$basic_ios@GU?$char_traits@G@std@@@std@@QAEXH_N@Z 004204a0 f i libcpmtd:wiostrea.obj
 0001:0001f4e0       ?init@?$basic_ios@GU?$char_traits@G@std@@@std@@IAEXPAV?$basic_streambuf@GU?$char_traits@G@std@@@2@_N@Z 004204e0 f i libcpmtd:wiostrea.obj
 0001:0001f550       ?_Widen@std@@YAGDPAG@Z     00420550 f i libcpmtd:wiostrea.obj
 0001:0001f570       ??0?$basic_ios@GU?$char_traits@G@std@@@std@@IAE@XZ 00420570 f i libcpmtd:wiostrea.obj
 0001:0001f590       ??0?$basic_streambuf@GU?$char_traits@G@std@@@std@@IAE@XZ 00420590 f i libcpmtd:wiostrea.obj
 0001:0001f5f0       ??0?$basic_streambuf@GU?$char_traits@G@std@@@std@@IAE@W4_Uninitialized@1@@Z 004205f0 f i libcpmtd:wiostrea.obj
 0001:0001f620       ?pubsync@?$basic_streambuf@GU?$char_traits@G@std@@@std@@QAEHXZ 00420620 f i libcpmtd:wiostrea.obj
 0001:0001f640       ?eback@?$basic_streambuf@GU?$char_traits@G@std@@@std@@IBEPAGXZ 00420640 f i libcpmtd:wiostrea.obj
 0001:0001f660       ?gptr@?$basic_streambuf@GU?$char_traits@G@std@@@std@@IBEPAGXZ 00420660 f i libcpmtd:wiostrea.obj
 0001:0001f680       ?pptr@?$basic_streambuf@GU?$char_traits@G@std@@@std@@IBEPAGXZ 00420680 f i libcpmtd:wiostrea.obj
 0001:0001f6a0       ?egptr@?$basic_streambuf@GU?$char_traits@G@std@@@std@@IBEPAGXZ 004206a0 f i libcpmtd:wiostrea.obj
 0001:0001f6c0       ?gbump@?$basic_streambuf@GU?$char_traits@G@std@@@std@@IAEXH@Z 004206c0 f i libcpmtd:wiostrea.obj
 0001:0001f700       ?epptr@?$basic_streambuf@GU?$char_traits@G@std@@@std@@IBEPAGXZ 00420700 f i libcpmtd:wiostrea.obj
 0001:0001f720       ?_Gndec@?$basic_streambuf@GU?$char_traits@G@std@@@std@@IAEPAGXZ 00420720 f i libcpmtd:wiostrea.obj
 0001:0001f760       ?_Gninc@?$basic_streambuf@GU?$char_traits@G@std@@@std@@IAEPAGXZ 00420760 f i libcpmtd:wiostrea.obj
 0001:0001f7a0       ?pbump@?$basic_streambuf@GU?$char_traits@G@std@@@std@@IAEXH@Z 004207a0 f i libcpmtd:wiostrea.obj
 0001:0001f7e0       ?_Pninc@?$basic_streambuf@GU?$char_traits@G@std@@@std@@IAEPAGXZ 004207e0 f i libcpmtd:wiostrea.obj
 0001:0001f820       ?close@?$basic_filebuf@GU?$char_traits@G@std@@@std@@QAEPAV12@XZ 00420820 f i libcpmtd:wiostrea.obj
 0001:0001f860       ?_Init@?$basic_filebuf@GU?$char_traits@G@std@@@std@@IAEXPAU_iobuf@@W4_Initfl@12@@Z 00420860 f i libcpmtd:wiostrea.obj
 0001:0001f940       ?_Init@?$basic_streambuf@GU?$char_traits@G@std@@@std@@IAEXXZ 00420940 f i libcpmtd:wiostrea.obj
 0001:0001f9b0       ?_Init@?$basic_streambuf@GU?$char_traits@G@std@@@std@@IAEXPAPAG0PAH001@Z 004209b0 f i libcpmtd:wiostrea.obj
 0001:0001fa00       ?setg@?$basic_streambuf@GU?$char_traits@G@std@@@std@@IAEXPAG00@Z 00420a00 f i libcpmtd:wiostrea.obj
 0001:0001fa40       ?setp@?$basic_streambuf@GU?$char_traits@G@std@@@std@@IAEXPAG0@Z 00420a40 f i libcpmtd:wiostrea.obj
 0001:0001fae0       ?_Xlen@std@@YAXXZ          00420ae0 f   libcpmtd:string.obj
 0001:0001fb40       ??0logic_error@std@@QAE@ABV01@@Z 00420b40 f i libcpmtd:string.obj
 0001:0001fbb0       ?what@logic_error@std@@UBEPBDXZ 00420bb0 f i libcpmtd:string.obj
 0001:0001fbd0       ?_Doraise@logic_error@std@@MBEXXZ 00420bd0 f i libcpmtd:string.obj
 0001:0001fc00       ??1logic_error@std@@UAE@XZ 00420c00 f i libcpmtd:string.obj
 0001:0001fc60       ??_Glogic_error@std@@UAEPAXI@Z 00420c60 f i libcpmtd:string.obj
 0001:0001fc60       ??_Elogic_error@std@@UAEPAXI@Z 00420c60 f i libcpmtd:string.obj
 0001:0001fc90       ??0length_error@std@@QAE@ABV?$basic_string@DU?$char_traits@D@std@@V?$allocator@D@2@@1@@Z 00420c90 f i libcpmtd:string.obj
 0001:0001fcc0       ??0logic_error@std@@QAE@ABV?$basic_string@DU?$char_traits@D@std@@V?$allocator@D@2@@1@@Z 00420cc0 f i libcpmtd:string.obj
 0001:0001fd30       ??1length_error@std@@UAE@XZ 00420d30 f i libcpmtd:string.obj
 0001:0001fd50       ?_Doraise@length_error@std@@MBEXXZ 00420d50 f i libcpmtd:string.obj
 0001:0001fd80       ??_Glength_error@std@@UAEPAXI@Z 00420d80 f i libcpmtd:string.obj
 0001:0001fd80       ??_Elength_error@std@@UAEPAXI@Z 00420d80 f i libcpmtd:string.obj
 0001:0001fdb0       ??0length_error@std@@QAE@ABV01@@Z 00420db0 f i libcpmtd:string.obj
 0001:0001fde0       ?_Xran@std@@YAXXZ          00420de0 f   libcpmtd:string.obj
 0001:0001fe40       ??0out_of_range@std@@QAE@ABV?$basic_string@DU?$char_traits@D@std@@V?$allocator@D@2@@1@@Z 00420e40 f i libcpmtd:string.obj
 0001:0001fe70       ??1out_of_range@std@@UAE@XZ 00420e70 f i libcpmtd:string.obj
 0001:0001fe90       ?_Doraise@out_of_range@std@@MBEXXZ 00420e90 f i libcpmtd:string.obj
 0001:0001fec0       ??_Gout_of_range@std@@UAEPAXI@Z 00420ec0 f i libcpmtd:string.obj
 0001:0001fec0       ??_Eout_of_range@std@@UAEPAXI@Z 00420ec0 f i libcpmtd:string.obj
 0001:0001fef0       ??0out_of_range@std@@QAE@ABV01@@Z 00420ef0 f i libcpmtd:string.obj
 0001:0001ff80       ??3@YAXPAX@Z               00420f80 f   libcpmtd:delop.obj
 0001:0001ffa0       ??0_Lockit@std@@QAE@XZ     00420fa0 f   libcpmtd:xlock.obj
 0001:00020080       ??1_Lockit@std@@QAE@XZ     00421080 f   libcpmtd:xlock.obj
 0001:000200a0       ?clear@ios_base@std@@QAEXH_N@Z 004210a0 f   libcpmtd:ios.obj
 0001:00020180       ??0runtime_error@std@@QAE@ABV01@@Z 00421180 f i libcpmtd:ios.obj
 0001:000201f0       ?what@runtime_error@std@@UBEPBDXZ 004211f0 f i libcpmtd:ios.obj
 0001:00020210       ?_Doraise@runtime_error@std@@MBEXXZ 00421210 f i libcpmtd:ios.obj
 0001:00020240       ??1runtime_error@std@@UAE@XZ 00421240 f i libcpmtd:ios.obj
 0001:000202a0       ??_Eruntime_error@std@@UAEPAXI@Z 004212a0 f i libcpmtd:ios.obj
 0001:000202a0       ??_Gruntime_error@std@@UAEPAXI@Z 004212a0 f i libcpmtd:ios.obj
 0001:000202d0       ??0failure@ios_base@std@@QAE@ABV?$basic_string@DU?$char_traits@D@std@@V?$allocator@D@2@@2@@Z 004212d0 f i libcpmtd:ios.obj
 0001:00020300       ??0runtime_error@std@@QAE@ABV?$basic_string@DU?$char_traits@D@std@@V?$allocator@D@2@@1@@Z 00421300 f i libcpmtd:ios.obj
 0001:00020370       ??1failure@ios_base@std@@UAE@XZ 00421370 f i libcpmtd:ios.obj
 0001:00020390       ?_Doraise@failure@ios_base@std@@MBEXXZ 00421390 f i libcpmtd:ios.obj
 0001:000203c0       ??_Efailure@ios_base@std@@UAEPAXI@Z 004213c0 f i libcpmtd:ios.obj
 0001:000203c0       ??_Gfailure@ios_base@std@@UAEPAXI@Z 004213c0 f i libcpmtd:ios.obj
 0001:000203f0       ??0failure@ios_base@std@@QAE@ABV012@@Z 004213f0 f i libcpmtd:ios.obj
 0001:00020420       ?copyfmt@ios_base@std@@QAEAAV12@ABV12@@Z 00421420 f   libcpmtd:ios.obj
 0001:00020500       ??4locale@std@@QAEAAV01@ABV01@@Z 00421500 f i libcpmtd:ios.obj
 0001:00020570       ?exceptions@ios_base@std@@QAEXH@Z 00421570 f i libcpmtd:ios.obj
 0001:000205a0       ?iword@ios_base@std@@QAEAAJH@Z 004215a0 f i libcpmtd:ios.obj
 0001:000205c0       ?pword@ios_base@std@@QAEAAPAXH@Z 004215c0 f i libcpmtd:ios.obj
 0001:000205e0       ?imbue@ios_base@std@@QAE?AVlocale@2@ABV32@@Z 004215e0 f   libcpmtd:ios.obj
 0001:00020670       ??0locale@std@@QAE@ABV01@@Z 00421670 f i libcpmtd:ios.obj
 0001:000206a0       ?register_callback@ios_base@std@@QAEXP6AXW4event@12@AAV12@H@ZH@Z 004216a0 f   libcpmtd:ios.obj
 0001:00020730       ??0_Fnarray@ios_base@std@@QAE@HP6AXW4event@12@AAV12@H@ZPAU012@@Z 00421730 f i libcpmtd:ios.obj
 0001:00020760       ??1ios_base@std@@UAE@XZ    00421760 f   libcpmtd:ios.obj
 0001:000207f0       ?_Callfns@ios_base@std@@AAEXW4event@12@@Z 004217f0 f   libcpmtd:ios.obj
 0001:00020840       ?_Findarr@ios_base@std@@AAEAAU_Iosarray@12@H@Z 00421840 f   libcpmtd:ios.obj
 0001:00020970       ??0_Iosarray@ios_base@std@@QAE@HPAU012@@Z 00421970 f i libcpmtd:ios.obj
 0001:000209b0       ?_Addstd@ios_base@std@@IAEXXZ 004219b0 f   libcpmtd:ios.obj
 0001:00020a40       ?_Init@ios_base@std@@IAEXXZ 00421a40 f   libcpmtd:ios.obj
 0001:00020ad0       ?_Tidy@ios_base@std@@AAEXXZ 00421ad0 f   libcpmtd:ios.obj
 0001:00020bd0       ?classic@locale@std@@SAABV12@XZ 00421bd0 f   libcpmtd:locale0.obj
 0001:00020c00       ?empty@locale@std@@SA?AV12@XZ 00421c00 f   libcpmtd:locale0.obj
 0001:00020c90       ??0locale@std@@AAE@PAV_Locimp@01@@Z 00421c90 f i libcpmtd:locale0.obj
 0001:00020cb0       ?_Getfacet@locale@std@@QBEPBVfacet@12@I_N@Z 00421cb0 f   libcpmtd:locale0.obj
 0001:00020d60       ?_Iscloc@locale@std@@QBE_NXZ 00421d60 f   libcpmtd:locale0.obj
 0001:00020dc0       ??8locale@std@@QBE_NABV01@@Z 00421dc0 f   libcpmtd:locale0.obj
 0001:00020ee0       ?name@locale@std@@QBE?AV?$basic_string@DU?$char_traits@D@std@@V?$allocator@D@2@@2@XZ 00421ee0 f i libcpmtd:locale0.obj
 0001:00020f20       ?_Init@locale@std@@CAPAV_Locimp@12@XZ 00421f20 f   libcpmtd:locale0.obj
 0001:00021050       ?_Tidy@locale@std@@CAXXZ   00422050 f   libcpmtd:locale0.obj
 0001:000210e0       ??0_Locimp@locale@std@@AAE@_N@Z 004220e0 f   libcpmtd:locale0.obj
 0001:00021170       ??1facet@locale@std@@UAE@XZ 00422170 f i libcpmtd:locale0.obj
 0001:00021190       ??0facet@locale@std@@IAE@I@Z 00422190 f i libcpmtd:locale0.obj
 0001:000211c0       ??_Efacet@locale@std@@UAEPAXI@Z 004221c0 f i libcpmtd:locale0.obj
 0001:000211c0       ??_Gfacet@locale@std@@UAEPAXI@Z 004221c0 f i libcpmtd:locale0.obj
 0001:000211f0       ??_E_Locimp@locale@std@@UAEPAXI@Z 004221f0 f i libcpmtd:locale0.obj
 0001:000211f0       ??_G_Locimp@locale@std@@UAEPAXI@Z 004221f0 f i libcpmtd:locale0.obj
 0001:00021220       ??1_Locimp@locale@std@@UAE@XZ 00422220 f   libcpmtd:locale0.obj
 0001:00021310       ??4?$basic_string@DU?$char_traits@D@std@@V?$allocator@D@2@@std@@QAEAAV01@PBD@Z 00422310 f i libcpmtd:locale0.obj
 0001:00021330       ?compare@?$basic_string@DU?$char_traits@D@std@@V?$allocator@D@2@@std@@QBEHABV12@@Z 00422330 f i libcpmtd:locale0.obj
 0001:00021360       ?compare@?$basic_string@DU?$char_traits@D@std@@V?$allocator@D@2@@std@@QBEHPBD@Z 00422360 f i libcpmtd:locale0.obj
 0001:00021390       ?compare@?$basic_string@DU?$char_traits@D@std@@V?$allocator@D@2@@std@@QBEHIIPBDI@Z 00422390 f i libcpmtd:locale0.obj
 0001:00021440       ?compare@?$char_traits@D@std@@SAHPBD0I@Z 00422440 f i libcpmtd:locale0.obj
 0001:000214c0       __Mbrtowc                  004224c0 f   libcpmtd:xmbtowc.obj
 0001:00021760       _btowc                     00422760 f   libcpmtd:xmbtowc.obj
 0001:000217c0       _mbrlen                    004227c0 f   libcpmtd:xmbtowc.obj
 0001:00021860       _mbrtowc                   00422860 f   libcpmtd:xmbtowc.obj
 0001:00021940       _mbsrtowcs                 00422940 f   libcpmtd:xmbtowc.obj
 0001:00021ad0       ?_Nomemory@std@@YAXXZ      00422ad0 f   libcpmtd:nomemory.obj
 0001:00021b30       ??0bad_alloc@std@@QAE@PBD@Z 00422b30 f i libcpmtd:nomemory.obj
 0001:00021b60       ??1bad_alloc@std@@UAE@XZ   00422b60 f i libcpmtd:nomemory.obj
 0001:00021b80       ?_Doraise@bad_alloc@std@@MBEXXZ 00422b80 f i libcpmtd:nomemory.obj
 0001:00021bb0       ??_Ebad_alloc@std@@UAEPAXI@Z 00422bb0 f i libcpmtd:nomemory.obj
 0001:00021bb0       ??_Gbad_alloc@std@@UAEPAXI@Z 00422bb0 f i libcpmtd:nomemory.obj
 0001:00021be0       ??0bad_alloc@std@@QAE@ABV01@@Z 00422be0 f i libcpmtd:nomemory.obj
 0001:00021c20       _strncat                   00422c20 f   LIBCMTD:strncat.obj
 0001:00021d50       _sprintf                   00422d50 f   LIBCMTD:sprintf.obj
 0001:00021e50       _strrchr                   00422e50 f   LIBCMTD:strrchr.obj
 0001:00021e80       _strncpy                   00422e80 f   LIBCMTD:strncpy.obj
 0001:00021f80       _memcpy                    00422f80 f   LIBCMTD:memcpy.obj
 0001:000222c0       _srand                     004232c0 f   LIBCMTD:rand.obj
 0001:000222d0       _rand                      004232d0 f   LIBCMTD:rand.obj
 0001:00022310       _sscanf                    00423310 f   LIBCMTD:sscanf.obj
 0001:000223d0       _strlen                    004233d0 f   LIBCMTD:strlen.obj
 0001:00022450       _memset                    00423450 f   LIBCMTD:memset.obj
 0001:000224b0       __alloca_probe             004234b0 f   LIBCMTD:chkstk.obj
 0001:000224b0       __chkstk                   004234b0 f   LIBCMTD:chkstk.obj
 0001:000224e0       __onexit                   004234e0 f   LIBCMTD:onexit.obj
 0001:000225a0       _atexit                    004235a0 f   LIBCMTD:onexit.obj
 0001:000225c0       ___onexitinit              004235c0 f   LIBCMTD:onexit.obj
 0001:00022610       _strcmp                    00423610 f   LIBCMTD:strcmp.obj
 0001:000226a0       __snprintf                 004236a0 f   LIBCMTD:snprintf.obj
 0001:000227a0       __vsnprintf                004237a0 f   LIBCMTD:vsnprint.obj
 0001:000228a0       _atol                      004238a0 f   LIBCMTD:atox.obj
 0001:000229a0       _atoi                      004239a0 f   LIBCMTD:atox.obj
 0001:000229c0       __atoi64                   004239c0 f   LIBCMTD:atox.obj
 0001:00022af0       _setvbuf                   00423af0 f   LIBCMTD:setvbuf.obj
 0001:00022c60       ___initstdio               00423c60 f   LIBCMTD:_file.obj
 0001:00022d90       ___endstdio                00423d90 f   LIBCMTD:_file.obj
 0001:00022db0       __lock_file                00423db0 f   LIBCMTD:_file.obj
 0001:00022df0       __lock_file2               00423df0 f   LIBCMTD:_file.obj
 0001:00022e20       __unlock_file              00423e20 f   LIBCMTD:_file.obj
 0001:00022e60       __unlock_file2             00423e60 f   LIBCMTD:_file.obj
 0001:00022e90       __fdopen                   00423e90 f   LIBCMTD:fdopen.obj
 0001:00023170       __alloc_osfhnd             00424170 f   LIBCMTD:osfinfo.obj
 0001:00023360       __set_osfhnd               00424360 f   LIBCMTD:osfinfo.obj
 0001:00023420       __free_osfhnd              00424420 f   LIBCMTD:osfinfo.obj
 0001:00023500       __get_osfhandle            00424500 f   LIBCMTD:osfinfo.obj
 0001:00023570       __open_osfhandle           00424570 f   LIBCMTD:osfinfo.obj
 0001:00023680       __lock_fhandle             00424680 f   LIBCMTD:osfinfo.obj
 0001:00023710       __unlock_fhandle           00424710 f   LIBCMTD:osfinfo.obj
 0001:00023740       _malloc                    00424740 f   LIBCMTD:dbgheap.obj
 0001:00023760       __malloc_dbg               00424760 f   LIBCMTD:dbgheap.obj
 0001:00023790       __nh_malloc                00424790 f   LIBCMTD:dbgheap.obj
 0001:000237b0       __nh_malloc_dbg            004247b0 f   LIBCMTD:dbgheap.obj
 0001:00023810       __heap_alloc               00424810 f   LIBCMTD:dbgheap.obj
 0001:00023830       __heap_alloc_dbg           00424830 f   LIBCMTD:dbgheap.obj
 0001:00023b50       _calloc                    00424b50 f   LIBCMTD:dbgheap.obj
 0001:00023b70       __calloc_dbg               00424b70 f   LIBCMTD:dbgheap.obj
 0001:00023bd0       _realloc                   00424bd0 f   LIBCMTD:dbgheap.obj
 0001:00023bf0       __realloc_dbg              00424bf0 f   LIBCMTD:dbgheap.obj
 0001:00024150       __expand                   00425150 f   LIBCMTD:dbgheap.obj
 0001:00024170       __expand_dbg               00425170 f   LIBCMTD:dbgheap.obj
 0001:000241b0       _free                      004251b0 f   LIBCMTD:dbgheap.obj
 0001:000241d0       __free_lk                  004251d0 f   LIBCMTD:dbgheap.obj
 0001:000241f0       __free_dbg                 004251f0 f   LIBCMTD:dbgheap.obj
 0001:00024220       __free_dbg_lk              00425220 f   LIBCMTD:dbgheap.obj
 0001:00024610       __msize                    00425610 f   LIBCMTD:dbgheap.obj
 0001:00024630       __msize_dbg                00425630 f   LIBCMTD:dbgheap.obj
 0001:00024790       __CrtSetBreakAlloc         00425790 f   LIBCMTD:dbgheap.obj
 0001:000247b0       __CrtSetDbgBlockType       004257b0 f   LIBCMTD:dbgheap.obj
 0001:00024850       __CrtSetAllocHook          00425850 f   LIBCMTD:dbgheap.obj
 0001:00024900       __CrtCheckMemory           00425900 f   LIBCMTD:dbgheap.obj
 0001:00024c70       __CrtSetDbgFlag            00425c70 f   LIBCMTD:dbgheap.obj
 0001:00024ca0       __CrtDoForAllClientObjects 00425ca0 f   LIBCMTD:dbgheap.obj
 0001:00024d10       __CrtIsValidPointer        00425d10 f   LIBCMTD:dbgheap.obj
 0001:00024d60       __CrtIsValidHeapPointer    00425d60 f   LIBCMTD:dbgheap.obj
 0001:00024df0       __CrtIsMemoryBlock         00425df0 f   LIBCMTD:dbgheap.obj
 0001:00024ee0       __CrtSetDumpClient         00425ee0 f   LIBCMTD:dbgheap.obj
 0001:00024f00       __CrtMemCheckpoint         00425f00 f   LIBCMTD:dbgheap.obj
 0001:00025070       __CrtMemDifference         00426070 f   LIBCMTD:dbgheap.obj
 0001:000251a0       __CrtMemDumpAllObjectsSince 004261a0 f   LIBCMTD:dbgheap.obj
 0001:00025580       __CrtDumpMemoryLeaks       00426580 f   LIBCMTD:dbgheap.obj
 0001:00025600       __CrtMemDumpStatistics     00426600 f   LIBCMTD:dbgheap.obj
 0001:000256d0       _strncmp                   004266d0 f   LIBCMTD:strncmp.obj
 0001:00025710       __CIpow                    00426710 f   LIBCMTD:pow.obj
 0001:00025729       _pow                       00426729 f   LIBCMTD:pow.obj
 0001:00025930       __fpmath                   00426930 f   LIBCMTD:fpinit.obj
 0001:00025960       __fpclear                  00426960 f   LIBCMTD:fpinit.obj
 0001:00025970       __cfltcvt_init             00426970 f   LIBCMTD:fpinit.obj
 0001:000259c0       ___setfflag                004269c0 f   LIBCMTD:fpinit.obj
 0001:000259dc       __ftol                     004269dc f   LIBCMTD:ftol.obj
 0001:00025a10       _floor                     00426a10 f   LIBCMTD:floor.obj
 0001:00025b50       _fabs                      00426b50 f   LIBCMTD:fabs.obj
 0001:00025c60       _strchr                    00426c60 f   LIBCMTD:strchr.obj
 0001:00025c66       ___from_strstr_to_strchr   00426c66 f   LIBCMTD:strchr.obj
 0001:00025d20       _strcpy                    00426d20 f   LIBCMTD:strcat.obj
 0001:00025d30       _strcat                    00426d30 f   LIBCMTD:strcat.obj
 0001:00025e10       __tolower                  00426e10 f   LIBCMTD:tolower.obj
 0001:00025e20       _tolower                   00426e20 f   LIBCMTD:tolower.obj
 0001:00025ec0       __tolower_lk               00426ec0 f   LIBCMTD:tolower.obj
 0001:00025ff0       _fclose                    00426ff0 f   LIBCMTD:fclose.obj
 0001:00026080       __fclose_lk                00427080 f   LIBCMTD:fclose.obj
 0001:00026140       _fread                     00427140 f   LIBCMTD:fread.obj
 0001:00026180       __fread_lk                 00427180 f   LIBCMTD:fread.obj
 0001:00026350       __fsopen                   00427350 f   LIBCMTD:fopen.obj
 0001:00026450       _fopen                     00427450 f   LIBCMTD:fopen.obj
 0001:00026470       __allmul                   00427470 f   LIBCMTD:llmul.obj
 0001:000264b0       __access                   004274b0 f   LIBCMTD:access.obj
 0001:00026510       __aulldiv                  00427510 f   LIBCMTD:ulldiv.obj
 0001:00026580       __aullrem                  00427580 f   LIBCMTD:ullrem.obj
 0001:00026600       __alldiv                   00427600 f   LIBCMTD:lldiv.obj
 0001:000266b0       ?_JumpToContinuation@@YGXPAXPAUEHRegistrationNode@@@Z 004276b0 f   LIBCMTD:trnsctrl.obj
 0001:000266f0       ?_CallMemberFunction0@@YGXPAX0@Z 004276f0 f   LIBCMTD:trnsctrl.obj
 0001:00026700       ?_CallMemberFunction1@@YGXPAX00@Z 00427700 f   LIBCMTD:trnsctrl.obj
 0001:00026710       ?_CallMemberFunction2@@YGXPAX00H@Z 00427710 f   LIBCMTD:trnsctrl.obj
 0001:00026720       ?_UnwindNestedFrames@@YGXPAUEHRegistrationNode@@PAUEHExceptionRecord@@@Z 00427720 f   LIBCMTD:trnsctrl.obj
 0001:00026780       ___CxxFrameHandler         00427780 f   LIBCMTD:trnsctrl.obj
 0001:000267c0       ___CxxLongjmpUnwind@4      004277c0 f   LIBCMTD:trnsctrl.obj
 0001:000267f0       ?_CallCatchBlock2@@YAPAXPAUEHRegistrationNode@@PBU_s_FuncInfo@@PAXHK@Z 004277f0 f   LIBCMTD:trnsctrl.obj
 0001:000268a0       ?_CallSETranslator@@YAHPAUEHExceptionRecord@@PAUEHRegistrationNode@@PAX2PBU_s_FuncInfo@@H1@Z 004278a0 f   LIBCMTD:trnsctrl.obj
 0001:00026a00       ?_GetRangeOfTrysToCheck@@YAPBU_s_TryBlockMapEntry@@PBU_s_FuncInfo@@HHPAI1@Z 00427a00 f   LIBCMTD:trnsctrl.obj
 0001:00026a90       __global_unwind2           00427a90 f   LIBCMTD:exsup.obj
 0001:00026ad2       __local_unwind2            00427ad2 f   LIBCMTD:exsup.obj
 0001:00026b2a       __NLG_Return2              00427b2a f   LIBCMTD:exsup.obj
 0001:00026b3a       __abnormal_termination     00427b3a f   LIBCMTD:exsup.obj
 0001:00026b5d       __NLG_Notify1              00427b5d f   LIBCMTD:exsup.obj
 0001:00026b66       __NLG_Notify               00427b66 f   LIBCMTD:exsup.obj
 0001:00026b79       __NLG_Dispatch             00427b79 f   LIBCMTD:exsup.obj
 0001:00026b80       __EH_prolog                00427b80 f   LIBCMTD:ehprolog.obj
 0001:00026ba0       _printf                    00427ba0 f   LIBCMTD:printf.obj
 0001:00026c40       _memmove                   00427c40 f   LIBCMTD:memmove.obj
 0001:00026f80       ??2@YAPAXI@Z               00427f80 f   LIBCMTD:new.obj
 0001:00026fa0       _memcmp                    00427fa0 f   LIBCMTD:memcmp.obj
 0001:00027050       _strtok                    00428050 f   LIBCMTD:strtok.obj
 0001:000271a0       _strstr                    004281a0 f   LIBCMTD:strstr.obj
 0001:00027220       _fprintf                   00428220 f   LIBCMTD:fprintf.obj
 0001:000272f0       _wcslen                    004282f0 f   LIBCMTD:wcslen.obj
 0001:00027320       _mbstowcs                  00428320 f   LIBCMTD:mbstowcs.obj
 0001:000273a0       __mbstowcs_lk              004283a0 f   LIBCMTD:mbstowcs.obj
 0001:00027590       __cinit                    00428590 f   LIBCMTD:crt0dat.obj
 0001:000275d0       _exit                      004285d0 f   LIBCMTD:crt0dat.obj
 0001:000275f0       __exit                     004285f0 f   LIBCMTD:crt0dat.obj
 0001:00027610       __cexit                    00428610 f   LIBCMTD:crt0dat.obj
 0001:00027630       __c_exit                   00428630 f   LIBCMTD:crt0dat.obj
 0001:00027740       __lockexit                 00428740 f   LIBCMTD:crt0dat.obj
 0001:00027750       __unlockexit               00428750 f   LIBCMTD:crt0dat.obj
 0001:00027790       __splitpath                00428790 f   LIBCMTD:splitpat.obj
 0001:000279e0       _remove                    004289e0 f   LIBCMTD:unlink.obj
 0001:00027a30       __unlink                   00428a30 f   LIBCMTD:unlink.obj
 0001:00027a50       _strtol                    00428a50 f   LIBCMTD:strtol.obj
 0001:00027db0       _strtoul                   00428db0 f   LIBCMTD:strtol.obj
 0001:00027dd0       _fgets                     00428dd0 f   LIBCMTD:fgets.obj
 0001:00027f10       _fseek                     00428f10 f   LIBCMTD:fseek.obj
 0001:00027f80       __fseek_lk                 00428f80 f   LIBCMTD:fseek.obj
 0001:000280b0       _WinMainCRTStartup         004290b0 f   LIBCMTD:wincrt0.obj
 0001:00028220       __amsg_exit                00429220 f   LIBCMTD:wincrt0.obj
 0001:00028280       ??1type_info@@UAE@XZ       00429280 f   LIBCMTD:typinfo.obj
 0001:000282c0       ??_Etype_info@@UAEPAXI@Z   004292c0 f i LIBCMTD:typinfo.obj
 0001:000282c0       ??_Gtype_info@@UAEPAXI@Z   004292c0 f i LIBCMTD:typinfo.obj
 0001:000282f0       ??8type_info@@QBEHABV0@@Z  004292f0 f   LIBCMTD:typinfo.obj
 0001:00028320       ??9type_info@@QBEHABV0@@Z  00429320 f   LIBCMTD:typinfo.obj
 0001:00028350       ?before@type_info@@QBEHABV1@@Z 00429350 f   LIBCMTD:typinfo.obj
 0001:00028380       ?raw_name@type_info@@QBEPBDXZ 00429380 f   LIBCMTD:typinfo.obj
 0001:000283a0       ??0type_info@@AAE@ABV0@@Z  004293a0 f   LIBCMTD:typinfo.obj
 0001:000283c0       ??4type_info@@AAEAAV0@ABV0@@Z 004293c0 f   LIBCMTD:typinfo.obj
 0001:000283d0       _fwrite                    004293d0 f   LIBCMTD:fwrite.obj
 0001:00028410       __fwrite_lk                00429410 f   LIBCMTD:fwrite.obj
 0001:00028630       _fputc                     00429630 f   LIBCMTD:fputc.obj
 0001:000286f0       _putc                      004296f0 f   LIBCMTD:fputc.obj
 0001:00028710       _ungetc                    00429710 f   LIBCMTD:ungetc.obj
 0001:00028780       __ungetc_lk                00429780 f   LIBCMTD:ungetc.obj
 0001:000288c0       _fgetc                     004298c0 f   LIBCMTD:fgetc.obj
 0001:00028970       _getc                      00429970 f   LIBCMTD:fgetc.obj
 0001:00028990       _fgetpos                   00429990 f   LIBCMTD:fgetpos.obj
 0001:000289d0       _fsetpos                   004299d0 f   LIBCMTD:fsetpos.obj
 0001:000289f0       _fflush                    004299f0 f   LIBCMTD:fflush.obj
 0001:00028a40       __fflush_lk                00429a40 f   LIBCMTD:fflush.obj
 0001:00028a90       __flush                    00429a90 f   LIBCMTD:fflush.obj
 0001:00028b50       __flushall                 00429b50 f   LIBCMTD:fflush.obj
 0001:00028ca0       _fputwc                    00429ca0 f   LIBCMTD:fputwc.obj
 0001:00028d20       __putwc_lk                 00429d20 f   LIBCMTD:fputwc.obj
 0001:00028f50       _putwc                     00429f50 f   LIBCMTD:fputwc.obj
 0001:00028f70       _ungetwc                   00429f70 f   LIBCMTD:ungetwc.obj
 0001:00028fe0       __ungetwc_lk               00429fe0 f   LIBCMTD:ungetwc.obj
 0001:00029240       _fgetwc                    0042a240 f   LIBCMTD:fgetwc.obj
 0001:000292b0       __getwc_lk                 0042a2b0 f   LIBCMTD:fgetwc.obj
 0001:00029480       _getwc                     0042a480 f   LIBCMTD:fgetwc.obj
 0001:000294a0       ??0exception@@QAE@XZ       0042a4a0 f   LIBCMTD:stdexcpt.obj
 0001:000294d0       ??_Eexception@@UAEPAXI@Z   0042a4d0 f i LIBCMTD:stdexcpt.obj
 0001:000294d0       ??_Gexception@@UAEPAXI@Z   0042a4d0 f i LIBCMTD:stdexcpt.obj
 0001:00029500       ??0exception@@QAE@ABQBD@Z  0042a500 f   LIBCMTD:stdexcpt.obj
 0001:00029570       ??0exception@@QAE@ABV0@@Z  0042a570 f   LIBCMTD:stdexcpt.obj
 0001:00029600       ??4exception@@QAEAAV0@ABV0@@Z 0042a600 f   LIBCMTD:stdexcpt.obj
 0001:00029630       ??1exception@@UAE@XZ       0042a630 f   LIBCMTD:stdexcpt.obj
 0001:00029670       ?what@exception@@UBEPBDXZ  0042a670 f   LIBCMTD:stdexcpt.obj
 0001:000296a0       __CxxThrowException@8      0042a6a0 f   LIBCMTD:throw.obj
 0001:000296f0       __mtinitlocks              0042a6f0 f   LIBCMTD:mlock.obj
 0001:00029730       __mtdeletelocks            0042a730 f   LIBCMTD:mlock.obj
 0001:000297d0       __lock                     0042a7d0 f   LIBCMTD:mlock.obj
 0001:00029870       __unlock                   0042a870 f   LIBCMTD:mlock.obj
 0001:00029890       __lockerr_exit             0042a890 f   LIBCMTD:mlock.obj
 0001:000298b0       _setlocale                 0042a8b0 f   LIBCMTD:setlocal.obj
 0001:00029f40       __expandlocale             0042af40 f   LIBCMTD:setlocal.obj
 0001:0002a0d0       ___init_dummy              0042b0d0 f   LIBCMTD:setlocal.obj
 0001:0002a0e0       __strcats                  0042b0e0 f   LIBCMTD:setlocal.obj
 0001:0002a130       ___lc_strtolc              0042b130 f   LIBCMTD:setlocal.obj
 0001:0002a290       ___lc_lctostr              0042b290 f   LIBCMTD:setlocal.obj
 0001:0002a300       __dosmaperr                0042b300 f   LIBCMTD:dosmap.obj
 0001:0002a3a0       __errno                    0042b3a0 f   LIBCMTD:dosmap.obj
 0001:0002a3b0       ___doserrno                0042b3b0 f   LIBCMTD:dosmap.obj
 0001:0002a3c0       __CrtDbgBreak              0042b3c0 f   LIBCMTD:dbgrpt.obj
 0001:0002a3d0       __CrtSetReportMode         0042b3d0 f   LIBCMTD:dbgrpt.obj
 0001:0002a430       __CrtSetReportFile         0042b430 f   LIBCMTD:dbgrpt.obj
 0001:0002a4b0       __CrtSetReportHook         0042b4b0 f   LIBCMTD:dbgrpt.obj
 0001:0002a4d0       __CrtDbgReport             0042b4d0 f   LIBCMTD:dbgrpt.obj
 0001:0002ab70       __flsbuf                   0042bb70 f   LIBCMTD:_flsbuf.obj
 0001:0002adf0       __output                   0042bdf0 f   LIBCMTD:output.obj
 0001:0002bc90       __mtinit                   0042cc90 f   LIBCMTD:tidtable.obj
 0001:0002bd20       __mtterm                   0042cd20 f   LIBCMTD:tidtable.obj
 0001:0002bd50       __initptd                  0042cd50 f   LIBCMTD:tidtable.obj
 0001:0002bd70       __getptd                   0042cd70 f   LIBCMTD:tidtable.obj
 0001:0002be10       __freeptd                  0042ce10 f   LIBCMTD:tidtable.obj
 0001:0002bf20       ___threadid                0042cf20 f   LIBCMTD:tidtable.obj
 0001:0002bf30       ___threadhandle            0042cf30 f   LIBCMTD:tidtable.obj
 0001:0002bf40       __input                    0042cf40 f   LIBCMTD:input.obj
 0001:0002d440       __isctype                  0042e440 f   LIBCMTD:isctype.obj
 0001:0002d500       __freebuf                  0042e500 f   LIBCMTD:_freebuf.obj
 0001:0002d5a0       __ioinit                   0042e5a0 f   LIBCMTD:ioinit.obj
 0001:0002d8d0       __ioterm                   0042e8d0 f   LIBCMTD:ioinit.obj
 0001:0002d970       __fcloseall                0042e970 f   LIBCMTD:closeall.obj
 0001:0002da50       __getstream                0042ea50 f   LIBCMTD:stream.obj
 0001:0002dbd0       ?_set_new_handler@@YAP6AHI@ZP6AHI@Z@Z 0042ebd0 f   LIBCMTD:handler.obj
 0001:0002dc00       ?_query_new_handler@@YAP6AHI@ZXZ 0042ec00 f   LIBCMTD:handler.obj
 0001:0002dc10       __callnewh                 0042ec10 f   LIBCMTD:handler.obj
 0001:0002dc40       __malloc_base              0042ec40 f   LIBCMTD:malloc.obj
 0001:0002dc60       __nh_malloc_base           0042ec60 f   LIBCMTD:malloc.obj
 0001:0002dcc0       __heap_alloc_base          0042ecc0 f   LIBCMTD:malloc.obj
 0001:0002dd30       __CrtDefaultAllocHook      0042ed30 f   LIBCMTD:dbghook.obj
 0001:0002dd40       __expand_base              0042ed40 f   LIBCMTD:expand.obj
 0001:0002ddf0       __realloc_base             0042edf0 f   LIBCMTD:realloc.obj
 0001:0002dfe0       __free_base                0042efe0 f   LIBCMTD:free.obj
 0001:0002e050       __heapchk                  0042f050 f   LIBCMTD:heapchk.obj
 0001:0002e0d0       __heapset                  0042f0d0 f   LIBCMTD:heapchk.obj
 0001:0002e0e0       __heap_init                0042f0e0 f   LIBCMTD:heapinit.obj
 0001:0002e130       __heap_term                0042f130 f   LIBCMTD:heapinit.obj
 0001:0002e1d0       __get_sbh_threshold        0042f1d0 f   LIBCMTD:sbheap.obj
 0001:0002e1e0       __set_sbh_threshold        0042f1e0 f   LIBCMTD:sbheap.obj
 0001:0002e200       ___sbh_heap_init           0042f200 f   LIBCMTD:sbheap.obj
 0001:0002e260       ___sbh_find_block          0042f260 f   LIBCMTD:sbheap.obj
 0001:0002e2c0       ___sbh_verify_block        0042f2c0 f   LIBCMTD:sbheap.obj
 0001:0002e320       ___sbh_free_block          0042f320 f   LIBCMTD:sbheap.obj
 0001:0002e8f0       ___sbh_alloc_block         0042f8f0 f   LIBCMTD:sbheap.obj
 0001:0002ee30       ___sbh_alloc_new_region    0042fe30 f   LIBCMTD:sbheap.obj
 0001:0002ef40       ___sbh_alloc_new_group     0042ff40 f   LIBCMTD:sbheap.obj
 0001:0002f130       ___sbh_resize_block        00430130 f   LIBCMTD:sbheap.obj
 0001:0002f720       ___sbh_heapmin             00430720 f   LIBCMTD:sbheap.obj
 0001:0002f850       ___sbh_heap_check          00430850 f   LIBCMTD:sbheap.obj
 0001:0002fe81       __fFEXP                    00430e81 f   LIBCMTD:87tran.obj
 0001:0002fee8       __rtinfpopse               00430ee8 f   LIBCMTD:87tran.obj
 0001:0002feea       __rtinfnpopse              00430eea f   LIBCMTD:87tran.obj
 0001:0002fefa       __fFLN                     00430efa f   LIBCMTD:87tran.obj
 0001:0002ffaf       __rtinfpop                 00430faf f   LIBCMTD:87tran.obj
 0001:0002ffb1       __rtinfnpop                00430fb1 f   LIBCMTD:87tran.obj
 0001:0002ffce       __ffexpm1                  00430fce f   LIBCMTD:87tran.obj
 0001:00030080       __trandisp1                00431080 f   LIBCMTD:87disp.obj
 0001:000300e7       __trandisp2                004310e7 f   LIBCMTD:87disp.obj
 0001:00030173       __rttospopde               00431173 f   LIBCMTD:87disp.obj
 0001:00030178       __rttospop                 00431178 f   LIBCMTD:87disp.obj
 0001:0003017a       __rtnospop                 0043117a f   LIBCMTD:87disp.obj
 0001:0003017c       __rttosnpop                0043117c f   LIBCMTD:87disp.obj
 0001:0003017d       __rtnospopde               0043117d f   LIBCMTD:87disp.obj
 0001:00030184       __rtzeropop                00431184 f   LIBCMTD:87disp.obj
 0001:00030186       __rtzeronpop               00431186 f   LIBCMTD:87disp.obj
 0001:0003018b       __rtonepop                 0043118b f   LIBCMTD:87disp.obj
 0001:0003018d       __rtonenpop                0043118d f   LIBCMTD:87disp.obj
 0001:00030192       __tosnan1                  00431192 f   LIBCMTD:87disp.obj
 0001:000301bd       __nosnan2                  004311bd f   LIBCMTD:87disp.obj
 0001:000301bf       __tosnan2                  004311bf f   LIBCMTD:87disp.obj
 0001:000301e7       __nan2                     004311e7 f   LIBCMTD:87disp.obj
 0001:00030226       __rtindfpop                00431226 f   LIBCMTD:87disp.obj
 0001:00030228       __rtindfnpop               00431228 f   LIBCMTD:87disp.obj
 0001:00030239       __rttosnpopde              00431239 f   LIBCMTD:87disp.obj
 0001:00030243       __rtchsifneg               00431243 f   LIBCMTD:87disp.obj
 0001:00030250       __startTwoArgErrorHandling 00431250 f   LIBCMTD:genexcep.obj
 0001:00030267       __startOneArgErrorHandling 00431267 f   LIBCMTD:genexcep.obj
 0001:000302b0       __twoToTOS                 004312b0 f   LIBCMTD:common.obj
 0001:000302c5       __load_CW                  004312c5 f   LIBCMTD:common.obj
 0001:000302dc       __convertTOStoQNaN         004312dc f   LIBCMTD:common.obj
 0001:000302f5       __fload_withFB             004312f5 f   LIBCMTD:common.obj
 0001:00030338       __checkTOS_withFB          00431338 f   LIBCMTD:common.obj
 0001:0003034e       __fast_exit                0043134e f   LIBCMTD:common.obj
 0001:0003035b       __math_exit                0043135b f   LIBCMTD:common.obj
 0001:00030385       __check_overflow_exit      00431385 f   LIBCMTD:common.obj
 0001:00030399       __check_range_exit         00431399 f   LIBCMTD:common.obj
 0001:00030440       __powhlp                   00431440 f   LIBCMTD:powhlp.obj
 0001:000306b0       __d_inttype                004316b0 f   LIBCMTD:powhlp.obj
 0001:00030730       __setdefaultprecision      00431730 f   LIBCMTD:fp8.obj
 0001:00030750       __ms_p5_test_fdiv          00431750 f   LIBCMTD:testfdiv.obj
 0001:000307b0       __ms_p5_mp_test_fdiv       004317b0 f   LIBCMTD:testfdiv.obj
 0001:00030800       __forcdecpt                00431800 f   LIBCMTD:cvt.obj
 0001:000308b0       __cropzeros                004318b0 f   LIBCMTD:cvt.obj
 0001:00030990       __positive                 00431990 f   LIBCMTD:cvt.obj
 0001:000309c0       __fassign                  004319c0 f   LIBCMTD:cvt.obj
 0001:00030a10       __cftoe                    00431a10 f   LIBCMTD:cvt.obj
 0001:00030c00       __cftof                    00431c00 f   LIBCMTD:cvt.obj
 0001:00030db0       __cftog                    00431db0 f   LIBCMTD:cvt.obj
 0001:00030ea0       __cfltcvt                  00431ea0 f   LIBCMTD:cvt.obj
 0001:00030f30       __frnd                     00431f30 f   LIBCMTD:frnd.obj
 0001:00030f50       __handle_qnan1             00431f50 f   LIBCMTD:fpexcept.obj
 0001:00030fb0       __handle_qnan2             00431fb0 f   LIBCMTD:fpexcept.obj
 0001:00031020       __except1                  00432020 f   LIBCMTD:fpexcept.obj
 0001:000310e0       __except2                  004320e0 f   LIBCMTD:fpexcept.obj
 0001:000311b0       __raise_exc                004321b0 f   LIBCMTD:fpexcept.obj
 0001:00031680       __handle_exc               00432680 f   LIBCMTD:fpexcept.obj
 0001:00031a00       __umatherr                 00432a00 f   LIBCMTD:fpexcept.obj
 0001:00031aa0       __set_errno                00432aa0 f   LIBCMTD:fpexcept.obj
 0001:00031b20       __errcode                  00432b20 f   LIBCMTD:fpexcept.obj
 0001:00031ba0       __set_exp                  00432ba0 f   LIBCMTD:util.obj
 0001:00031be0       __get_exp                  00432be0 f   LIBCMTD:util.obj
 0001:00031c10       __add_exp                  00432c10 f   LIBCMTD:util.obj
 0001:00031c50       __set_bexp                 00432c50 f   LIBCMTD:util.obj
 0001:00031c90       __sptype                   00432c90 f   LIBCMTD:util.obj
 0001:00031d10       __decomp                   00432d10 f   LIBCMTD:util.obj
 0001:00031e50       __statfp                   00432e50 f   LIBCMTD:fpctrl.obj
 0001:00031e70       __clrfp                    00432e70 f   LIBCMTD:fpctrl.obj
 0001:00031e90       __ctrlfp                   00432e90 f   LIBCMTD:fpctrl.obj
 0001:00031ed0       __set_statfp               00432ed0 f   LIBCMTD:fpctrl.obj
 0001:00031f50       ___crtLCMapStringA         00432f50 f   LIBCMTD:a_map.obj
 0001:000322b0       __close                    004332b0 f   LIBCMTD:close.obj
 0001:00032330       __close_lk                 00433330 f   LIBCMTD:close.obj
 0001:000323e0       __filbuf                   004333e0 f   LIBCMTD:_filbuf.obj
 0001:000325d0       __read                     004335d0 f   LIBCMTD:read.obj
 0001:00032660       __read_lk                  00433660 f   LIBCMTD:read.obj
 0001:00032ab0       __openfile                 00433ab0 f   LIBCMTD:_open.obj
 0001:00032e40       ___InternalCxxFrameHandler 00433e40 f   LIBCMTD:frame.obj
 0001:000333b0       ___FrameUnwindToState      004343b0 f   LIBCMTD:frame.obj
 0001:000339c0       ?_DestructExceptionObject@@YAXPAUEHExceptionRecord@@E@Z 004349c0 f   LIBCMTD:frame.obj
 0001:00033aa0       __CallSettingFrame@12      00434aa0 f   LIBCMTD:lowhelpr.obj
 0001:00033ac7       __NLG_Return               00434ac7 f   LIBCMTD:lowhelpr.obj
 0001:00033af0       ?terminate@@YAXXZ          00434af0 f   LIBCMTD:hooks.obj
 0001:00033b80       ?unexpected@@YAXXZ         00434b80 f   LIBCMTD:hooks.obj
 0001:00033ba0       ?_inconsistency@@YAXXZ     00434ba0 f   LIBCMTD:hooks.obj
 0001:00033c30       __stbuf                    00434c30 f   LIBCMTD:_sftbuf.obj
 0001:00033d90       __ftbuf                    00434d90 f   LIBCMTD:_sftbuf.obj
 0001:00033e30       __setmbcp                  00434e30 f   LIBCMTD:mbctype.obj
 0001:000345f0       __getmbcp                  004355f0 f   LIBCMTD:mbctype.obj
 0001:00034610       ___initmbctable            00435610 f   LIBCMTD:mbctype.obj
 0001:00034640       __mbsnbcpy                 00435640 f   LIBCMTD:mbsnbcpy.obj
 0001:00034770       __toupper                  00435770 f   LIBCMTD:toupper.obj
 0001:00034780       _toupper                   00435780 f   LIBCMTD:toupper.obj
 0001:00034820       __toupper_lk               00435820 f   LIBCMTD:toupper.obj
 0001:00034950       __lseek                    00435950 f   LIBCMTD:lseek.obj
 0001:000349e0       __lseek_lk                 004359e0 f   LIBCMTD:lseek.obj
 0001:00034aa0       _ftell                     00435aa0 f   LIBCMTD:ftell.obj
 0001:00034b10       __ftell_lk                 00435b10 f   LIBCMTD:ftell.obj
 0001:00034db0       __XcptFilter               00435db0 f   LIBCMTD:winxfltr.obj
 0001:00034fd0       __wincmdln                 00435fd0 f   LIBCMTD:wincmdln.obj
 0001:00035090       __setenvp                  00436090 f   LIBCMTD:stdenvp.obj
 0001:000351e0       __setargv                  004361e0 f   LIBCMTD:stdargv.obj
 0001:000356f0       ___crtGetEnvironmentStringsA 004366f0 f   LIBCMTD:a_env.obj
 0001:00035914       __except_handler3          00436914 f   LIBCMTD:exsup3.obj
 0001:000359d1       __seh_longjmp_unwind@4     004369d1 f   LIBCMTD:exsup3.obj
 0001:000359f0       __FF_MSGBANNER             004369f0 f   LIBCMTD:crt0msg.obj
 0001:00035a40       __NMSG_WRITE               00436a40 f   LIBCMTD:crt0msg.obj
 0001:00035c00       __GET_RTERRMSG             00436c00 f   LIBCMTD:crt0msg.obj
 0001:00035c50       __write                    00436c50 f   LIBCMTD:write.obj
 0001:00035ce0       __write_lk                 00436ce0 f   LIBCMTD:write.obj
 0001:00035f60       __getbuf                   00436f60 f   LIBCMTD:_getbuf.obj
 0001:00036030       __ftelli64                 00437030 f   LIBCMTD:ftelli64.obj
 0001:000360a0       __ftelli64_lk              004370a0 f   LIBCMTD:ftelli64.obj
 0001:00036390       __fseeki64                 00437390 f   LIBCMTD:fseeki64.obj
 0001:00036400       __fseeki64_lk              00437400 f   LIBCMTD:fseeki64.obj
 0001:00036550       __commit                   00437550 f   LIBCMTD:commit.obj
 0001:00036630       __flswbuf                  00437630 f   LIBCMTD:_flswbuf.obj
[...]
FIXUPS: 23cee a6 10 31 2c 44 2c fffffca6 50 c c 5b 72 fffffc6e 85 69 33
FIXUPS: 23a67 34 fffffd2b 2a 44 4b fffffe4d 2d32 18 f 1a 88 69 2a 34 39
FIXUPS: 265dd 7c 2a 28 ffffdad6 82 2f 83 7d 11 b8 b d6 b 65 b 7c 30 e b
FIXUPS: 24634 32 45 1481 2b 39 20 49 33 22 67 47 7e 17 1c 4c 15 4d 5a 11
FIXUPS: 25f22 1b ec 33 49 10e 1a a1 20 31 28 4f 3a 31 18 fffff0ca c 41
FIXUPS: 2553b 56 36 c 2b 1c 2c 1c 16 c 1f 62 51 1f 45 c 5a 1f 93 57 8 51
FIXUPS: 259ad 28 28 28 16 94 2b fffff2c9 18 1f 5b 66 25 25 b3 19 59 5f
FIXUPS: 250dd 85 15 1e d 18 20 1c 10 a 24 1c 50 1d 1f 62 34 3b 2b 3b 45
FIXUPS: 268dc ffffde78 26 28 15 18 d 1d 25 2f 1c 69 28 5f 54 21 128 1e
FIXUPS: 24b2f 33 2f 51 15 1e d 35 21 1b 1c 6b 28 32 1e40 16 1d 29 25 fffffded
FIXUPS: 26a50 28 1e 2c 12 21 20 25 fffffdfd 5 a fffffde8 14 1b 25 14 10
FIXUPS: 267b3 10 b 3d 3b 14 60 7 14 c1b b fffffe75 2e 2a 2e 14 22 f 23
FIXUPS: 27149 18 f af 7a 6a fffffd12 31 c f 4c 27 f f 27 fffffd50 1c 13
FIXUPS: 26f05 a7 fffffbb5 2b 18f9 9d 22 2b fffffcd7 2a 1e c 17 13 c ffffff3f
FIXUPS: 2805d ffffff2d fffffc3c 1b d 18 14 f fffffe7b fffffca4 60 33 63
FIXUPS: 2788d 9e 93 19 4d 4a fffffa61 15db 141 52 35 d1 7f fffffc4d 29
FIXUPS: 287a9 29 da 73 49 4a fffffbfb 12 1d 20 1e 20 1b 77 12 13 19 b 31
FIXUPS: 28756 fffffbf2 24 13 5b d63 8 b f 10 a 5 5 16 39 c 17 10 28 9 27
FIXUPS: 29266 fffffcc8 18 14 f 38 3b 2c 1b 6c fffffd6d 2a 2b 57 55 fffffb65
FIXUPS: 298e0 18 44 15 27 fffffdb6 18 10 f 39 5f fffffe53 1e 4e 15 2b fffffcdd
FIXUPS: 293f1 f af 5a 4f 79 fffffcc2 18 a 16 13 28 30 30 fffffdc9 e98 39
FIXUPS: 2a068 6a 11 fffffbdd 1e 11 10 89 11 61 73 57 73 26 fffffaa0 e c
FIXUPS: 29a26 22 28 78 6e 21 68 33 40 25 f fffffd5e ffffffb5 1953 fffff4a4
FIXUPS: 2a7f0 13 a 34 a fffffc90 13 2b c 2a 50 c 2b 3d c 3a fffffc05 18
FIXUPS: 2a282 10 c0 80 20 27 d 4a 18 fffffb06 18 11 d10 26 c 47 1b 40 50
FIXUPS: 2ae1c 4c 4e 1a 25 2a 9b 19 1b 26 2e 1b 14 19 19 11 67 27 40 2a
FIXUPS: 2b1f1 2e 33 4a 25 6a0 19d 18 19 19 a fffff7b3 31 21 1f d 21 10
FIXUPS: 2a8cf 43 8c 48 51 19 2f 2d 39 21 5a 38 47 17 31 11 1a 22 10 1f3c
FIXUPS: 2cc13 ffffef7d 108 10 3e 54 4d 28 fffff72a 10b 2a 18 38 16 2b 14
FIXUPS: 2b6e1 18 18 7a 63 34 47 1e d 2f 15 11 1d 21 14 157f 1a 1d e ffffefe7
FIXUPS: 2bf1a 24 cb 67 133 18 21 34 30 a8 e2 142 ba 31 1e 2a 1b 11d 25
FIXUPS: 2c8be 1e 30 75 32 22 26 170 124a 4a 3d 76 6c 62 20 77 27 70 46
FIXUPS: 2e125 35 44 35 1c 147 8a 32 24 f ffffe870 2a 2e 37 81 2a 21 62
FIXUPS: 2ce6c 1a 1a 18d 19 a4 1aa 1d 118 1de 32 97 1f 58 a8 28 33 43 64
FIXUPS: 2d8d7 41 12 2f 4d 23 10 70 24 5a 46 2f c1 24 e5 39 1023 2f 14 f
FIXUPS: 2ec4e 2b 29 30 c d fffffeec 1b fffffe6e 60 31 2a a7 fffffdbe 5c
FIXUPS: 2ea1d 1f fffffb7c 13 e8 29a fffffbd0 3a ffffff82 ffffea8d 2d 47
FIXUPS: 2d024 4039 15 ffffe830 191 19 de0 ffffe8e1 ffffff51 8 12 27 b 2a
FIXUPS: 2efef c 19 a c fffffdd7 17 22 c 2c 18 3f 10 70 10 a c 53 fffffd94
FIXUPS: 31c5c 94 35 68 12 34 33 48 3c 36 1c 1a 18 17 fffff8c5 ffffff54
FIXUPS: 315f7 c8 1d 27 fffffc77 5e 7 fffffead fffffc24 12 1d 5 55 3c 7
FIXUPS: 30fab 118c c 3e e 11 182 1d8 1ac 2b 33 1b6 f4 27 36 44 c 10 16
FIXUPS: 32a8d 32 d ffffed42 28 19f 20 3a 2f 1a 48 60 ff 27 183c 2a fffffe36
FIXUPS: 332ed 14 c f 1e 1b c 10 29 2d fffffc1e 98 f6 fffffac7 1c3 17 fffff167
FIXUPS: 31f85 14 52 a 14 2a 2c c 3a e 11 2f 277f f 1c 12 21 d a 13 16 13
FIXUPS: 3494b 14 15 14 7 17 6b 20 fffff0b5 2a 2a 227 fffff8a1 b 14 14 f
FIXUPS: 3377b b 23 2c5 fffff992 e23 b2 63 ce 36 12 38 4c 31 16 f 17 37
FIXUPS: 3458f 4e b b b 2d 18 20 24 b 37 a e5 12 24 f 1f 12 1e 404 21 7e
FIXUPS: 34db7 33 fffffd34 12 2f 25 b 8 74 fffffeb4 22 fffff37a 32 92 3f
FIXUPS: 33f9f 10 b 15 15 31 51 ba 3c 27 37 a 13 27 17c6 27 11 4c fffffd81
FIXUPS: 357e5 13 6d a7 fffffd54 f e8 fffff6e2 c 18 15 5 7 114 43 7 10a
FIXUPS: 35130 7 15 5 7 e 267 35 35 1e8 12ce fffff903 56 1e 13 22 fffffe07
FIXUPS: 360d6 28 1f 29 26 17 12 1c fffffe2d 41 fffffd98 13 fffffcf4 18
FIXUPS: 35ae2 f 3f 3e bf 8e 70 fffffc57 b 14 14 12cd b 14 14 f 6d 1a2 b
FIXUPS: 36eee 3e b fffffadd 1c 77 3a 59 15 17 1d 14 13 14 1a 19 fffffd7e
FIXUPS: 3697c 11 2f 25 fffffe03 4a 94 e9a 10 3e 54 4d 3c fffffcfb 17 2e
FIXUPS: 375f4 a 16 fffffd9a 18 18 f 33 3b 2c 23 6e fffffb38 18 c 12 3a
FIXUPS: 37100 d7 98 85 fffffc8a 37 170e 11 11 11 14 14 14 14 14 14 14 14
FIXUPS: 387aa 14 14 fffff618 14 fffffe0a 24 13 4a de 3e fffffc5b 86 2a
FIXUPS: 378e8 21 13 50 5e fffffc86 e00 22 22 25 2f 11 11 11 11 11 10 11
FIXUPS: 3856f 11 11 11 11 11 11 11 11 11 11 11 11 11 11 11 11 11 11 11
FIXUPS: 38058 1f 1f 1f 1f 1f 1f 1f 1f 1f 1f 1f 1f 1f 1f 1f 1f 1f 1f 1f
FIXUPS: 382c4 1f 1f 1f 1f 22 22 22 22 22 22 22 3e5 1d 1d 17 16 11 11 46
FIXUPS: 388f5 14 5b 11 10 34 30 16 3b fffff448 1f 10 e 1e 11 25 11 5e 1f
FIXUPS: 37fc0 1f 1f 1f 1c 12b6 fffff840 1f 10 e 4c 11 4f 11 4d 1f 1f 1f
FIXUPS: 38cf2 17 17 1f 1f 1f 1f 1f 1f 1f 1f 1f bd 11 11 11 11 11 11 b51
FIXUPS: 39b00 1b 52 12 4b 51 52 10 93 3d 33 a3 1a 11 198 ffffefca 1f 19
FIXUPS: 39001 19 108 65 a6 22 17 e 15 e e e 2b fd4 4b 5d 17 b5 ffffef8a
FIXUPS: 393d9 34 35 3e 7 1c 7 1f c7 51 5a 1d 39 6a 55 5a 62 28 2b 83 59
FIXUPS: 39951 74 12 54 2f 121a 43 50 50 4d 65 60 fffff5fe 43 9 82 24 27
FIXUPS: 3a5aa 17 58 50 44 1d 16 c4 13 28 16 1d a 96 f2 10 fffff7aa 18 11b
FIXUPS: 3c05c 28 1e 2c 38 16 22 23 ac 4e 23 125 1c 2b 37 1d 2b 13 b7 fffff97e
FIXUPS: 3bf23 13 24 17 fffff076 1d fffffad3 4d 40 40 43 4d 200d 14 26f
FIXUPS: 3cedd 1c 13 2a 3a 10 13 16 26 1e 41 93 20 68 82 10 30 10 30 10
FIXUPS: 3c601 21 21 24 2a 19 c fffff95a 21 16a2 b a9 b c8 e b 43 c 34 c
FIXUPS: 3d93a 65 11 11 c 23 1d 11 c 18 15 c 5d fffffaa6 fffffe19 28 29
FIXUPS: 3d348 17 fffff815 41 1ffd a 21 154 31c 20 1f0 ffffeb97 b 17 18
FIXUPS: 3de40 37 11 45 fffffd0f 20 20 23 20 20 20 1d 20 20 2d fffffe8d
FIXUPS: 3dbc0 a fffff9ea b6 b dea 2c 9 2c 9 3d 54 84 8d 7e 23 23 23 3a
FIXUPS: 3e7dd 24 51 2a 28 45 2d 2d 28 28 1c 29 41 84 3a 24 31 36 fffff480
FIXUPS: 3e010 9 71 15 1b 51 9 2e 9 6e 15 37 15 1e 14 1c 1c 1c 1b 36 3a
FIXUPS: 3e334 2e 9 48 9 2e 9 2e 9 2c 1812 43 28 31 16 14 fffffcd3 25 a
FIXUPS: 3fa61 fffffeb0 24 a 23 fffffdca 1b 76 be fffffb61 33 2c 32 20 2e
FIXUPS: 3f4cf 1b 43 6f ffffe9bd 15 1b 50 2fb9 10 c fffff35c 14d eb 1c8
FIXUPS: 40796 152 6d 238 13 fffff1f7 21 35 35 13a c 10 c 27 6c fffffa7a
FIXUPS: 3fabc 28 2c 3a 26 1c 5e 25 28 1cf2 53 25 23 fffff74e 14 10 f 24
FIXUPS: 411a0 1c 1f 49 11 71 17 a 40 1d c 25 13 14 fffff976 43 33 24 bd
FIXUPS: 40e76 9b 32 43 1362 4f 1df fffffa40 fffffe5e fffff5eb 11 14 12
FIXUPS: 413de 7 1b 2b 17 150 e 15 18 c 18 17 a 15 3b 5b 52 6c 2c c d b0
FIXUPS: 418c3 161e 5a c 19 42 3c a7 19 28 c 21 fffff822 19 d9 13f 9e fffffc3c
FIXUPS: 42863 ffffff4b fffffed9 c d 3e 29 19 2c fffffe16 14 10 f c6 fffffc1d
FIXUPS: 1e5eb 3a e 14 1e 47 10b e 115 2e 2c 5 5 5 16 50 24b9a c 19 fffffbce
FIXUPS: 43145 58 28 29 fffffaf6 45 29 3a 40 3e 33 4b fffdb0c6 16 27 13
FIXUPS: 1dfbb 13 1d 13 2d 20 23 f 1e 20 13 71 30 11 15 14 22 25 2b 13 3b
FIXUPS: 1e27c d7 18 2566c b fffda9be 238 fffff5be c 11 16 27 c 13 24 14
FIXUPS: 1dc51 c a 22 4b 17 11 28 2b e 21 1f 17 11 22 1a 17 4c 46 34 16
FIXUPS: 1df1b 13 fffff9f7 9 13 14 9 16 10 11 1e 9 19 13 f 13 6 1f 16 1d
FIXUPS: 1da8c c a c 6 3a c a c 6 16 1e 15 d fffffb35 10 c a d d 18 1e 9
FIXUPS: 1d739 1b 1a 16 f c 1f 29 10 20 6 15 18 19 d 15 16 22 21 10 a 9
FIXUPS: 1d911 fffff9da a 25 a 2a 15 10 17 65 c a 29 6 2a b 17 10 51 30
FIXUPS: 1d582 14 263fe b fffd9c6f 1f 1b f 2635d c b fffd9cb1 10 fffff8a5
FIXUPS: 43925 b fffd965b 34 26996 b fffd96c0 12 1b 26927 c b fffd96ef d
FIXUPS: 1d092 8 23 20 2a 46 3b 2f 11 30 30 20 10 11 d 6 63 fffff7fc 31
FIXUPS: 4382a 12 12 12 12 12 12 e fffd92f9 28 17 a a 4b 48 26c42 b fffd941b
FIXUPS: 1cd1f 26bd6 b fffd947e 1b 7 23 18 49 21 c 9a fffff84e 12 1e 20
FIXUPS: 1c794 5 14 1c 20 b 5 14 1c 20 29 32 1d 20 25 20 25 24 25 26 31
FIXUPS: 1c9f7 20 25 26 31 16 c 3ef0 df 5 5 5 16 20 ffffba8b 5 12 1e 20
FIXUPS: 1c5b4 5 12 1e 20 b 5 14 1c 20 15 b 1b 5 14 1c 20 15 b 1b 3bf2 44
FIXUPS: 2039e 16 27 13 20 16 27 13 1d 13 41 30 12 15 14 1f 22 38 18 235dc
FIXUPS: 43bb2 fffdca4e 238 13 3a e 14 1e 44 8e fffff5e9 6 16 1e 15 e 2c
FIXUPS: 20015 11 16 27 c 13 24 14 a c a 5f 5b 17 11 28 2b e 21 1f 17 11
FIXUPS: 202a7 1a 17 fffffa35 31 10 a 9 11 14 9 14 14 9 16 11 11 1e 9 1b
FIXUPS: 1fe4f f 13 6 1f 17 20 2f c a c 6 3a c a fffffac3 2414d c b fffdbec0
FIXUPS: 1fa6c 15 10 c a d e 1a 1e 9 1b 1d 1b 16 f c 1f 29 10 20 6 17 1b
FIXUPS: 1fc52 f 1f 1a fffff910 11 e 6 70 c a 27 a 2d 16 11 17 4f 8f c a
FIXUPS: 1f810 6 2d b 18 11 5a 30 71 14 241de b fffdbe7f 1f 1b 2406d b fffdb70b
FIXUPS: 1f1df 248e6 b fffdb76e 1b 7 23 21 21 c 9a 46 24744 b fffdb90b 34
FIXUPS: 43b25 b fffdb970 12 1b 24677 c b fffdb9ac 11 30 30 21 fffff868
FIXUPS: 1ee26 20 25 20 25 24 25 26 32 c 26 31 16 c 26 31 249cd 12 12 12
FIXUPS: 43a42 12 12 e fffdb5e9 28 17 a a 4b 48 fffff9f1 5 12 1e 20 b 5
FIXUPS: 1ebad 1c 20 15 b 1b 5 14 1c 20 15 b 1b 5 14 1c 20 b 5 14 1c 20
FIXUPS: 1ed92 32 1d 20a3 1d e 1c 13 21 25 5 5 5 16 20 ffffda6b 5 10 10
FIXUPS: 1ea19 b 5 10 10 20 b 5 12 1e 20 b 5 12 1e 20 2509b b fffdcf95 19
FIXUPS: 43be4 b fffdcfcf 23 e 44 f 22fc2 b fffdd05c 13 21 4e 16 22f21 b
FIXUPS: 20d44 1d e 1c 13 21 49 13 e 22e1b b fffdd200 838 3a 2a 2d 225ed
FIXUPS: 43d11 fffddab6 12 2254e b fffddb3f 13 e 6e 26 2d 223f1 a c fffddc63
FIXUPS: 21a30 23 14 54 24 2e 3d fffff4a5 ffffff99 fffffb80 13 e 23186 fffdd5fc
FIXUPS: 212be 21 4e 16 22981 b fffdd6b5 1d e 1c 13 21 3a 12 68 17 14 f
FIXUPS: 2151b 3b 3a 1f 20 41 16 a c 17 22691 b fffde630 1c 9 12 16 19 20
FIXUPS: 223ed 9 5a 14 5 5 5 16 20 ffffec48 55 13 e 22afd b fffdd535 19
FIXUPS: 43c84 b fffdd56f 23 e 44 f 22a22 fffde31c 15 c 1f 2d 21d87 a 10
FIXUPS: 43ddc fffde293 1b 36 21d24 b fffde315 42 21cbe b fffde3bc 13 1d
FIXUPS: 2220e 44 3c 35 f f f 21b34 c 9 b fffddd65 20 e 8 f 35 7 1d 25 220f9
FIXUPS: 43d71 fffddf4c 91 1f 47 47 18 10 1d 15 14 c 32 21edd 9 9 b fffde15c
FIXUPS: 21f3f 1b 1a 29 ba2 35 1d e 1c 13 21 2a fffff8cf 2c 13 55 dd a7
FIXUPS: 2273b 55 58 44 13 49 45 33 19 6b 49 19 2b 61 3b fffff0c7 5 12 fffe00dd
FIXUPS: 1cd2 d 36 23 f 68 13 7d f 74 24 f 1e 19 17 5 f b 5 f f 10 a 5 f
FIXUPS: 1fc2 10 20b2c a 10 e fffde9f6 2a e e e e 194 31 bd 11 19 54 59
FIXUPS: 18e6 27 4b 35 10 4f 45 21 4c 21 13 42 2f 20 f 2a 1a 20 17 ae9 ffffe947
FIXUPS: 1091 1b 13 19 1b 1a f 13 33 16 19 f 36 40 34 22 2b 13 78 f 23 27
FIXUPS: 13b4 39 13 13 78 f 1d 38 dff 22 4e d 42 6a 1a 86 1d 29 19 26 f
FIXUPS: 2554 53 12 22 19 12 22 1f 5 f b 5 f f 10 a 5 f f bab f f 10 fffff48c
FIXUPS: 2767 5 f b 5 f f 10 a 5 f f 10 fffff848 21 1c 1f 38 61 1a 5e 3a
FIXUPS: 2213 c 2f 11 76 fd4 5 f b 5 f f 10 a 5 f f 10 fffff8c0 23 53 13f
FIXUPS: 2db6 148 29 68 231 c 44 5 f b 5 f f 10 a 1eb6 31 21 22 31 21 22
FIXUPS: 523b 21 22 2c 20 2b 4b 18 1c 18 29 13 1fe 5 f f 10 a 5 f f 10 a
FIXUPS: 5645 f fffff624 21 f 51 43 12 f a d 1a 36 d 9b 8 29 28 16 8 94
FIXUPS: 4fa0 25 15 e 21 21 1e 26 24 14 1b 15 21 fffff2ff 28 27 ca 10 a6
FIXUPS: 45e2 24 a 8 48 a 8 25 31 a 8 42 a 8 176 14 37 1e 2d b 13b 10 3a
FIXUPS: 4ada 13a 55 fffff1db 10 e e 14 16 18 2a 2a 4e 2b f 1a 22 12 1a
FIXUPS: 4018 1a 16 1d 38 17d 63 1d 24 a 8 1e 2e a 8 8f 13ce f f 10 a 5
FIXUPS: 57d7 f 10 ffffdbea 5e 1c a 13 13 16 42 43 14 14 24 2b 28 3c 30
FIXUPS: 364a 1a 1c4 1a 187 65 406 1e99 5 f f 10 fffffbf5 17 16 2b6 5 f
FIXUPS: 5bf7 5 f f 10 a 5 f f 10 fffffa65 11 2e 26 12 d 9 e 5 f b 631 b
FIXUPS: 5dc7 f f 10 a 5 f f 10 fffffed8 5 f b 5 f f 10 a 5 f f 10 fffffed8
FIXUPS: 5c76 f b 5 f f 10 4ac a 75 15 11 1b 15 10 11 18 41 c 82 c d 9 29
FIXUPS: 63c9 5 f b 5 f f 10 a 5 f f 10 fffff94b 5 cd0 1b 27 f 15 4f 5 f
FIXUPS: 6b4c 5 f f 10 a 5 f f 10 fffff2b8 22 15 27 f c 125 37 23 23 b 11
FIXUPS: 611e 30 3b1 27 f 9 26 1a 3a 7a 58 2f 4c 21 f 3d 13 33 21 f 76 27
FIXUPS: 6894 3f 21 f 63 27 f 11 13 62 20 27 3fe 19 1b 7 16 32 2e 11 18
FIXUPS: 6f63 18 1a f 22 20 30 17 b 15 b 5 f b 5 f f 10 a 5 f f 10 1a5c
FIXUPS: 4379c 17 b fffc53b0 15 16 ffffe558 5 f b 5 f f 10 a 5 f f 10 fffffa4c
FIXUPS: 6bf9 18 21 14d 64 13 10 1f 7 19 1b 1a57 21 45 16 18 2d 3adc2 fffc526e
FIXUPS: 89bd 1d b 13 37 15 18 9 14 3accb 17 b fffc532c 15 18 9 14 3ac94
FIXUPS: 43787 b fffc5363 19 18 9 fffff9d1 17 38 15 23 10 3c 18 e 1f 8 49
FIXUPS: 8685 12 18 3c 25 a 17 15 1e 19 12 1f 15 2a b 20 24 16 29 1d fffff9c5
FIXUPS: 828e 1f 1f e 18 a 8 31 d 17 11 9 15 13 8 e e 14 1e 12 f e 16 d
FIXUPS: 845e d 19 e 1c 23 15 3b1e5 9 c c c c c b 8 b fffc4930 13 22 b 22
FIXUPS: 80ce 18 1c 13 d f 23 a 3b a 8 2a 1f 12 16 e 18 fffffdff 3b543 b
FIXUPS: 43597 9 9 c 9 c 9 9 c c c c 9 b 8 9 9 c c c c c c c c c b 8 9 fffc46c5
FIXUPS: 7da0 27 f 1b 19 27 f 1b 18 19 27 f 19 27 f 3b e 23 21 14 5 f b
FIXUPS: 7fd6 f f 10 a 5 f f fffff9a4 f f f c c c 1e e ff 13 24 c 1b 13
FIXUPS: 7be9 c 1b 13 27 c 1b 13 27 c 1b 1b 18 18 19 27 f fffff8e9 1a c
FIXUPS: 7687 f c f c c c 16 1e f 1d 13 1b 36 2b 2b 2b 2b 12 f f f 1e 5
FIXUPS: 78db 8 7c 15 52 fffff9ca 1b 5 6b 24 12 4b d 17 13 16 18 18 12 1f
FIXUPS: 7556 c f c f c c c 20 1f c c f c f c c 1833 5 f b 5 f f 10 a 5
FIXUPS: 8eec f 10 ffffe281 f 12 33 19 1c f 1a 13 18 10 2f 2b 2b 2b 28 12
FIXUPS: 7372 f 1f87 f f 10 fffffbdf 5 f b 5 f f 10 a 5 f f 10 fffffc3a
FIXUPS: 8bf8 26 27 2c 20 27 f 9 31 7a 1e 49 4d 1a 1b85 42 1f d 5 f b 5
FIXUPS: aa6f f 10 a 5 f f 10 ffffe509 1e 6a 26 13f 47 7d 22 5 f b 5 f f
FIXUPS: 92f9 a 112a 23 22 11 35 22 27 24 2a 2b 11 32 11 1e 26 22 11 3f
FIXUPS: a6b3 11 42 e 17 1c 1b 11 7e ba 61 24 65 11 fffff533 13 9a f 46
FIXUPS: 9feb 24 1a 22 11 2b 11 1a 27 11 28 1e 11 24 12 4e 20 11 5b 1b bc
FIXUPS: a366 2a 2b 11 32 11 fffff40d ac f 4f 34 2e 2d f 18 1c 3e 15 1c
FIXUPS: 9a7c 87 4d 11 30 1f 1a 33 22 1f 39 21 c2 14 92 15 e 14 65 fe3 f
FIXUPS: ae97 6e 27 f 9 17 5 f b 5 f f 10 a 5 f f 10 ffffe35b 4f 2be 16
FIXUPS: 973d 27 43 12 21 8 8 1a 1823 f 10 a 5 f f 10 fffffac3 27 f 9 49
FIXUPS: abf5 f 9 2c 26 f 9 19 a9 7 a a 18 29 13 13 2b 13 5f 9c7 10 a 5
FIXUPS: b84d f 10 fffff845 11 3c 10 26 21 11 2e 5 f b 5 f f 10 a 5 f f
FIXUPS: b223 fffffdd1 5 f b 5 1d52 ffffe4f1 13 13 4a e 23 1e 104 1f 1f
FIXUPS: b472 15e 1a 4c 1f 1f 16 21 4a 1f 1f 16 35 31 17 17 5 f b 5 f 1296
FIXUPS: cac9 1a 23 1a 23 1a 23 1a 23 1a 23 1a 23 1a 23 1a 14 1f f b 5 f
FIXUPS: ccfa 5 f f 10 a 5 f f 715 40 154 33 27 67 1e f 2f 5 f b 5 f f 10
FIXUPS: d77c 5 f f 10 fffff1ac 1a 23 1a 23 1a 23 1a 23 1a 23 4f8 13 e c
FIXUPS: cfd4 c 23 32 30 20 e 14 16 20 e 14 70 16 1b e 14 f 15 2b f4 1b
FIXUPS: d336 1b 19 84 1b 19 ac6 3e 6 2a 4a 18 31 13 87 52 5 f b 5 f f 10
FIXUPS: e131 5 f f 10 ffffec1e 8a 18 11 41 11 4f 38 56 c 1250 a 5 f f 10
FIXUPS: d7e5 19 1d 18 d b f d 10 29 b 121 60 1a 30 9 c 1c 57 15 1a 13d
FIXUPS: dd17 137 13 3b 1894 13 13 13 13 13 26 39 f 3a 1d 11 12 5 f f 10
FIXUPS: f8b4 5 f f 10 a 5 f ffffe869 5 f b 5 f f 107f 1a 1a 1a 1a 19 1a
FIXUPS: f2f6 37 88 19 1b 1a 25 13 1a 46 1a 14a 16 16 16 16 16 16 16 16
FIXUPS: f6c5 16 16 16 16 fffff78a 1a 1a 1a 1a 1a 1a 62 1a 1a 1a 1a 1a 1a
FIXUPS: f05b 1a 1a 1a 1a 1a 1a 1a 1a 1a 1a 1a 1a 1a 1a 1a 1a 1a fffff737
FIXUPS: e96c 5a 40 c e 2e 56 32 c 2b 2b b7 1a 27 13 1a 65 1b 1a 2a d 20
FIXUPS: ed6e 23 c c 48 c 34 f 4d fffff669 16 16 16 16 16 16 16 16 16 13
FIXUPS: e5e2 13 13 13 16 78 d1 18 15 15 15 15 15 15 3a 1a 64 13 1b 29 d
FIXUPS: fde2 f 10 a 5 f f 10 fffffad2 5 f b 5 f f 10 a 5 f f 10 ffffe885
FIXUPS: e24e d 14 20 1e3 16 16 16 16 16 1eba 5 f f 10 a 5 f f 10 fffff5b4
FIXUPS: f9d6 11 13 10 13 10f 17 3b 1a 19 19 1c 5d c 20 37 109 5 f b 5 a98
FIXUPS: 1087a f 10 fffff5b4 98 27 f 9 43 92 27 f 9 1c 2f 23 5a 2d f c 50
FIXUPS: 10249 61 3e 34 2d f c 17 5 f 547 f 10 a 5 f f 10 fffffbd3 d1 23
FIXUPS: 1061c 1a 1d 66 44 26 1f 18 15 26 f 9 5d 5 f b 5 f f 10 a 6f57 19
FIXUPS: 1781e 29 f f 12 16 5 f f 10 a 5 f f 10 a 5 f 2beb0 c c c c c b
FIXUPS: 108a3 5 f b 5 69a9 31 87 13 7c 16 15 e 20 2c 14 20 1b 1e 10 9d
FIXUPS: 175a2 65 f 20 1d 3d 1e 24 f 15 6 c c 21 14 66 fffff64e 15 19 19
FIXUPS: 16e6d 24 2d 13 7c f 20 1d 1d 47 15 19 19 1b 2d 13 7c 1b f 20 1d
FIXUPS: 171aa 14 17 17 1c 32 21 fffff54d 3a 1d 11 19 25 1a 19 19 73 87
FIXUPS: 169d9 e 49 17 7f 35 28 56 e 35 31 48 14 1c 61 13 7c f 25 1d 1d
FIXUPS: 1631d 35 19 1b 42 13 7c f 20 1d 1c 35 1b 15 23 27 1b 1a 2b 2b 22
FIXUPS: 16638 1c 35 1b 15 23 1f 22 1b 1a 2b fffff603 25 1e 1e 17 1e 50
FIXUPS: 15e79 7c f 20 1d 25 1e 1e 17 50 13 7c f 20 1d 28 21 2c 42 40 3d
FIXUPS: 1625b 76 f 20 fffff594 3c 13 7c f 20 1d 5e f 13 f 20 1d 1c 32 2d
FIXUPS: 15b3a 13 7c 16 e 38 1d 25 15 22 2e 32 13 15 20 1d fffff65b 31 17
FIXUPS: 1541b 17 18 29 1d 21 3a f 1a 3a 40 3d 36 76 16 e 20 1d 1a 31 34
FIXUPS: 157a5 1b f 20 1d 28 24 23 fffff75a 1d 28 15 17 2c 22 1d 31 15 17
FIXUPS: 1513a 1d 24 15 17 2c 1d 1a 33 21 33 17 1a f 13 17 2a f 20 1d 1a
FIXUPS: 14bb3 23 2e 22 1d 29 1b 23 28 20 22 1d 16 20 18 20 1d 27 21 21
FIXUPS: 14e42 2b 23 17 25 22 1d 2f 28 15 17 25 fffff77b 76 16 19 6c 14
FIXUPS: 14867 14 25 16 15 19 80 14 14 14 14 25 16 15 e 20 1d 3d 1d 2b 29
FIXUPS: 14b1d 15 20 1d 29 fffff850 14 1f 13 14 1f 13 14 1f 13 14 1f 13
FIXUPS: 14514 1f 3b 15 26 15 1c 1f 19 15 e 20 1d 14 18 28 24 16 15 fffff879
FIXUPS: 13f9b 16 1b f 20 1d 21 28 12 21 23 f 20 21 1d 11 16 2a 5b 41 14
FIXUPS: 14237 7c 1c f 28 16 e 20 5c 1f fffff7f6 65 1d e 20 1d 25 1d 18
FIXUPS: 13ce9 24 23 f 20 1d 40 f 13 f 20 1d 1d 21 1d 27 1c 16 15 e 20 1d
FIXUPS: 13f6d fffff802 f 25 1d 1c 1b 29 2b 25 20 2d 1d 18 17 1a 15 22 1d
FIXUPS: 139b3 f 20 1d 48 23 f 20 1d 1f 21 f 20 1d fffff7f2 3d 13 7c f 20
FIXUPS: 13446 e 18 39 1d 1d 21 1d 1d 21 1d 1d 21 1d 27 21 21 1d 21 b 26
FIXUPS: 136c1 e 53 7 23 fffff61f 1d 28 10 34 1d 2c 24 71 49 1a 28 7c f
FIXUPS: 13008 1d 2c 24 67 2f f 1a 20 28 7c f 20 1d 11 16 35 6b fffff6b9
FIXUPS: 12a0c 2e 13 f 20 1d 25 1d 25 1d d 16 e 20 25 31 1d 1d 10 20 1d
FIXUPS: 12c56 1a 1b f 20 1d 2f 1b 1b f fffff76a 3f 33 12 7c f 1d 1d 10
FIXUPS: 1262e 1d 42 2d 1a 29 12 75 21 1d 25 1d 11 1f 1d 11 21 46 21 12
FIXUPS: 12978 f 20 fffff769 25 1d 25 25 25 25 1d 22 1d 10 1f 1d 10 20 1d
FIXUPS: 12312 2e 1d 11 13 f 1d 1d 1c f 1d b 2c e 20 1d fffff797 26 30 20
FIXUPS: 11ce2 12 3e 30 1d 16 b 24 1d 1d 1d 21 1d 3c 53 13 7c f 20 25 25
FIXUPS: 12015 25 25 25 25 25 25 fffff4a8 9a b2 19 14 c 11 16 16 27 16 1a
FIXUPS: 117e5 cb 1d 3b 15 18 1f 23 f 47 3a f 54 2b 63 17 5d 40 12 37 fffff620
FIXUPS: 1122d 40 48 f f f 24 f f f 24 f f f 1c f f 1b 1f b 44 1e 15 17
FIXUPS: 114a5 13 12 19 14 36 3c fffff938 12 6 37 a 22 e 5b c 18 1b 1b 1b
FIXUPS: 1101b 21 9 52 2d 12 d b 20 5 16 19 15 e d 14 18 3e 1e 679c a 5
FIXUPS: 179b4 ffff8fc5 6 a 6 d8 27 16 33 11 34 96 20 13 69 81 63 12 12
FIXUPS: 10d65 12 8 21 14 1e 14 1f 55 2d 6df0 e 1b d7 13 c7 13 10 7e f d
FIXUPS: 17f13 f b 5 f f 10 a 5 f f 10 fffff989 5 f f 10 a 5 f f d24 27
FIXUPS: 186e0 27 25 5 f b 5 f f 10 a 5 f f 10 fffff24c 25 1f 28 19 11 1b
FIXUPS: 17af3 3c e 37 15 e 87 3c 1064 10 fffff3f8 49 23 23 48 d 42 18 4c
FIXUPS: 1829b 21 e 16 d 21 e 53 25 16 24 66 a 2b 10 19 af a4 f 15 80 1ad
FIXUPS: 1883c 29 45 87 20 19 1c 27 20 19 3d d8 20 19 3b c 14 11 3b 4b 19
FIXUPS: 18c44 f b 5 f f 10 a 5 f cb0 a 5 f f 10 fffff376 99 1f d 73 23
FIXUPS: 18ef1 49 13 11 5 f b 5 f f 10 a 5 f f 10 fffff7e0 15 20 19 d71
FIXUPS: 195ab f 5d 15 21 15 1f f 52 2a 28 20 f 81 1e 2e 24 22 20 f 17 15
FIXUPS: 198f0 f e 5 f b 5 f f fffff712 60 33 15 21 1f f 60 15 21 15 1f
FIXUPS: 19231 b1 24 9 24 23 20 f 5d 29 28 20 f 27 15 1f f 57 33 15 11cc
FIXUPS: 1a747 fffff265 62 4a cb 51 1f 5d 38 15 2e 5d 24 10 cb 134 301 5
FIXUPS: 1a210 b 5 f f 10 a 5 f f 10 ffffedae 1d 1294 c 65 1e 1f 1e 1f 1e
FIXUPS: 1a412 1f 8 14 29 d 15 b 17 e c0 b3 34 49 5 f b 5 f f 10 a 5 f 540
FIXUPS: 1ac71 26 32 5 f b 5 f f 10 a 5 f f 10 fffff9f9 5 f b 5 f f 10 a
FIXUPS: 1a7b2 f f 10 fffffaba c 28 c37 5 f f 10 a 5 f f 10 fffff8b5 15
FIXUPS: 1a86c f c d0 ca 30 21 a 75 15 11 1b 15 10 11 18 41 c 82 c 778 e
FIXUPS: 1b3f9 15 10 e 15 5f 27 f c 71 27 f c 17 5 f b 5 f f 10 a 5 f f
FIXUPS: 1b63b fffff7a0 10b 5 f eea 5 f f 10 fffff1af 37 27 f c 43 27 f
FIXUPS: 1b0c4 2c 26 f c 19 98 7 a a 18 2e 4c 38 2a 27 b 11 8a 460 c db
FIXUPS: 1b995 53 1d 14 13 14 48 f 15 38 4e 27 f e0 1c 54 27 f 48 28 1c
FIXUPS: 1bd88 5 f b 5 f f 10 29a bb 70 16 b4 15 25 1c 20 f 90 5 f b 5 f
FIXUPS: 1c3c0 10 a 5 f f 10 fffff2c4 27 f c 31 60 16 34 21 ca1 5 f b 5
FIXUPS: 1c4e3 f 10 a 5 f f 10 fffffed8 5 f b 5 f f 10 a 5 f f 10 fffff9c1
FIXUPS: 1bf0e b 2d 68 1a
