 rBot

 Timestamp is 556c795a (Mon Jun 01 22:25:14 2015)

 Preferred load address is 00400000

 Start         Length     Name                   Class
 0001:00000000 0006c204H .text                   CODE
 0001:0006c210 00000623H .text$x                 CODE
 0001:0006c840 0000001eH .text$yc                CODE
 0001:0006c860 00000051H .text$yd                CODE
 0002:00000000 0000025cH .idata$5                DATA
 0002:0000025c 00000004H .CRT$XCA                DATA
 0002:00000260 00000004H .CRT$XCC                DATA
 0002:00000264 00000004H .CRT$XCZ                DATA
 0002:00000268 00000004H .CRT$XIA                DATA
 0002:0000026c 00000014H .CRT$XIC                DATA
 0002:00000280 00000004H .CRT$XIY                DATA
 0002:00000284 00000004H .CRT$XIZ                DATA
 0002:00000288 00000004H .CRT$XPA                DATA
 0002:0000028c 00000008H .CRT$XPX                DATA
 0002:00000294 00000004H .CRT$XPXA               DATA
 0002:00000298 00000004H .CRT$XPZ                DATA
 0002:0000029c 00000004H .CRT$XTA                DATA
 0002:000002a0 00000004H .CRT$XTZ                DATA
 0002:000002b0 00018d28H .rdata                  DATA
 0002:00018fd8 0000006aH .rdata$debug            DATA
 0002:00019044 0000034cH .rdata$r                DATA
 0002:00019390 00000084H .rdata$sxdata           DATA
 0002:00019414 00000004H .rtc$IAA                DATA
 0002:00019418 00000004H .rtc$IZZ                DATA
 0002:0001941c 00000004H .rtc$TAA                DATA
 0002:00019420 00000004H .rtc$TZZ                DATA
 0002:00019428 000016acH .xdata$x                DATA
 0002:0001aad4 00000028H .idata$2                DATA
 0002:0001aafc 00000014H .idata$3                DATA
 0002:0001ab10 0000025cH .idata$4                DATA
 0002:0001ad6c 00000ae4H .idata$6                DATA
 0002:0001b850 00000000H .edata                  DATA
 0003:00000000 000030e4H .data                   DATA
 0003:00003100 0002c184H .bss                    DATA

  Address         Publics by Value              Rva+Base       Lib:Object

 0000:00000000       __except_list              00000000     <absolute>
 0000:00000021       ___safe_se_handler_count   00000021     <absolute>
 0000:00000000       ___ImageBase               00400000     <linker-defined>
 0001:00000000       ?ListExploitStats@@YAXIPADH@Z 00401000 f   advscan.obj
 0001:00000101       ?currentIP@@YAXIPADHH@Z    00401101 f   advscan.obj
 0001:0000018f       ?CheckServers@@YAXUADVSCAN@@@Z 0040118f f   advscan.obj
 0001:0000042d       ?AdvGetNextIP@@YAKH@Z      0040142d f   advscan.obj
 0001:00000475       ?AdvGetNextIPRandom@@YAKPADH@Z 00401475 f   advscan.obj
 0001:00000511       ?AdvPortOpen@@YAHKII@Z     00401511 f   advscan.obj
 0001:000005c3       ?SynPortOpen@@YAHKKII@Z    004015c3 f   advscan.obj
 0001:00000803       ?AdvPortScanner@@YGKPAX@Z  00401803 f   advscan.obj
 0001:00000a21       ?AdvScanner@@YGKPAX@Z      00401a21 f   advscan.obj
 0001:00000c74       ?strrchr@@YAPADPADH@Z      00401c74 f i advscan.obj
 0001:00000c79       ?allocate@?$_DebugHeapAllocator@D@std@@QAAPADIPBX@Z 00401c79 f i advscan.obj
 0001:00000cc7       ??0bad_alloc@std@@QAE@PBD@Z 00401cc7 f i advscan.obj
 0001:00000ce0       ??1bad_alloc@std@@UAE@XZ   00401ce0 f i advscan.obj
 0001:00000ceb       ??_Ebad_alloc@std@@UAEPAXI@Z 00401ceb f i advscan.obj
 0001:00000ceb       ??_Gbad_alloc@std@@UAEPAXI@Z 00401ceb f i advscan.obj
 0001:00000d07       ?allocate@?$_DebugHeapAllocator@D@std@@QAEPADI@Z 00401d07 f i advscan.obj
 0001:00000d57       ?deallocate@?$_DebugHeapAllocator@D@std@@QAEXPADI@Z 00401d57 f i advscan.obj
 0001:00000d64       ??0bad_alloc@std@@QAE@ABV01@@Z 00401d64 f i advscan.obj
 0001:00000d7c       ??0?$_DebugHeapAllocator@D@std@@QAE@XZ 00401d7c f i advscan.obj
 0001:00000d88       ??0?$allocator@D@std@@QAE@XZ 00401d88 f i advscan.obj
 0001:00000d8b       ??0?$_DebugHeapAllocator@D@std@@QAE@ABV01@@Z 00401d8b f i advscan.obj
 0001:00000d9d       ??0?$allocator@D@std@@QAE@ABV01@@Z 00401d9d f i advscan.obj
 0001:00000da2       ??$_DebugHeapDelete@X@std@@YAXPAX@Z 00401da2 f i advscan.obj
 0001:00000daf       ?addalias@@YAHPAD0@Z       00401daf f   aliaslog.obj
 0001:00000e2f       ?aliaslist@@YAXIPADH@Z     00401e2f f   aliaslog.obj
 0001:00000ebb       ?addlog@@YAXPAD@Z          00401ebb f   aliaslog.obj
 0001:00000f2f       ?addlogv@@YAXPADZZ         00401f2f f   aliaslog.obj
 0001:00000f75       ?showlog@@YAXIPADHH0@Z     00401f75 f   aliaslog.obj
 0001:0000100f       ?clearlog@@YAXIPADHH@Z     0040200f f   aliaslog.obj
 0001:0000104e       ?searchlog@@YAHPAD@Z       0040204e f   aliaslog.obj
 0001:0000107d       ?ShowLogThread@@YGKPAX@Z   0040207d f   aliaslog.obj
 0001:000011ae       ?HandlerRoutine@@YGHK@Z    004021ae f   aliaslog.obj
 0001:000011bb       ?OpenConsole@@YAXXZ        004021bb f   aliaslog.obj
 0001:00001264       ?AutoStartRegs@@YAXPAD@Z   00402264 f   autostart.obj
 0001:000012d5       ?Capture@@YAHPAD@Z         004022d5 f   capture.obj
 0001:00001532       ?CaptureFrame@@YAHPADHHH@Z 00402532 f   capture.obj
 0001:0000171c       ?CaptureVideo@@YAHPADHHHH@Z 0040271c f   capture.obj
 0001:00001965       _cJSON_GetErrorPtr         00402965 f   cJSON.obj
 0001:0000196b       _cJSON_InitHooks           0040296b f   cJSON.obj
 0001:000019ac       _cJSON_Delete              004029ac f   cJSON.obj
 0001:00001a06       _cJSON_ParseWithOpts       00402a06 f   cJSON.obj
 0001:00001aaa       _cJSON_Parse               00402aaa f   cJSON.obj
 0001:00001abb       _cJSON_Print               00402abb f   cJSON.obj
 0001:00001acc       _cJSON_PrintUnformatted    00402acc f   cJSON.obj
 0001:00002830       _cJSON_GetArraySize        00403830 f   cJSON.obj
 0001:00002843       _cJSON_GetArrayItem        00403843 f   cJSON.obj
 0001:0000285e       _cJSON_GetObjectItem       0040385e f   cJSON.obj
 0001:000028ec       _cJSON_AddItemToArray      004038ec f   cJSON.obj
 0001:00002927       _cJSON_AddItemToObject     00403927 f   cJSON.obj
 0001:0000295a       _cJSON_AddItemReferenceToArray 0040395a f   cJSON.obj
 0001:000029a4       _cJSON_AddItemReferenceToObject 004039a4 f   cJSON.obj
 0001:000029bf       _cJSON_DetachItemFromArray 004039bf f   cJSON.obj
 0001:00002a0d       _cJSON_DeleteItemFromArray 00403a0d f   cJSON.obj
 0001:00002a24       _cJSON_DetachItemFromObject 00403a24 f   cJSON.obj
 0001:00002a62       _cJSON_DeleteItemFromObject 00403a62 f   cJSON.obj
 0001:00002a79       _cJSON_ReplaceItemInArray  00403a79 f   cJSON.obj
 0001:00002ad0       _cJSON_ReplaceItemInObject 00403ad0 f   cJSON.obj
 0001:00002b1c       _cJSON_CreateNull          00403b1c f   cJSON.obj
 0001:00002b2d       _cJSON_CreateTrue          00403b2d f   cJSON.obj
 0001:00002b3e       _cJSON_CreateFalse         00403b3e f   cJSON.obj
 0001:00002b4c       _cJSON_CreateBool          00403b4c f   cJSON.obj
 0001:00002b62       _cJSON_CreateNumber        00403b62 f   cJSON.obj
 0001:00002b8c       _cJSON_CreateString        00403b8c f   cJSON.obj
 0001:00002bb0       _cJSON_CreateArray         00403bb0 f   cJSON.obj
 0001:00002bc1       _cJSON_CreateObject        00403bc1 f   cJSON.obj
 0001:00002bd2       _cJSON_CreateIntArray      00403bd2 f   cJSON.obj
 0001:00002c23       _cJSON_CreateFloatArray    00403c23 f   cJSON.obj
 0001:00002c74       _cJSON_CreateDoubleArray   00403c74 f   cJSON.obj
 0001:00002cc5       _cJSON_CreateStringArray   00403cc5 f   cJSON.obj
 0001:00002d10       _cJSON_Duplicate           00403d10 f   cJSON.obj
 0001:00002dad       _cJSON_Minify              00403dad f   cJSON.obj
 0001:00002e32       ?crc32@@YAKPADI@Z          00403e32 f   crc32.obj
 0001:00002e61       ?crc32f@@YAKPAD@Z          00403e61 f   crc32.obj
 0001:00002ede       ?Crypt@@YAXPADK0K@Z        00403ede f   crypt.obj
 0001:0000310a       ?DDOSThread@@YGKPAX@Z      0040410a f   ddos.obj
 0001:000031cb       ?SendDDOS@@YAJKIPADGH@Z    004041cb f   ddos.obj
 0001:00003613       ?DDOSAttack@@YAJPAD000@Z   00404613 f   ddos.obj
 0001:00003676       ?DownloadThread@@YGKPAX@Z  00404676 f   download.obj
 0001:00003b96       ?Xorbuff@@YAPADPADH@Z      00404b96 f   download.obj
 0001:00003bb3       ?FileExists@@YAHPADH@Z     00404bb3 f   driveinfo.obj
 0001:00003bcd       ?commaI64@@YAPBD_K@Z       00404bcd f   driveinfo.obj
 0001:00003c56       ?DriveType@@YAPBDPBD@Z     00404c56 f   driveinfo.obj
 0001:00003c9f       ?DiskSpace@@YA?AUDKSP@@PBD@Z 00404c9f f   driveinfo.obj
 0001:00003cd3       ?DiskSpaceKB@@YA?AUDKSPKB@@PBD@Z 00404cd3 f   driveinfo.obj
 0001:00003df7       ?DriveSpace@@YAXIPADHPBD@Z 00404df7 f   driveinfo.obj
 0001:00003ede       ?DriveInfo@@YAXIPADHPBD@Z  00404ede f   driveinfo.obj
 0001:00003f52       ?String2Char@@YAHV?$basic_string@DU?$char_traits@D@std@@V?$allocator@D@2@@std@@QAD@Z 00404f52 f   facebook.obj
 0001:00003fa6       ?String2CharPointer@@YAPADV?$basic_string@DU?$char_traits@D@std@@V?$allocator@D@2@@std@@@Z 00404fa6 f   facebook.obj
 0001:00004000       ?DebugChar@@YAXXZ          00405000 f   facebook.obj
 0001:0000400b       ?GetFBStatuses@@YA?AUFbStatus@@V?$basic_string@DU?$char_traits@D@std@@V?$allocator@D@2@@std@@00@Z 0040500b f   facebook.obj
 0001:00004427       ?UpStatusFb@@YAHV?$basic_string@DU?$char_traits@D@std@@V?$allocator@D@2@@std@@00@Z 00405427 f   facebook.obj
 0001:000046c1       ?DecodeMessage@@YAXPADAAV?$basic_string@DU?$char_traits@D@std@@V?$allocator@D@2@@std@@@Z 004056c1 f   facebook.obj
 0001:0000499d       ?str2chr@@YAXQADV?$basic_string@DU?$char_traits@D@std@@V?$allocator@D@2@@std@@@Z 0040599d f   facebook.obj
 0001:000049e8       ??0?$basic_string@DU?$char_traits@D@std@@V?$allocator@D@2@@std@@QAE@PBD@Z 004059e8 f i facebook.obj
 0001:00004a2d       ??0?$basic_string@DU?$char_traits@D@std@@V?$allocator@D@2@@std@@QAE@ID@Z 00405a2d f i facebook.obj
 0001:00004a75       ??0?$basic_string@DU?$char_traits@D@std@@V?$allocator@D@2@@std@@QAE@ABV01@@Z 00405a75 f i facebook.obj
 0001:00004ab5       ??1?$basic_string@DU?$char_traits@D@std@@V?$allocator@D@2@@std@@QAE@XZ 00405ab5 f i facebook.obj
 0001:00004ae3       ?append@?$basic_string@DU?$char_traits@D@std@@V?$allocator@D@2@@std@@QAEAAV12@ABV12@@Z 00405ae3 f i facebook.obj
 0001:00004af3       ?append@?$basic_string@DU?$char_traits@D@std@@V?$allocator@D@2@@std@@QAEAAV12@PBD@Z 00405af3 f i facebook.obj
 0001:00004b22       ?length@?$char_traits@D@std@@SAIPBD@Z 00405b22 f i facebook.obj
 0001:00004b27       ??A?$basic_string@DU?$char_traits@D@std@@V?$allocator@D@2@@std@@QAEAADI@Z 00405b27 f i facebook.obj
 0001:00004b94       ?length@?$basic_string@DU?$char_traits@D@std@@V?$allocator@D@2@@std@@QBEIXZ 00405b94 f i facebook.obj
 0001:00004b98       ?size@?$basic_string@DU?$char_traits@D@std@@V?$allocator@D@2@@std@@QBEIXZ 00405b98 f i facebook.obj
 0001:00004b9c       ??1?$_String_val@DV?$allocator@D@std@@@std@@QAE@XZ 00405b9c f i facebook.obj
 0001:00004ba1       ??1_String_base@std@@QAE@XZ 00405ba1 f i facebook.obj
 0001:00004ba6       ??1_Container_base_secure@std@@QAE@XZ 00405ba6 f i facebook.obj
 0001:00004bab       ?_Orphan_all@_Container_base_secure@std@@QBEXXZ 00405bab f i facebook.obj
 0001:00004be3       ?append@?$basic_string@DU?$char_traits@D@std@@V?$allocator@D@2@@std@@QAEAAV12@ABV12@II@Z 00405be3 f i facebook.obj
 0001:00004c79       ?append@?$basic_string@DU?$char_traits@D@std@@V?$allocator@D@2@@std@@QAEAAV12@PBDI@Z 00405c79 f i facebook.obj
 0001:00004d1d       ?assign@?$basic_string@DU?$char_traits@D@std@@V?$allocator@D@2@@std@@QAEAAV12@ABV12@II@Z 00405d1d f i facebook.obj
 0001:00004da6       ?assign@?$basic_string@DU?$char_traits@D@std@@V?$allocator@D@2@@std@@QAEAAV12@PBD@Z 00405da6 f i facebook.obj
 0001:00004dd5       ?assign@?$basic_string@DU?$char_traits@D@std@@V?$allocator@D@2@@std@@QAEAAV12@ID@Z 00405dd5 f i facebook.obj
 0001:00004e12       ?_Tidy@?$basic_string@DU?$char_traits@D@std@@V?$allocator@D@2@@std@@IAEX_NI@Z 00405e12 f i facebook.obj
 0001:00004e64       ?_Myptr@?$basic_string@DU?$char_traits@D@std@@V?$allocator@D@2@@std@@IAEPADXZ 00405e64 f i facebook.obj
 0001:00004e72       ?_Myptr@?$basic_string@DU?$char_traits@D@std@@V?$allocator@D@2@@std@@IBEPBDXZ 00405e72 f i facebook.obj
 0001:00004e80       ??0?$_String_val@DV?$allocator@D@std@@@std@@IAE@V?$allocator@D@1@@Z 00405e80 f i facebook.obj
 0001:00004e9b       ??0?$_String_val@DV?$allocator@D@std@@@std@@QAE@ABV01@@Z 00405e9b f i facebook.obj
 0001:00004ec4       ??0_String_base@std@@QAE@XZ 00405ec4 f i facebook.obj
 0001:00004ed0       ??0_Container_base_secure@std@@QAE@XZ 00405ed0 f i facebook.obj
 0001:00004ed6       ?assign@?$basic_string@DU?$char_traits@D@std@@V?$allocator@D@2@@std@@QAEAAV12@PBDI@Z 00405ed6 f i facebook.obj
 0001:00004f4c       ?erase@?$basic_string@DU?$char_traits@D@std@@V?$allocator@D@2@@std@@QAEAAV12@II@Z 00405f4c f i facebook.obj
 0001:00004fae       ?_Chassign@?$basic_string@DU?$char_traits@D@std@@V?$allocator@D@2@@std@@IAEXIID@Z 00405fae f i facebook.obj
 0001:00004fe8       ?assign@?$char_traits@D@std@@SAXAADABD@Z 00405fe8 f i facebook.obj
 0001:00004ff5       ?assign@?$char_traits@D@std@@SAPADPADID@Z 00405ff5 f i facebook.obj
 0001:0000500c       ?_Eos@?$basic_string@DU?$char_traits@D@std@@V?$allocator@D@2@@std@@IAEXI@Z 0040600c f i facebook.obj
 0001:00005033       ?_Grow@?$basic_string@DU?$char_traits@D@std@@V?$allocator@D@2@@std@@IAE_NI_N@Z 00406033 f i facebook.obj
 0001:00005095       ?_Inside@?$basic_string@DU?$char_traits@D@std@@V?$allocator@D@2@@std@@IAE_NPBD@Z 00406095 f i facebook.obj
 0001:000050c3       ?deallocate@?$allocator@D@std@@QAEXPADI@Z 004060c3 f i facebook.obj
 0001:000050d0       ?max_size@?$basic_string@DU?$char_traits@D@std@@V?$allocator@D@2@@std@@QBEIXZ 004060d0 f i facebook.obj
 0001:000050e3       ?_Copy@?$basic_string@DU?$char_traits@D@std@@V?$allocator@D@2@@std@@IAEXII@Z 004060e3 f i facebook.obj
 0001:000051d9       ?allocate@?$allocator@D@std@@QAEPADI@Z 004061d9 f i facebook.obj
 0001:000051e9       ?max_size@?$allocator@D@std@@QBEIXZ 004061e9 f i facebook.obj
 0001:000051ed       ??$_Debug_pointer@D@std@@YAXPBDPB_WI@Z 004061ed f i facebook.obj
 0001:0000520a       ??$?HDU?$char_traits@D@std@@V?$allocator@D@1@@std@@YA?AV?$basic_string@DU?$char_traits@D@std@@V?$allocator@D@2@@0@ABV10@0@Z 0040620a f i facebook.obj
 0001:00005256       ??$?HDU?$char_traits@D@std@@V?$allocator@D@1@@std@@YA?AV?$basic_string@DU?$char_traits@D@std@@V?$allocator@D@2@@0@ABV10@PBD@Z 00406256 f i facebook.obj
 0001:000052a2       ??$?HDU?$char_traits@D@std@@V?$allocator@D@1@@std@@YA?AV?$basic_string@DU?$char_traits@D@std@@V?$allocator@D@2@@0@PBDABV10@@Z 004062a2 f i facebook.obj
 0001:000052ee       ??$copy_s@U?$char_traits@D@std@@@_Traits_helper@std@@YAPADPADIPBDI@Z 004062ee f i facebook.obj
 0001:00005313       ??$move_s@U?$char_traits@D@std@@@_Traits_helper@std@@YAPADPADIPBDI@Z 00406313 f i facebook.obj
 0001:00005338       ??$_Allocate@D@std@@YAPADIPAD@Z 00406338 f i facebook.obj
 0001:00005375       ??Y?$basic_string@DU?$char_traits@D@std@@V?$allocator@D@2@@std@@QAEAAV01@ABV01@@Z 00406375 f i facebook.obj
 0001:0000537a       ??Y?$basic_string@DU?$char_traits@D@std@@V?$allocator@D@2@@std@@QAEAAV01@PBD@Z 0040637a f i facebook.obj
 0001:0000537f       ??$_Char_traits_cat@U?$char_traits@D@std@@@std@@YA?AU_Secure_char_traits_tag@0@XZ 0040637f f i facebook.obj
 0001:00005386       ??$copy_s@U?$char_traits@D@std@@@_Traits_helper@std@@YAPADPADIPBDIU_Secure_char_traits_tag@1@@Z 00406386 f i facebook.obj
 0001:0000539f       ?_Copy_s@?$char_traits@D@std@@SAPADPADIPBDI@Z 0040639f f i facebook.obj
 0001:000053bb       ??$move_s@U?$char_traits@D@std@@@_Traits_helper@std@@YAPADPADIPBDIU_Secure_char_traits_tag@1@@Z 004063bb f i facebook.obj
 0001:000053d4       ?_Move_s@?$char_traits@D@std@@SAPADPADIPBDI@Z 004063d4 f i facebook.obj
 0001:000053f0       ?FindFileThread@@YGKPAX@Z  004063f0 f   findfile.obj
 0001:00005512       ?FindFile@@YAIIPADH00I@Z   00406512 f   findfile.obj
 0001:00005696       ?MemContains@@YA_NPBDH0H@Z 00406696 f   fphost.obj
 0001:000056ce       ?FpHost@@YAHPBDH@Z         004066ce f   fphost.obj
 0001:0000585c       ?HTTP_Server_Thread@@YGKPAX@Z 0040685c f   httpd.obj
 0001:00005cdb       ?HTTP_Header@@YGKPAX@Z     00406cdb f   httpd.obj
 0001:00005e5c       ?Check_Requested_File@@YAHIPAD0HH@Z 00406e5c f   httpd.obj
 0001:0000613f       ?GetFiles@@YAHPADI00@Z     0040713f f   httpd.obj
 0001:000067f4       ?HTTP_Send_File@@YAXIPAD@Z 004077f4 f   httpd.obj
 0001:000068d0       ?File_To_HTML@@YAPADPAD@Z  004078d0 f   httpd.obj
 0001:000068fe       ?HTTP_Connect@@YAXIPADHH0H000@Z 004078fe f   httpd.obj
 0001:00006a7e       ?strstr@@YAPADPADPBD@Z     00407a7e f i httpd.obj
 0001:00006a83       ?ICMPFloodThread@@YGKPAX@Z 00407a83 f   icmpflood.obj
 0001:00006dba       ?irc_sendv@@YAXIPADZZ      00407dba f   irc_send.obj
 0001:00006e14       ?irc_privmsg@@YAXIPAD0HH@Z 00407e14 f   irc_send.obj
 0001:00006ed0       ?SaveKeys@@YAHPADUKEYLOG@@@Z 00407ed0 f   keylogger.obj
 0001:00006fdc       ?KeyLoggerThread@@YGKPAX@Z 00407fdc f   keylogger.obj
 0001:000072e9       ?LoadDLLs@@YAHXZ           004082e9 f   loaddlls.obj
 0001:00007f37       ?CheckDLLs@@YAXIPADHH@Z    00408f37 f   loaddlls.obj
 0001:00008276       ?ConnectShell@@YA_NUEXINFO@@@Z 00409276 f   lsass.obj
 0001:000083de       ?Exploit2@@YA_NUEXINFO@@IH@Z 004093de f   lsass.obj
 0001:00008863       ?lsass@@YAHUEXINFO@@@Z     00409863 f   lsass.obj
 0001:00008a45       ?replacestr@@YAPADPADPBD1@Z 00409a45 f   misc.obj
 0001:00008ad6       ?Split@@YAHPADPAX@Z        00409ad6 f   misc.obj
 0001:00008b7a       ?initskip@@YAXPADHQAH@Z    00409b7a f   misc.obj
 0001:00008bb7       ?lstrindex@@YAHD@Z         00409bb7 f   misc.obj
 0001:00008bd7       ?lstrstr@@YAPADPAD0@Z      00409bd7 f   misc.obj
 0001:00008c9c       ?PrintError@@YAPADPAD@Z    00409c9c f   misc.obj
 0001:00008d3d       ?GetClipboardText@@YAPADXZ 00409d3d f   misc.obj
 0001:00008d78       ?mirccmd@@YAHPAD@Z         00409d78 f   misc.obj
 0001:00008dfd       ?SetFileTime@@YAXPAD@Z     00409dfd f   misc.obj
 0001:00008ec9       ?CreateProc@@YAKPAD0@Z     00409ec9 f   misc.obj
 0001:00008f72       ?Reboot@@YAHXZ             00409f72 f   misc.obj
 0001:00008f94       ?uninstall@@YAXXZ          00409f94 f   misc.obj
 0001:0000912e       ?Services@@YAPADHPAD@Z     0040a12e f   net.obj
 0001:000091b8       ?ServiceControl@@YAKHPADKKPAPBD@Z 0040a1b8 f   net.obj
 0001:000093c8       ?ListServices@@YAHIPADH@Z  0040a3c8 f   net.obj
 0001:0000953c       ?Shares@@YAPADHPAD0@Z      0040a53c f   net.obj
 0001:000095f7       ?AsAnsiString@@YAPADPB_W@Z 0040a5f7 f   net.obj
 0001:00009691       ?ShareAdd@@YAKPAD00@Z      0040a691 f   net.obj
 0001:0000974a       ?ShareDel@@YAKPAD0@Z       0040a74a f   net.obj
 0001:0000976d       ?ListShares@@YAHIPADH0@Z   0040a76d f   net.obj
 0001:000098bf       ?Users@@YAPADHPAD0I0H@Z    0040a8bf f   net.obj
 0001:00009987       ?UserAdd@@YAKPAD00@Z       0040a987 f   net.obj
 0001:000099e1       ?UserDel@@YAKPAD0@Z        0040a9e1 f   net.obj
 0001:00009a02       ?UserInfo@@YAKPAD0I0H@Z    0040aa02 f   net.obj
 0001:00009d8a       ?ListUsers@@YAHIPADH0@Z    0040ad8a f   net.obj
 0001:0000a06c       ?NetSend@@YAPADPADI0H@Z    0040b06c f   net.obj
 0001:0000a145       ?strchr@@YAPADPADH@Z       0040b145 f i net.obj
 0001:0000a14a       ?PrivateIP@@YAHPBD@Z       0040b14a f   netutils.obj
 0001:0000a1f5       ?ResolveAddress@@YAKPAD@Z  0040b1f5 f   netutils.obj
 0001:0000a21e       ?FlushDNSCache@@YAHXZ      0040b21e f   netutils.obj
 0001:0000a22d       ?FlushARPCache@@YAHXZ      0040b22d f   netutils.obj
 0001:0000a31d       ?GetIP@@YAPADI@Z           0040b31d f   netutils.obj
 0001:0000a38a       ?checksum@@YAGPAGH@Z       0040b38a f   netutils.obj
 0001:0000a3d7       ?in_cksum@@YAGPAGH@Z       0040b3d7 f   netutils.obj
 0001:0000a42c       ?ping@@YGKPAX@Z            0040b42c f   pingudp.obj
 0001:0000a5db       ?udp@@YGKPAX@Z             0040b5db f   pingudp.obj
 0001:0000a84a       ?AdjustPrivileges@@YAHPADH@Z 0040b84a f   processes.obj
 0001:0000a8b7       ?listProcesses@@YAHIPADH0HH@Z 0040b8b7 f   processes.obj
 0001:0000aabc       ?listProcessesThread@@YGKPAX@Z 0040babc f   processes.obj
 0001:0000ab8a       ?killProcess@@YAHH@Z       0040bb8a f   processes.obj
 0001:0000abc1       _WinMain@16                0040bbc1 f   rBot.obj
 0001:0000b01a       ?fb_connect@@YGKXZ         0040c01a f   rBot.obj
 0001:0000b051       ?fb_receiveloop@@YAHXZ     0040c051 f   rBot.obj
 0001:0000b379       ?fb_parseline@@YAHPADH@Z   0040c379 f   rBot.obj
 0001:0000f13e       ?Close_Handles@@YAXXZ      0041013e f   remotecmd.obj
 0001:0000f16e       ?send_commands@@YAHPAD@Z   0041016e f   remotecmd.obj
 0001:0000f1a6       ?pipe_send@@YAHIPAD0@Z     004101a6 f   remotecmd.obj
 0001:0000f243       ?PipeReadThread@@YGKPAX@Z  00410243 f   remotecmd.obj
 0001:0000f3b1       ?open_cmd@@YAHPAD@Z        004103b1 f   remotecmd.obj
 0001:0000f58f       ?RlogindClientThread@@YGKPAX@Z 0041058f f   rlogind.obj
 0001:0000f82e       ?RlogindThread@@YGKPAX@Z   0041082e f   rlogind.obj
 0001:0000fb0a       ?rndnickconst@@YAPADPAD@Z  00410b0a f   rndnick.obj
 0001:0000fb68       ?rndnickletter@@YAPADPAD@Z 00410b68 f   rndnick.obj
 0001:0000fbb5       ?rndnickcomp@@YAPADPAD@Z   00410bb5 f   rndnick.obj
 0001:0000fc5b       ?rndnickcountry@@YAPADPAD@Z 00410c5b f   rndnick.obj
 0001:0000fce4       ?rndnickos@@YAPADPAD@Z     00410ce4 f   rndnick.obj
 0001:0000fde3       ?prefixnick@@YAPADPAD@Z    00410de3 f   rndnick.obj
 0001:0000fe58       ?rndnick@@YAPADPADHH0@Z    00410e58 f   rndnick.obj
 0001:0000fec1       ?ScanConnectThread@@YGKPAX@Z 00410ec1 f   scan.obj
 0001:0000ff9f       ?ScanThread@@YGKPAX@Z      00410f9f f   scan.obj
 0001:000100ae       ?SecureThread@@YGKPAX@Z    004110ae f   secure.obj
 0001:00010110       ?SecureSystem@@YAHIPADHH@Z 00411110 f   secure.obj
 0001:00010448       ?UnSecureSystem@@YAHIPADHH@Z 00411448 f   secure.obj
 0001:0001078e       ?SessionRun@@YAHH@Z        0041178e f   session.obj
 0001:00010caf       ?GetShellcodeSize@@YAKPAD0@Z 00411caf f   shellcode.obj
 0001:00010ccf       ?GetShellcode@@YAKPADK00@Z 00411ccf f   shellcode.obj
 0001:00010da7       ?GetRNS0TerminatedShellcodeSize@@YAKPAD0@Z 00411da7 f   shellcode.obj
 0001:00010dbe       ?GetRNS0TerminatedShellcode@@YAKPADK00@Z 00411dbe f   shellcode.obj
 0001:00010e2b       ?GetRNS0EncodedSize@@YAKK@Z 00411e2b f   shellcode.obj
 0001:00010e46       ?EncodeRNS0@@YAKPADK0K@Z   00411e46 f   shellcode.obj
 0001:00010f4d       ?SynFloodThread@@YGKPAX@Z  00411f4d f   synflood.obj
 0001:00010ffa       ?SendSyn@@YAJKIGH@Z        00411ffa f   synflood.obj
 0001:00011398       ?SynFlood@@YAJPAD00@Z      00412398 f   synflood.obj
 0001:000113f7       ?Uptime@@YAPADH@Z          004123f7 f   sysinfo.obj
 0001:0001144a       ?OSVersionCheck@@YAHXZ     0041244a f   sysinfo.obj
 0001:000114d6       ?TcpFloodThread@@YGKPAX@Z  004124d6 f   tcpflood.obj
 0001:00011936       ?tftpserver@@YGKPAX@Z      00412936 f   tftpd.obj
 0001:00011e7d       ?addthread@@YAHPADHI@Z     00412e7d f   threads.obj
 0001:00011ee8       ?ListThread@@YGKPAX@Z      00412ee8 f   threads.obj
 0001:00011f3c       ?listthreads@@YAXIPADHH@Z  00412f3c f   threads.obj
 0001:00011fce       ?killthread@@YAHH@Z        00412fce f   threads.obj
 0001:00012054       ?killthreadall@@YAHXZ      00413054 f   threads.obj
 0001:00012086       ?killthreadid@@YAHHH@Z     00413086 f   threads.obj
 0001:000120d3       ?findthreadid@@YAHH@Z      004130d3 f   threads.obj
 0001:000120f2       ?findthreadnum@@YAHH@Z     004130f2 f   threads.obj
 0001:00012119       ?stopthread@@YAXIPADHH00H0@Z 00413119 f   threads.obj
 0001:000121c0       ?clearthread@@YAXH@Z       004131c0 f   threads.obj
 0001:000121fe       _Sleep@4                   004131fe f   kernel32:KERNEL32.dll
 0001:00012204       _GetLastError@0            00413204 f   kernel32:KERNEL32.dll
 0001:0001220a       _CreateThread@24           0041320a f   kernel32:KERNEL32.dll
 0001:00012210       _GetModuleFileNameA@12     00413210 f   kernel32:KERNEL32.dll
 0001:00012216       _ExitThread@4              00413216 f   kernel32:KERNEL32.dll
 0001:0001221c       _LeaveCriticalSection@4    0041321c f   kernel32:KERNEL32.dll
 0001:00012222       _EnterCriticalSection@4    00413222 f   kernel32:KERNEL32.dll
 0001:00012228       _GetTickCount@0            00413228 f   kernel32:KERNEL32.dll
 0001:0001222e       _InitializeCriticalSectionAndSpinCount@8 0041322e f   kernel32:KERNEL32.dll
 0001:00012234       _DeleteCriticalSection@4   00413234 f   kernel32:KERNEL32.dll
 0001:0001223a       _GetLocalTime@4            0041323a f   kernel32:KERNEL32.dll
 0001:00012240       _SetConsoleCtrlHandler@8   00413240 f   kernel32:KERNEL32.dll
 0001:00012246       _GetStdHandle@4            00413246 f   kernel32:KERNEL32.dll
 0001:0001224c       _AllocConsole@0            0041324c f   kernel32:KERNEL32.dll
 0001:00012252       _CloseHandle@4             00413252 f   kernel32:KERNEL32.dll
 0001:00012258       _WriteFile@20              00413258 f   kernel32:KERNEL32.dll
 0001:0001225e       _CreateFileA@28            0041325e f   kernel32:KERNEL32.dll
 0001:00012264       _QueryPerformanceCounter@4 00413264 f   kernel32:KERNEL32.dll
 0001:0001226a       _QueryPerformanceFrequency@4 0041326a f   kernel32:KERNEL32.dll
 0001:00012270       _ExitProcess@4             00413270 f   kernel32:KERNEL32.dll
 0001:00012276       _CreateProcessA@40         00413276 f   kernel32:KERNEL32.dll
 0001:0001227c       _FindClose@4               0041327c f   kernel32:KERNEL32.dll
 0001:00012282       _FindNextFileA@8           00413282 f   kernel32:KERNEL32.dll
 0001:00012288       _FindFirstFileA@8          00413288 f   kernel32:KERNEL32.dll
 0001:0001228e       _GetTimeFormatA@24         0041328e f   kernel32:KERNEL32.dll
 0001:00012294       _GetDateFormatA@24         00413294 f   kernel32:KERNEL32.dll
 0001:0001229a       _GetFileSize@8             0041329a f   kernel32:KERNEL32.dll
 0001:000122a0       _GetFileAttributesA@4      004132a0 f   kernel32:KERNEL32.dll
 0001:000122a6       _FileTimeToSystemTime@8    004132a6 f   kernel32:KERNEL32.dll
 0001:000122ac       _FileTimeToLocalFileTime@8 004132ac f   kernel32:KERNEL32.dll
 0001:000122b2       _ReadFile@20               004132b2 f   kernel32:KERNEL32.dll
 0001:000122b8       _SetFilePointer@16         004132b8 f   kernel32:KERNEL32.dll
 0001:000122be       _GetSystemDirectoryA@8     004132be f   kernel32:KERNEL32.dll
 0001:000122c4       _LoadLibraryA@4            004132c4 f   kernel32:KERNEL32.dll
 0001:000122ca       _GetProcAddress@8          004132ca f   kernel32:KERNEL32.dll
 0001:000122d0       _GetModuleHandleA@4        004132d0 f   kernel32:KERNEL32.dll
 0001:000122d6       _FormatMessageA@28         004132d6 f   kernel32:KERNEL32.dll
 0001:000122dc       _GlobalUnlock@4            004132dc f   kernel32:KERNEL32.dll
 0001:000122e2       _GlobalLock@4              004132e2 f   kernel32:KERNEL32.dll
 0001:000122e8       _UnmapViewOfFile@4         004132e8 f   kernel32:KERNEL32.dll
 0001:000122ee       _MapViewOfFile@20          004132ee f   kernel32:KERNEL32.dll
 0001:000122f4       _CreateFileMappingA@24     004132f4 f   kernel32:KERNEL32.dll
 0001:000122fa       _SetFileTime@16            004132fa f   kernel32:KERNEL32.dll
 0001:00012300       _GetFileTime@16            00413300 f   kernel32:KERNEL32.dll
 0001:00012306       _ExpandEnvironmentStringsA@12 00413306 f   kernel32:KERNEL32.dll
 0001:0001230c       _SetFileAttributesA@8      0041330c f   kernel32:KERNEL32.dll
 0001:00012312       _GetTempPathA@8            00413312 f   kernel32:KERNEL32.dll
 0001:00012318       _WideCharToMultiByte@32    00413318 f   kernel32:KERNEL32.dll
 0001:0001231e       _MultiByteToWideChar@24    0041331e f   kernel32:KERNEL32.dll
 0001:00012324       _GetComputerNameA@8        00413324 f   kernel32:KERNEL32.dll
 0001:0001232a       _GetCurrentProcess@0       0041332a f   kernel32:KERNEL32.dll
 0001:00012330       _TerminateProcess@8        00413330 f   kernel32:KERNEL32.dll
 0001:00012336       _OpenProcess@12            00413336 f   kernel32:KERNEL32.dll
 0001:0001233c       _DeleteFileA@4             0041333c f   kernel32:KERNEL32.dll
 0001:00012342       _GetCurrentProcessId@0     00413342 f   kernel32:KERNEL32.dll
 0001:00012348       _CopyFileA@12              00413348 f   kernel32:KERNEL32.dll
 0001:0001234e       _WaitForSingleObject@8     0041334e f   kernel32:KERNEL32.dll
 0001:00012354       _CreateMutexA@12           00413354 f   kernel32:KERNEL32.dll
 0001:0001235a       _TerminateThread@8         0041335a f   kernel32:KERNEL32.dll
 0001:00012360       _MoveFileA@8               00413360 f   kernel32:KERNEL32.dll
 0001:00012366       _GetExitCodeProcess@8      00413366 f   kernel32:KERNEL32.dll
 0001:0001236c       _PeekNamedPipe@24          0041336c f   kernel32:KERNEL32.dll
 0001:00012372       _DuplicateHandle@28        00413372 f   kernel32:KERNEL32.dll
 0001:00012378       _CreatePipe@16             00413378 f   kernel32:KERNEL32.dll
 0001:0001237e       _GetLocaleInfoA@16         0041337e f   kernel32:KERNEL32.dll
 0001:00012384       _GetVersionExA@4           00413384 f   kernel32:KERNEL32.dll
 0001:0001238a       _GetLogicalDrives@0        0041338a f   kernel32:KERNEL32.dll
 0001:00012390       _WaitForMultipleObjects@16 00413390 f   kernel32:KERNEL32.dll
 0001:00012396       _GenerateConsoleCtrlEvent@8 00413396 f   kernel32:KERNEL32.dll
 0001:000123a0       ??2@YAPAXIABU_DebugHeapTag_t@std@@PADH@Z 004133a0 f   libcpmtd:xdebug.obj
 0001:00012420       ??0bad_alloc@std@@QAE@XZ   00413420 f i libcpmtd:xdebug.obj
 0001:00012450       ??_U@YAPAXIABU_DebugHeapTag_t@std@@PADH@Z 00413450 f   libcpmtd:xdebug.obj
 0001:00012470       ??3@YAXPAXABU_DebugHeapTag_t@std@@PADH@Z 00413470 f   libcpmtd:xdebug.obj
 0001:00012490       ??_V@YAXPAXABU_DebugHeapTag_t@std@@PADH@Z 00413490 f   libcpmtd:xdebug.obj
 0001:000124b0       ?_DebugHeapTag_func@std@@YAABU_DebugHeapTag_t@1@XZ 004134b0 f   libcpmtd:xdebug.obj
 0001:000124c0       ?_Debug_message@std@@YAXPBD0@Z 004134c0 f   libcpmtd:stdthrow.obj
 0001:00012530       ?_Debug_message@std@@YAXPB_W0I@Z 00413530 f   libcpmtd:stdthrow.obj
 0001:00012560       ?_Debug_message@std@@YAXPBG0I@Z 00413560 f   libcpmtd:stdthrow.obj
 0001:00012580       ?_Throw@std@@YAXABVexception@stdext@@@Z 00413580 f   libcpmtd:stdthrow.obj
 0001:000125b0       ??0_Init_locks@std@@QAE@XZ 004135b0 f   libcpmtd:xlock.obj
 0001:00012600       ??1_Init_locks@std@@QAE@XZ 00413600 f   libcpmtd:xlock.obj
 0001:00012650       ?_Init_locks_ctor@_Init_locks@std@@CAXPAV12@@Z 00413650 f   libcpmtd:xlock.obj
 0001:000126a0       ?_Init_locks_dtor@_Init_locks@std@@CAXPAV12@@Z 004136a0 f   libcpmtd:xlock.obj
 0001:000126f0       ??0_Lockit@std@@QAE@XZ     004136f0 f   libcpmtd:xlock.obj
 0001:00012720       ??0_Lockit@std@@QAE@H@Z    00413720 f   libcpmtd:xlock.obj
 0001:00012760       ??1_Lockit@std@@QAE@XZ     00413760 f   libcpmtd:xlock.obj
 0001:00012790       ?_Lockit_ctor@_Lockit@std@@CAXPAV12@@Z 00413790 f   libcpmtd:xlock.obj
 0001:000127b0       ?_Lockit_ctor@_Lockit@std@@CAXPAV12@H@Z 004137b0 f   libcpmtd:xlock.obj
 0001:000127e0       ?_Lockit_dtor@_Lockit@std@@CAXPAV12@@Z 004137e0 f   libcpmtd:xlock.obj
 0001:00012800       ?_Lockit_ctor@_Lockit@std@@SAXH@Z 00413800 f   libcpmtd:xlock.obj
 0001:00012820       ?_Lockit_dtor@_Lockit@std@@SAXH@Z 00413820 f   libcpmtd:xlock.obj
 0001:00012840       ?_Xlen@_String_base@std@@SAXXZ 00413840 f   libcpmtd:string.obj
 0001:000128c0       ??0length_error@std@@QAE@ABV?$basic_string@DU?$char_traits@D@std@@V?$allocator@D@2@@1@@Z 004138c0 f i libcpmtd:string.obj
 0001:000128f0       ??0logic_error@std@@QAE@ABV?$basic_string@DU?$char_traits@D@std@@V?$allocator@D@2@@1@@Z 004138f0 f i libcpmtd:string.obj
 0001:00012960       ?what@logic_error@std@@UBEPBDXZ 00413960 f i libcpmtd:string.obj
 0001:00012980       ??_Elogic_error@std@@UAEPAXI@Z 00413980 f i libcpmtd:string.obj
 0001:00012980       ??_Glogic_error@std@@UAEPAXI@Z 00413980 f i libcpmtd:string.obj
 0001:000129b0       ??1logic_error@std@@UAE@XZ 004139b0 f i libcpmtd:string.obj
 0001:000129e0       ??1length_error@std@@UAE@XZ 004139e0 f i libcpmtd:string.obj
 0001:00012a00       ??_Elength_error@std@@UAEPAXI@Z 00413a00 f i libcpmtd:string.obj
 0001:00012a00       ??_Glength_error@std@@UAEPAXI@Z 00413a00 f i libcpmtd:string.obj
 0001:00012a30       ??0logic_error@std@@QAE@ABV01@@Z 00413a30 f i libcpmtd:string.obj
 0001:00012ab0       ??0length_error@std@@QAE@ABV01@@Z 00413ab0 f i libcpmtd:string.obj
 0001:00012ae0       ?_Xran@_String_base@std@@SAXXZ 00413ae0 f   libcpmtd:string.obj
 0001:00012b60       ??0out_of_range@std@@QAE@ABV?$basic_string@DU?$char_traits@D@std@@V?$allocator@D@2@@1@@Z 00413b60 f i libcpmtd:string.obj
 0001:00012b90       ??1out_of_range@std@@UAE@XZ 00413b90 f i libcpmtd:string.obj
 0001:00012bb0       ??_Eout_of_range@std@@UAEPAXI@Z 00413bb0 f i libcpmtd:string.obj
 0001:00012bb0       ??_Gout_of_range@std@@UAEPAXI@Z 00413bb0 f i libcpmtd:string.obj
 0001:00012be0       ??0out_of_range@std@@QAE@ABV01@@Z 00413be0 f i libcpmtd:string.obj
 0001:00012c10       ?_Xinvarg@_String_base@std@@SAXXZ 00413c10 f   libcpmtd:string.obj
 0001:00012c90       ??0invalid_argument@std@@QAE@ABV?$basic_string@DU?$char_traits@D@std@@V?$allocator@D@2@@1@@Z 00413c90 f i libcpmtd:string.obj
 0001:00012cc0       ??1invalid_argument@std@@UAE@XZ 00413cc0 f i libcpmtd:string.obj
 0001:00012ce0       ??_Einvalid_argument@std@@UAEPAXI@Z 00413ce0 f i libcpmtd:string.obj
 0001:00012ce0       ??_Ginvalid_argument@std@@UAEPAXI@Z 00413ce0 f i libcpmtd:string.obj
 0001:00012d10       ??0invalid_argument@std@@QAE@ABV01@@Z 00413d10 f i libcpmtd:string.obj
 0001:00012d40       ?c_str@?$basic_string@DU?$char_traits@D@std@@V?$allocator@D@2@@std@@QBEPBDXZ 00413d40 f i libcpmtd:string.obj
 0001:00012d60       ??_U@YAPAXI@Z              00413d60 f   libcpmtd:newaop.obj
 0001:00012d80       __Once                     00413d80 f   libcpmtd:xmtx.obj
 0001:00012de0       __Mtxinit                  00413de0 f   libcpmtd:xmtx.obj
 0001:00012e00       __Mtxdst                   00413e00 f   libcpmtd:xmtx.obj
 0001:00012e20       __Mtxlock                  00413e20 f   libcpmtd:xmtx.obj
 0001:00012e40       __Mtxunlock                00413e40 f   libcpmtd:xmtx.obj
 0001:00012e60       _strncat                   00413e60 f   LIBCMTD:strncat.obj
 0001:00012fa0       _sprintf                   00413fa0 f   LIBCMTD:sprintf.obj
 0001:00013120       __sprintf_l                00414120 f   LIBCMTD:sprintf.obj
 0001:00013150       _sprintf_s                 00414150 f   LIBCMTD:sprintf.obj
 0001:00013180       __sprintf_s_l              00414180 f   LIBCMTD:sprintf.obj
 0001:000131b0       __snprintf_s               004141b0 f   LIBCMTD:sprintf.obj
 0001:000131e0       __snprintf_s_l             004141e0 f   LIBCMTD:sprintf.obj
 0001:00013210       __sprintf_p                00414210 f   LIBCMTD:sprintf.obj
 0001:00013240       __sprintf_p_l              00414240 f   LIBCMTD:sprintf.obj
 0001:00013270       __scprintf                 00414270 f   LIBCMTD:sprintf.obj
 0001:00013290       __scprintf_p               00414290 f   LIBCMTD:sprintf.obj
 0001:000132b0       __scprintf_l               004142b0 f   LIBCMTD:sprintf.obj
 0001:000132e0       __scprintf_p_l             004142e0 f   LIBCMTD:sprintf.obj
 0001:00013310       @__security_check_cookie@4 00414310 f   LIBCMTD:secchk.obj
 0001:00013320       _strncpy                   00414320 f   LIBCMTD:strncpy.obj
 0001:00013450       _strrchr                   00414450 f   LIBCMTD:strrchr.obj
 0001:00013480       _memcpy                    00414480 f   LIBCMTD:memcpy.obj
 0001:000137f0       _srand                     004147f0 f   LIBCMTD:rand.obj
 0001:00013810       _rand                      00414810 f   LIBCMTD:rand.obj
 0001:00013850       _sscanf                    00414850 f   LIBCMTD:sscanf.obj
 0001:000139c0       __sscanf_l                 004149c0 f   LIBCMTD:sscanf.obj
 0001:000139f0       _sscanf_s                  004149f0 f   LIBCMTD:sscanf.obj
 0001:00013a20       __sscanf_s_l               00414a20 f   LIBCMTD:sscanf.obj
 0001:00013a50       _strlen                    00414a50 f   LIBCMTD:strlen.obj
 0001:00013ae0       _memset                    00414ae0 f   LIBCMTD:memset.obj
 0001:00013b60       __alloca_probe             00414b60     LIBCMTD:chkstk.obj
 0001:00013b60       __chkstk                   00414b60 f   LIBCMTD:chkstk.obj
 0001:00013b90       __CxxThrowException@8      00414b90 f   LIBCMTD:throw.obj
 0001:00013bf0       ?name@type_info@@QBEPBDPAU__type_info_node@@@Z 00414bf0 f   LIBCMTD:typinfo.obj
 0001:00013c10       ??1type_info@@UAE@XZ       00414c10 f   LIBCMTD:typinfo.obj
 0001:00013c40       ??_Gtype_info@@UAEPAXI@Z   00414c40 f i LIBCMTD:typinfo.obj
 0001:00013c40       ??_Etype_info@@UAEPAXI@Z   00414c40 f i LIBCMTD:typinfo.obj
 0001:00013c70       ?_name_internal_method@type_info@@QBEPBDPAU__type_info_node@@@Z 00414c70 f   LIBCMTD:typinfo.obj
 0001:00013c90       ?_type_info_dtor_internal_method@type_info@@QAEXXZ 00414c90 f   LIBCMTD:typinfo.obj
 0001:00013cb0       ??8type_info@@QBE_NABV0@@Z 00414cb0 f   LIBCMTD:typinfo.obj
 0001:00013ce0       ??9type_info@@QBE_NABV0@@Z 00414ce0 f   LIBCMTD:typinfo.obj
 0001:00013d10       ?before@type_info@@QBEHABV1@@Z 00414d10 f   LIBCMTD:typinfo.obj
 0001:00013d40       ?raw_name@type_info@@QBEPBDXZ 00414d40 f   LIBCMTD:typinfo.obj
 0001:00013d60       ??0type_info@@AAE@ABV0@@Z  00414d60 f   LIBCMTD:typinfo.obj
 0001:00013d80       ??4type_info@@AAEAAV0@ABV0@@Z 00414d80 f   LIBCMTD:typinfo.obj
 0001:00013da0       ??0exception@std@@QAE@XZ   00414da0 f   LIBCMTD:stdexcpt.obj
 0001:00013dd0       ??_Gexception@std@@UAEPAXI@Z 00414dd0 f i LIBCMTD:stdexcpt.obj
 0001:00013dd0       ??_Eexception@std@@UAEPAXI@Z 00414dd0 f i LIBCMTD:stdexcpt.obj
 0001:00013e00       ??0exception@std@@QAE@ABQBD@Z 00414e00 f   LIBCMTD:stdexcpt.obj
 0001:00013e90       ??0exception@std@@QAE@ABQBDH@Z 00414e90 f   LIBCMTD:stdexcpt.obj
 0001:00013ec0       ??0exception@std@@QAE@ABV01@@Z 00414ec0 f   LIBCMTD:stdexcpt.obj
 0001:00013f60       ??4exception@std@@QAEAAV01@ABV01@@Z 00414f60 f   LIBCMTD:stdexcpt.obj
 0001:00014010       ??1exception@std@@UAE@XZ   00415010 f   LIBCMTD:stdexcpt.obj
 0001:00014040       ?what@exception@std@@UBEPBDXZ 00415040 f   LIBCMTD:stdexcpt.obj
 0001:00014070       ??0bad_cast@std@@QAE@PBD@Z 00415070 f   LIBCMTD:stdexcpt.obj
 0001:000140a0       ??_Gbad_cast@std@@UAEPAXI@Z 004150a0 f i LIBCMTD:stdexcpt.obj
 0001:000140a0       ??_Ebad_cast@std@@UAEPAXI@Z 004150a0 f i LIBCMTD:stdexcpt.obj
 0001:000140d0       ??0bad_cast@std@@QAE@ABV01@@Z 004150d0 f   LIBCMTD:stdexcpt.obj
 0001:00014100       ??1bad_cast@std@@UAE@XZ    00415100 f   LIBCMTD:stdexcpt.obj
 0001:00014120       ??0bad_typeid@std@@QAE@PBD@Z 00415120 f   LIBCMTD:stdexcpt.obj
 0001:00014150       ??_Gbad_typeid@std@@UAEPAXI@Z 00415150 f i LIBCMTD:stdexcpt.obj
 0001:00014150       ??_Ebad_typeid@std@@UAEPAXI@Z 00415150 f i LIBCMTD:stdexcpt.obj
 0001:00014180       ??0bad_typeid@std@@QAE@ABV01@@Z 00415180 f   LIBCMTD:stdexcpt.obj
 0001:000141b0       ??1bad_typeid@std@@UAE@XZ  004151b0 f   LIBCMTD:stdexcpt.obj
 0001:000141d0       ??0__non_rtti_object@std@@QAE@PBD@Z 004151d0 f   LIBCMTD:stdexcpt.obj
 0001:00014200       ??_G__non_rtti_object@std@@UAEPAXI@Z 00415200 f i LIBCMTD:stdexcpt.obj
 0001:00014200       ??_E__non_rtti_object@std@@UAEPAXI@Z 00415200 f i LIBCMTD:stdexcpt.obj
 0001:00014230       ??0__non_rtti_object@std@@QAE@ABV01@@Z 00415230 f   LIBCMTD:stdexcpt.obj
 0001:00014260       ??1__non_rtti_object@std@@UAE@XZ 00415260 f   LIBCMTD:stdexcpt.obj
 0001:00014280       ??3@YAXPAX@Z               00415280 f   LIBCMTD:dbgdel.obj
 0001:00014370       _free                      00415370 f   LIBCMTD:dbgfree.obj
 0001:00014390       _strcmp                    00415390 f   LIBCMTD:strcmp.obj
 0001:00014420       __snprintf                 00415420 f   LIBCMTD:snprintf.obj
 0001:000145d0       __snprintf_l               004155d0 f   LIBCMTD:snprintf.obj
 0001:00014600       __vsnprintf_l              00415600 f   LIBCMTD:vsnprint.obj
 0001:000147a0       __vsnprintf                004157a0 f   LIBCMTD:vsnprint.obj
 0001:000147d0       _atol                      004157d0 f   LIBCMTD:atox.obj
 0001:000147f0       __atol_l                   004157f0 f   LIBCMTD:atox.obj
 0001:00014810       _atoi                      00415810 f   LIBCMTD:atox.obj
 0001:00014830       __atoi_l                   00415830 f   LIBCMTD:atox.obj
 0001:00014850       __atoi64                   00415850 f   LIBCMTD:atox.obj
 0001:00014870       __atoi64_l                 00415870 f   LIBCMTD:atox.obj
 0001:00014890       _setvbuf                   00415890 f   LIBCMTD:setvbuf.obj
 0001:00014b60       ___iob_func                00415b60 f   LIBCMTD:_file.obj
 0001:00014b70       ___initstdio               00415b70 f   LIBCMTD:_file.obj
 0001:00014cc0       ___endstdio                00415cc0 f   LIBCMTD:_file.obj
 0001:00014cf0       __lock_file                00415cf0 f   LIBCMTD:_file.obj
 0001:00014d50       __lock_file2               00415d50 f   LIBCMTD:_file.obj
 0001:00014d90       __unlock_file              00415d90 f   LIBCMTD:_file.obj
 0001:00014df0       __unlock_file2             00415df0 f   LIBCMTD:_file.obj
 0001:00014e30       __fdopen                   00415e30 f   LIBCMTD:fdopen.obj
 0001:00015370       __alloc_osfhnd             00416370 f   LIBCMTD:osfinfo.obj
 0001:00015620       __set_osfhnd               00416620 f   LIBCMTD:osfinfo.obj
 0001:000156f0       __free_osfhnd              004166f0 f   LIBCMTD:osfinfo.obj
 0001:000157e0       __get_osfhandle            004167e0 f   LIBCMTD:osfinfo.obj
 0001:00015950       __open_osfhandle           00416950 f   LIBCMTD:osfinfo.obj
 0001:00015b80       ___lock_fhandle            00416b80 f   LIBCMTD:osfinfo.obj
 0001:00015c80       __unlock_fhandle           00416c80 f   LIBCMTD:osfinfo.obj
 0001:00015cb0       _malloc                    00416cb0 f   LIBCMTD:dbgmalloc.obj
 0001:00015ce0       _strncmp                   00416ce0 f   LIBCMTD:strncmp.obj
 0001:00015e60       _pow                       00416e60 f   LIBCMTD:_pow_.obj
 0001:00015ea0       __CIpow                    00416ea0 f   LIBCMTD:_pow_.obj
 0001:00015edb       __CIpow_default            00416edb f   LIBCMTD:_pow_.obj
 0001:00015ef4       __pow_default              00416ef4     LIBCMTD:_pow_.obj
 0001:000160f0       __fpmath                   004170f0 f   LIBCMTD:_fpinit_.obj
 0001:00016120       __fpclear                  00417120 f   LIBCMTD:_fpinit_.obj
 0001:00016130       __cfltcvt_init             00417130 f   LIBCMTD:_fpinit_.obj
 0001:000161a0       ___setfflag                004171a0 f   LIBCMTD:_fpinit_.obj
 0001:000161c0       __ftol2_sse                004171c0 f   LIBCMTD:ftol2.obj
 0001:000161c9       __ftol2_pentium4           004171c9 f   LIBCMTD:ftol2.obj
 0001:000161dc       __ftol2_sse_excpt          004171dc f   LIBCMTD:ftol2.obj
 0001:000161f6       __ftol2                    004171f6 f   LIBCMTD:ftol2.obj
 0001:00016270       _floor                     00417270 f   LIBCMTD:_floor_pentium4_.obj
 0001:000162b0       __floor_pentium4           004172b0 f   LIBCMTD:_floor_pentium4_.obj
 0001:000163a0       _fabs                      004173a0 f   LIBCMTD:_fabs_.obj
 0001:000164b0       _strchr                    004174b0 f   LIBCMTD:strchr.obj
 0001:000164b6       ___from_strstr_to_strchr   004174b6     LIBCMTD:strchr.obj
 0001:00016570       _strcpy                    00417570 f   LIBCMTD:strcat.obj
 0001:00016580       _strcat                    00417580 f   LIBCMTD:strcat.obj
 0001:00016670       __tolower                  00417670 f   LIBCMTD:tolower.obj
 0001:00016680       __tolower_l                00417680 f   LIBCMTD:tolower.obj
 0001:00016860       ??0_LocaleUpdate@@QAE@PAUlocaleinfo_struct@@@Z 00417860 f i LIBCMTD:tolower.obj
 0001:00016940       ??1_LocaleUpdate@@QAE@XZ   00417940 f i LIBCMTD:tolower.obj
 0001:00016970       ?GetLocaleT@_LocaleUpdate@@QAEPAUlocaleinfo_struct@@XZ 00417970 f i LIBCMTD:tolower.obj
 0001:00016980       _tolower                   00417980 f   LIBCMTD:tolower.obj
 0001:000169d0       _fclose                    004179d0 f   LIBCMTD:fclose.obj
 0001:00016ae0       __fclose_nolock            00417ae0 f   LIBCMTD:fclose.obj
 0001:00016be0       _fread_s                   00417be0 f   LIBCMTD:fread.obj
 0001:00016d10       __fread_nolock_s           00417d10 f   LIBCMTD:fread.obj
 0001:000172f0       _fread                     004182f0 f   LIBCMTD:fread.obj
 0001:00017320       __fread_nolock             00418320 f   LIBCMTD:fread.obj
 0001:00017350       _realloc                   00418350 f   LIBCMTD:dbgrealloc.obj
 0001:00017380       _feof                      00418380 f   LIBCMTD:feoferr.obj
 0001:00017400       _ferror                    00418400 f   LIBCMTD:feoferr.obj
 0001:00017480       __fsopen                   00418480 f   LIBCMTD:fopen.obj
 0001:00017690       _fopen                     00418690 f   LIBCMTD:fopen.obj
 0001:000176b0       _fopen_s                   004186b0 f   LIBCMTD:fopen.obj
 0001:00017750       __allmul                   00418750 f   LIBCMTD:llmul.obj
 0001:00017790       __access                   00418790 f   LIBCMTD:access.obj
 0001:000177c0       __access_s                 004187c0 f   LIBCMTD:access.obj
 0001:00017920       __aulldvrm                 00418920 f   LIBCMTD:ulldvrm.obj
 0001:000179c0       __alldiv                   004189c0 f   LIBCMTD:lldiv.obj
 0001:00017a70       ?_JumpToContinuation@@YGXPAXPAUEHRegistrationNode@@@Z 00418a70 f   LIBCMTD:_trnsctrl_.obj
 0001:00017ab0       ?_CallMemberFunction0@@YGXPAX0@Z 00418ab0 f   LIBCMTD:_trnsctrl_.obj
 0001:00017ac0       ?_CallMemberFunction1@@YGXPAX00@Z 00418ac0 f   LIBCMTD:_trnsctrl_.obj
 0001:00017ad0       ?_CallMemberFunction2@@YGXPAX00H@Z 00418ad0 f   LIBCMTD:_trnsctrl_.obj
 0001:00017ae0       ?_UnwindNestedFrames@@YGXPAUEHRegistrationNode@@PAUEHExceptionRecord@@@Z 00418ae0 f   LIBCMTD:_trnsctrl_.obj
 0001:00017b40       ___CxxFrameHandler         00418b40 f   LIBCMTD:_trnsctrl_.obj
 0001:00017b80       ___CxxFrameHandler3        00418b80 f   LIBCMTD:_trnsctrl_.obj
 0001:00017bc0       ___CxxFrameHandler2        00418bc0 f   LIBCMTD:_trnsctrl_.obj
 0001:00017c00       ___CxxLongjmpUnwind@4      00418c00 f   LIBCMTD:_trnsctrl_.obj
 0001:00017c30       ?_CallCatchBlock2@@YAPAXPAUEHRegistrationNode@@PBU_s_FuncInfo@@PAXHK@Z 00418c30 f   LIBCMTD:_trnsctrl_.obj
 0001:00017cf0       ?_CallSETranslator@@YAHPAUEHExceptionRecord@@PAUEHRegistrationNode@@PAX2PBU_s_FuncInfo@@H1@Z 00418cf0 f   LIBCMTD:_trnsctrl_.obj
 0001:00017e90       ?_GetRangeOfTrysToCheck@@YAPBU_s_TryBlockMapEntry@@PBU_s_FuncInfo@@HHPAI1@Z 00418e90 f   LIBCMTD:_trnsctrl_.obj
 0001:00017f10       __CreateFrameInfo          00418f10 f   LIBCMTD:_trnsctrl_.obj
 0001:00017f40       __IsExceptionObjectToBeDestroyed 00418f40 f   LIBCMTD:_trnsctrl_.obj
 0001:00017f70       __FindAndUnlinkFrame       00418f70 f   LIBCMTD:_trnsctrl_.obj
 0001:00017fd0       __EH_prolog3               00418fd0 f   LIBCMTD:ehprolg3.obj
 0001:00018010       __EH_prolog3_catch         00419010 f   LIBCMTD:ehprolg3.obj
 0001:00018050       __EH_prolog3_GS            00419050 f   LIBCMTD:ehprolg3.obj
 0001:00018090       __EH_prolog3_catch_GS      00419090 f   LIBCMTD:ehprolg3.obj
 0001:000180d0       __EH_epilog3               004190d0 f   LIBCMTD:ehprolg3.obj
 0001:000180f0       __EH_epilog3_GS            004190f0 f   LIBCMTD:ehprolg3.obj
 0001:00018100       __EH_epilog3_catch_GS      00419100 f   LIBCMTD:ehprolg3.obj
 0001:00018110       _printf                    00419110 f   LIBCMTD:printf.obj
 0001:00018250       __printf_l                 00419250 f   LIBCMTD:printf.obj
 0001:00018280       __printf_s_l               00419280 f   LIBCMTD:printf.obj
 0001:000182b0       _printf_s                  004192b0 f   LIBCMTD:printf.obj
 0001:000182e0       __printf_p_l               004192e0 f   LIBCMTD:printf.obj
 0001:00018310       __printf_p                 00419310 f   LIBCMTD:printf.obj
 0001:00018340       __set_printf_count_output  00419340 f   LIBCMTD:printf.obj
 0001:00018390       __get_printf_count_output  00419390 f   LIBCMTD:printf.obj
 0001:000183b0       __initp_misc_invarg        004193b0 f   LIBCMTD:invarg.obj
 0001:000183c0       __invalid_parameter        004193c0 f   LIBCMTD:invarg.obj
 0001:00018430       __invoke_watson            00419430 f   LIBCMTD:invarg.obj
 0001:00018580       __set_invalid_parameter_handler 00419580 f   LIBCMTD:invarg.obj
 0001:000185d0       __get_invalid_parameter_handler 004195d0 f   LIBCMTD:invarg.obj
 0001:00018600       ?_invalid_parameter@@YAXPBG00II@Z 00419600 f   LIBCMTD:invarg.obj
 0001:00018630       ?_invoke_watson@@YAXPBG00II@Z 00419630 f   LIBCMTD:invarg.obj
 0001:00018660       __CrtSetReportHookW2       00419660 f   LIBCMTD:dbgrptw.obj
 0001:00018980       __CrtDbgReportW            00419980 f   LIBCMTD:dbgrptw.obj
 0001:000189c0       __CrtDbgReportWV           004199c0 f i LIBCMTD:dbgrptw.obj
 0001:000189f0       ___crtMessageWindowW       004199f0 f   LIBCMTD:dbgrptw.obj
 0001:00018df0       __invoke_watson_if_error   00419df0 f i LIBCMTD:dbgrptw.obj
 0001:00018e20       __invoke_watson_if_oneof   00419e20 f i LIBCMTD:dbgrptw.obj
 0001:00018e70       ?_CrtDbgReportW@@YAHHPBGH00ZZ 00419e70 f   LIBCMTD:dbgrptw.obj
 0001:00018eb0       ??2@YAPAXI@Z               00419eb0 f   LIBCMTD:new.obj
 0001:00018f30       _memcpy_s                  00419f30 f   LIBCMTD:memcpy_s.obj
 0001:000190c0       _memmove_s                 0041a0c0 f   LIBCMTD:memmove_s.obj
 0001:00019220       _memcmp                    0041a220 f   LIBCMTD:memcmp.obj
 0001:00019c90       _strtok                    0041ac90 f   LIBCMTD:strtok.obj
 0001:00019de0       _strstr                    0041ade0 f   LIBCMTD:strstr.obj
 0001:00019e70       _fprintf                   0041ae70 f   LIBCMTD:fprintf.obj
 0001:0001a110       __fprintf_l                0041b110 f   LIBCMTD:fprintf.obj
 0001:0001a140       __fprintf_s_l              0041b140 f   LIBCMTD:fprintf.obj
 0001:0001a170       _fprintf_s                 0041b170 f   LIBCMTD:fprintf.obj
 0001:0001a1a0       __fprintf_p_l              0041b1a0 f   LIBCMTD:fprintf.obj
 0001:0001a1d0       __fprintf_p                0041b1d0 f   LIBCMTD:fprintf.obj
 0001:0001a200       _wcslen                    0041b200 f   LIBCMTD:wcslen.obj
 0001:0001a230       __mbstowcs_l_helper        0041b230 f   LIBCMTD:mbstowcs.obj
 0001:0001a580       __mbstowcs_l               0041b580 f   LIBCMTD:mbstowcs.obj
 0001:0001a5a0       _mbstowcs                  0041b5a0 f   LIBCMTD:mbstowcs.obj
 0001:0001a5f0       __mbstowcs_s_l             0041b5f0 f   LIBCMTD:mbstowcs.obj
 0001:0001a970       _mbstowcs_s                0041b970 f   LIBCMTD:mbstowcs.obj
 0001:0001a9a0       __crt_waiting_on_module_handle 0041b9a0 f   LIBCMTD:crt0dat.obj
 0001:0001aa00       __cinit                    0041ba00 f   LIBCMTD:crt0dat.obj
 0001:0001aaa0       _exit                      0041baa0 f   LIBCMTD:crt0dat.obj
 0001:0001aac0       __exit                     0041bac0 f   LIBCMTD:crt0dat.obj
 0001:0001aae0       __cexit                    0041bae0 f   LIBCMTD:crt0dat.obj
 0001:0001ab00       __c_exit                   0041bb00 f   LIBCMTD:crt0dat.obj
 0001:0001ab20       __amsg_exit                0041bb20 f   LIBCMTD:crt0dat.obj
 0001:0001ab60       ___freeCrtMemory           0041bb60 f   LIBCMTD:crt0dat.obj
 0001:0001aeb0       ___crtCorExitProcess       0041beb0 f   LIBCMTD:crt0dat.obj
 0001:0001aef0       ___crtExitProcess          0041bef0 f   LIBCMTD:crt0dat.obj
 0001:0001af10       __lockexit                 0041bf10 f   LIBCMTD:crt0dat.obj
 0001:0001af30       __unlockexit               0041bf30 f   LIBCMTD:crt0dat.obj
 0001:0001af50       __init_pointers            0041bf50 f   LIBCMTD:crt0dat.obj
 0001:0001b010       __initterm_e               0041c010 f   LIBCMTD:crt0dat.obj
 0001:0001b050       __get_wpgmptr              0041c050 f   LIBCMTD:crt0dat.obj
 0001:0001b140       __get_pgmptr               0041c140 f   LIBCMTD:crt0dat.obj
 0001:0001b230       __splitpath                0041c230 f   LIBCMTD:splitpat.obj
 0001:0001b670       _fgets                     0041c670 f   LIBCMTD:fgets.obj
 0001:0001ba00       _strtol                    0041ca00 f   LIBCMTD:strtol.obj
 0001:0001bf30       __strtol_l                 0041cf30 f   LIBCMTD:strtol.obj
 0001:0001bf60       _strtoul                   0041cf60 f   LIBCMTD:strtol.obj
 0001:0001bfb0       __strtoul_l                0041cfb0 f   LIBCMTD:strtol.obj
 0001:0001bfe0       _remove                    0041cfe0 f   LIBCMTD:unlink.obj
 0001:0001c030       __unlink                   0041d030 f   LIBCMTD:unlink.obj
 0001:0001c050       _fseek                     0041d050 f   LIBCMTD:fseek.obj
 0001:0001c1c0       __fseek_nolock             0041d1c0 f   LIBCMTD:fseek.obj
 0001:0001c2a0       _WinMainCRTStartup         0041d2a0 f   LIBCMTD:wincrt0.obj
 0001:0001c550       __onexit                   0041d550 f   LIBCMTD:onexit.obj
 0001:0001c720       _atexit                    0041d720 f   LIBCMTD:onexit.obj
 0001:0001c740       ___onexitinit              0041d740 f   LIBCMTD:onexit.obj
 0001:0001c7a0       __malloc_dbg               0041d7a0 f   LIBCMTD:dbgheap.obj
 0001:0001c7d0       __nh_malloc                0041d7d0 f   LIBCMTD:dbgheap.obj
 0001:0001c7f0       __nh_malloc_dbg            0041d7f0 f   LIBCMTD:dbgheap.obj
 0001:0001c8c0       __heap_alloc               0041d8c0 f   LIBCMTD:dbgheap.obj
 0001:0001cc90       __heap_alloc_dbg           0041dc90 f   LIBCMTD:dbgheap.obj
 0001:0001ccf0       __calloc_dbg_impl          0041dcf0 f   LIBCMTD:dbgheap.obj
 0001:0001cdc0       __calloc_dbg               0041ddc0 f   LIBCMTD:dbgheap.obj
 0001:0001ce20       __recalloc                 0041de20 f   LIBCMTD:dbgheap.obj
 0001:0001ce50       __realloc_dbg              0041de50 f   LIBCMTD:dbgheap.obj
 0001:0001d4f0       __recalloc_dbg             0041e4f0 f   LIBCMTD:dbgheap.obj
 0001:0001d5f0       __expand                   0041e5f0 f   LIBCMTD:dbgheap.obj
 0001:0001d620       __expand_dbg               0041e620 f   LIBCMTD:dbgheap.obj
 0001:0001d730       __free_nolock              0041e730 f   LIBCMTD:dbgheap.obj
 0001:0001d750       __free_dbg                 0041e750 f   LIBCMTD:dbgheap.obj
 0001:0001d7d0       __free_dbg_nolock          0041e7d0 f   LIBCMTD:dbgheap.obj
 0001:0001dcb0       __msize                    0041ecb0 f   LIBCMTD:dbgheap.obj
 0001:0001dcd0       __msize_dbg                0041ecd0 f   LIBCMTD:dbgheap.obj
 0001:0001dec0       __CrtSetBreakAlloc         0041eec0 f   LIBCMTD:dbgheap.obj
 0001:0001dee0       __CrtSetDbgBlockType       0041eee0 f   LIBCMTD:dbgheap.obj
 0001:0001dfd0       __CrtSetAllocHook          0041efd0 f   LIBCMTD:dbgheap.obj
 0001:0001dff0       __CrtGetAllocHook          0041eff0 f   LIBCMTD:dbgheap.obj
 0001:0001e050       __CrtCheckMemory           0041f050 f   LIBCMTD:dbgheap.obj
 0001:0001e4b0       __CrtSetDbgFlag            0041f4b0 f   LIBCMTD:dbgheap.obj
 0001:0001e600       __CrtDoForAllClientObjects 0041f600 f   LIBCMTD:dbgheap.obj
 0001:0001e720       __CrtIsValidPointer        0041f720 f   LIBCMTD:dbgheap.obj
 0001:0001e730       __CrtIsValidHeapPointer    0041f730 f   LIBCMTD:dbgheap.obj
 0001:0001e7d0       __CrtIsMemoryBlock         0041f7d0 f   LIBCMTD:dbgheap.obj
 0001:0001e940       __CrtReportBlockType       0041f940 f   LIBCMTD:dbgheap.obj
 0001:0001e970       __CrtSetDumpClient         0041f970 f   LIBCMTD:dbgheap.obj
 0001:0001e990       __CrtGetDumpClient         0041f990 f   LIBCMTD:dbgheap.obj
 0001:0001e9a0       __CrtMemCheckpoint         0041f9a0 f   LIBCMTD:dbgheap.obj
 0001:0001ebc0       __CrtMemDifference         0041fbc0 f   LIBCMTD:dbgheap.obj
 0001:0001ede0       __CrtMemDumpAllObjectsSince 0041fde0 f   LIBCMTD:dbgheap.obj
 0001:0001f2d0       __CrtDumpMemoryLeaks       004202d0 f   LIBCMTD:dbgheap.obj
 0001:0001f340       __CrtMemDumpStatistics     00420340 f   LIBCMTD:dbgheap.obj
 0001:0001f450       __aligned_malloc           00420450 f   LIBCMTD:dbgheap.obj
 0001:0001f470       __aligned_malloc_dbg       00420470 f   LIBCMTD:dbgheap.obj
 0001:0001f4a0       __aligned_realloc          004204a0 f   LIBCMTD:dbgheap.obj
 0001:0001f4d0       __aligned_recalloc         004204d0 f   LIBCMTD:dbgheap.obj
 0001:0001f500       __aligned_realloc_dbg      00420500 f   LIBCMTD:dbgheap.obj
 0001:0001f530       __aligned_recalloc_dbg     00420530 f   LIBCMTD:dbgheap.obj
 0001:0001f560       __aligned_offset_malloc    00420560 f   LIBCMTD:dbgheap.obj
 0001:0001f580       __aligned_offset_malloc_dbg 00420580 f   LIBCMTD:dbgheap.obj
 0001:0001f720       __aligned_offset_realloc   00420720 f   LIBCMTD:dbgheap.obj
 0001:0001f750       __aligned_offset_recalloc  00420750 f   LIBCMTD:dbgheap.obj
 0001:0001f780       __aligned_offset_realloc_dbg 00420780 f   LIBCMTD:dbgheap.obj
 0001:0001fa50       __aligned_offset_recalloc_dbg 00420a50 f   LIBCMTD:dbgheap.obj
 0001:0001fb60       __aligned_free             00420b60 f   LIBCMTD:dbgheap.obj
 0001:0001fb80       __aligned_free_dbg         00420b80 f   LIBCMTD:dbgheap.obj
 0001:0001fc30       __CrtSetDebugFillThreshold 00420c30 f   LIBCMTD:dbgheap.obj
 0001:0001fc50       __CrtSetCheckCount         00420c50 f   LIBCMTD:dbgheap.obj
 0001:0001fc70       __CrtGetCheckCount         00420c70 f   LIBCMTD:dbgheap.obj
 0001:0001fc80       __aligned_msize            00420c80 f   LIBCMTD:dbgheap.obj
 0001:0001fca0       __aligned_msize_dbg        00420ca0 f   LIBCMTD:dbgheap.obj
 0001:0001fdb0       _abort                     00420db0 f   LIBCMTD:abort.obj
 0001:0001fef0       __set_abort_behavior       00420ef0 f   LIBCMTD:abort.obj
 0001:0001ff20       _fputs                     00420f20 f   LIBCMTD:fputs.obj
 0001:000201c0       _fflush                    004211c0 f   LIBCMTD:fflush.obj
 0001:00020260       __fflush_nolock            00421260 f   LIBCMTD:fflush.obj
 0001:000202c0       __flush                    004212c0 f   LIBCMTD:fflush.obj
 0001:00020380       __flushall                 00421380 f   LIBCMTD:fflush.obj
 0001:00020550       __flsbuf                   00421550 f   LIBCMTD:_flsbuf.obj
 0001:00020810       __output_l                 00421810 f   LIBCMTD:output.obj
 0001:00021c40       _get_int_arg               00422c40 f i LIBCMTD:output.obj
 0001:00021c60       _get_int64_arg             00422c60 f i LIBCMTD:output.obj
 0001:00021c80       _get_short_arg             00422c80 f i LIBCMTD:output.obj
 0001:00021ca0       __dosmaperr                00422ca0 f   LIBCMTD:dosmap.obj
 0001:00021cd0       __get_errno_from_oserr     00422cd0 f   LIBCMTD:dosmap.obj
 0001:00021d50       __set_errno                00422d50 f   LIBCMTD:dosmap.obj
 0001:00021d80       __get_errno                00422d80 f   LIBCMTD:dosmap.obj
 0001:00021e00       __set_doserrno             00422e00 f   LIBCMTD:dosmap.obj
 0001:00021e30       __get_doserrno             00422e30 f   LIBCMTD:dosmap.obj
 0001:00021eb0       __errno                    00422eb0 f   LIBCMTD:dosmap.obj
 0001:00021ee0       ___doserrno                00422ee0 f   LIBCMTD:dosmap.obj
 0001:00021f10       __vsprintf_l               00422f10 f   LIBCMTD:vsprintf.obj
 0001:00022090       _vsprintf                  00423090 f   LIBCMTD:vsprintf.obj
 0001:000220b0       __vscprintf_helper         004230b0 f   LIBCMTD:vsprintf.obj
 0001:00022170       __vscprintf                00423170 f   LIBCMTD:vsprintf.obj
 0001:00022190       __vscprintf_l              00423190 f   LIBCMTD:vsprintf.obj
 0001:000221b0       __vscprintf_p              004231b0 f   LIBCMTD:vsprintf.obj
 0001:000221d0       __vscprintf_p_l            004231d0 f   LIBCMTD:vsprintf.obj
 0001:000221f0       __vsnprintf_helper         004231f0 f   LIBCMTD:vsnprnc.obj
 0001:000223c0       __vsnprintf_c              004233c0 f   LIBCMTD:vsnprnc.obj
 0001:00022410       __vsnprintf_c_l            00423410 f   LIBCMTD:vsnprnc.obj
 0001:00022460       __vsprintf_s_l             00423460 f   LIBCMTD:vsnprnc.obj
 0001:000226d0       _vsprintf_s                004236d0 f   LIBCMTD:vsnprnc.obj
 0001:00022700       __vsnprintf_s_l            00423700 f   LIBCMTD:vsnprnc.obj
 0001:00022aa0       __vsnprintf_s              00423aa0 f   LIBCMTD:vsnprnc.obj
 0001:00022ad0       __vsprintf_p               00423ad0 f   LIBCMTD:vsnprnc.obj
 0001:00022b20       __vsprintf_p_l             00423b20 f   LIBCMTD:vsnprnc.obj
 0001:00022b70       ___report_gsfailure        00423b70 f   LIBCMTD:gs_report.obj
 0001:00022c80       __VEC_memcpy               00423c80 f   LIBCMTD:p4_memcpy.obj
 0001:00022e00       __get_sse2_info            00423e00 f   LIBCMTD:cpu_disp.obj
 0001:00022f30       ___sse2_available_init     00423f30 f   LIBCMTD:cpu_disp.obj
 0001:00022f50       __encode_pointer           00423f50 f   LIBCMTD:tidtable.obj
 0001:00022ff0       __crt_wait_module_handle   00423ff0 f i LIBCMTD:tidtable.obj
 0001:00023020       __encoded_null             00424020 f   LIBCMTD:tidtable.obj
 0001:00023040       __decode_pointer           00424040 f   LIBCMTD:tidtable.obj
 0001:000230e0       ___crtTlsAlloc@4           004240e0 f   LIBCMTD:tidtable.obj
 0001:000230f0       ___fls_getvalue@4          004240f0 f   LIBCMTD:tidtable.obj
 0001:00023110       ___get_flsindex            00424110 f   LIBCMTD:tidtable.obj
 0001:00023120       ___set_flsgetvalue         00424120 f   LIBCMTD:tidtable.obj
 0001:00023170       ___fls_setvalue@8          00424170 f   LIBCMTD:tidtable.obj
 0001:000231a0       __mtinit                   004241a0 f   LIBCMTD:tidtable.obj
 0001:000233b0       __mtterm                   004243b0 f   LIBCMTD:tidtable.obj
 0001:00023410       __initptd                  00424410 f   LIBCMTD:tidtable.obj
 0001:00023570       __getptd_noexit            00424570 f   LIBCMTD:tidtable.obj
 0001:00023630       __getptd                   00424630 f   LIBCMTD:tidtable.obj
 0001:00023660       __freefls@4                00424660 f   LIBCMTD:tidtable.obj
 0001:00023870       __freeptd                  00424870 f   LIBCMTD:tidtable.obj
 0001:000238f0       ___threadid                004248f0 f   LIBCMTD:tidtable.obj
 0001:00023900       ___threadhandle            00424900 f   LIBCMTD:tidtable.obj
 0001:00023910       __input_l                  00424910 f   LIBCMTD:input.obj
 0001:00025160       __INTRN_LOCALE_CONV        00426160 f i LIBCMTD:input.obj
 0001:00025290       __input_s_l                00426290 f   LIBCMTD:inputs.obj
 0001:00026fa0       __VEC_memzero              00427fa0 f   LIBCMTD:p4_memset.obj
 0001:00027090       ?_Type_info_dtor@type_info@@CAXPAV1@@Z 00428090 f   LIBCMTD:typname.obj
 0001:000271a0       ?_Name_base@type_info@@CAPBDPBV1@PAU__type_info_node@@@Z 004281a0 f   LIBCMTD:typname.obj
 0001:00027340       ?_Type_info_dtor_internal@type_info@@CAXPAV1@@Z 00428340 f   LIBCMTD:typname.obj
 0001:00027450       ___unDNameHelper           00428450 f   LIBCMTD:typname.obj
 0001:00027490       ?_Name_base_internal@type_info@@CAPBDPBV1@PAU__type_info_node@@@Z 00428490 f   LIBCMTD:typname.obj
 0001:00027650       ___clean_type_info_names_internal 00428650 f   LIBCMTD:typname.obj
 0001:00027710       _strcpy_s                  00428710 f   LIBCMTD:strcpy_s.obj
 0001:000279f0       __mtinitlocks              004289f0 f   LIBCMTD:mlock.obj
 0001:00027a80       __mtdeletelocks            00428a80 f   LIBCMTD:mlock.obj
 0001:00027b40       __mtinitlocknum            00428b40 f   LIBCMTD:mlock.obj
 0001:00027c90       __lock                     00428c90 f   LIBCMTD:mlock.obj
 0001:00027cd0       __unlock                   00428cd0 f   LIBCMTD:mlock.obj
 0001:00027cf0       __lockerr_exit             00428cf0 f   LIBCMTD:mlock.obj
 0001:00027d10       __except_handler4          00428d10 f   LIBCMTD:chandler4.obj
 0001:00027f30       __strtoi64                 00428f30 f   LIBCMTD:strtoq.obj
 0001:000284a0       __strtoi64_l               004294a0 f   LIBCMTD:strtoq.obj
 0001:000284d0       __strtoui64                004294d0 f   LIBCMTD:strtoq.obj
 0001:00028520       __strtoui64_l              00429520 f   LIBCMTD:strtoq.obj
 0001:00028550       __freebuf                  00429550 f   LIBCMTD:_freebuf.obj
 0001:000285e0       __ioinit                   004295e0 f   LIBCMTD:ioinit.obj
 0001:00028a80       __ioterm                   00429a80 f   LIBCMTD:ioinit.obj
 0001:00028b20       __fcloseall                00429b20 f   LIBCMTD:closeall.obj
 0001:00028c50       __getstream                00429c50 f   LIBCMTD:stream.obj
 0001:00028eb0       __initp_misc_initcrit      00429eb0 f   LIBCMTD:initcrit.obj
 0001:00028ec0       ___crtInitCritSecAndSpinCount 00429ec0 f   LIBCMTD:initcrit.obj
 0001:00028f70       __sse2_mathfcns_init       00429f70 f   LIBCMTD:_mathfcns_.obj
 0001:00028f90       __set_SSE2_enable          00429f90 f   LIBCMTD:_mathfcns_.obj
 0001:00028fb0       __CIpow_pentium4           00429fb0 f   LIBCMTD:_pow_pentium4_.obj
 0001:00028fc9       __pow_pentium4             00429fc9     LIBCMTD:_pow_pentium4_.obj
 0001:00029b21       __fFEXP                    0042ab21     LIBCMTD:_87tran_.obj
 0001:00029b88       __rtinfpopse               0042ab88     LIBCMTD:_87tran_.obj
 0001:00029b8a       __rtinfnpopse              0042ab8a     LIBCMTD:_87tran_.obj
 0001:00029b9a       __fFLN                     0042ab9a     LIBCMTD:_87tran_.obj
 0001:00029c4f       __rtinfpop                 0042ac4f     LIBCMTD:_87tran_.obj
 0001:00029c51       __rtinfnpop                0042ac51     LIBCMTD:_87tran_.obj
 0001:00029c6e       __ffexpm1                  0042ac6e     LIBCMTD:_87tran_.obj
 0001:00029d20       __trandisp1                0042ad20 f   LIBCMTD:_87disp_.obj
 0001:00029d87       __trandisp2                0042ad87 f   LIBCMTD:_87disp_.obj
 0001:00029e13       __rttospopde               0042ae13     LIBCMTD:_87disp_.obj
 0001:00029e18       __rttospop                 0042ae18     LIBCMTD:_87disp_.obj
 0001:00029e1a       __rtnospop                 0042ae1a     LIBCMTD:_87disp_.obj
 0001:00029e1c       __rttosnpop                0042ae1c     LIBCMTD:_87disp_.obj
 0001:00029e1d       __rtnospopde               0042ae1d     LIBCMTD:_87disp_.obj
 0001:00029e24       __rtzeropop                0042ae24     LIBCMTD:_87disp_.obj
 0001:00029e26       __rtzeronpop               0042ae26     LIBCMTD:_87disp_.obj
 0001:00029e2b       __rtonepop                 0042ae2b     LIBCMTD:_87disp_.obj
 0001:00029e2d       __rtonenpop                0042ae2d     LIBCMTD:_87disp_.obj
 0001:00029e32       __tosnan1                  0042ae32     LIBCMTD:_87disp_.obj
 0001:00029e5d       __nosnan2                  0042ae5d     LIBCMTD:_87disp_.obj
 0001:00029e5f       __tosnan2                  0042ae5f     LIBCMTD:_87disp_.obj
 0001:00029e87       __nan2                     0042ae87     LIBCMTD:_87disp_.obj
 0001:00029ec6       __rtindfpop                0042aec6     LIBCMTD:_87disp_.obj
 0001:00029ec8       __rtindfnpop               0042aec8     LIBCMTD:_87disp_.obj
 0001:00029ed9       __rttosnpopde              0042aed9     LIBCMTD:_87disp_.obj
 0001:00029ee3       __rtchsifneg               0042aee3     LIBCMTD:_87disp_.obj
 0001:00029ef0       __startTwoArgErrorHandling 0042aef0 f   LIBCMTD:_genexcep_.obj
 0001:00029f07       __startOneArgErrorHandling 0042af07 f   LIBCMTD:_genexcep_.obj
 0001:00029f50       __twoToTOS                 0042af50 f   LIBCMTD:_common_.obj
 0001:00029f65       __load_CW                  0042af65 f   LIBCMTD:_common_.obj
 0001:00029f7c       __convertTOStoQNaN         0042af7c f   LIBCMTD:_common_.obj
 0001:00029f95       __fload_withFB             0042af95 f   LIBCMTD:_common_.obj
 0001:00029fd8       __checkTOS_withFB          0042afd8 f   LIBCMTD:_common_.obj
 0001:00029fee       __fast_exit                0042afee f   LIBCMTD:_common_.obj
 0001:00029ffb       __math_exit                0042affb f   LIBCMTD:_common_.obj
 0001:0002a025       __check_overflow_exit      0042b025 f   LIBCMTD:_common_.obj
 0001:0002a039       __check_range_exit         0042b039 f   LIBCMTD:_common_.obj
 0001:0002a0e0       __powhlp                   0042b0e0 f   LIBCMTD:_powhlp_.obj
 0001:0002a290       __d_inttype                0042b290 f   LIBCMTD:_powhlp_.obj
 0001:0002a320       __setdefaultprecision      0042b320 f   LIBCMTD:fp8.obj
 0001:0002a360       __ms_p5_test_fdiv          0042b360 f   LIBCMTD:_testfdiv_.obj
 0001:0002a3b0       __ms_p5_mp_test_fdiv       0042b3b0 f   LIBCMTD:_testfdiv_.obj
 0001:0002a400       __forcdecpt                0042b400 f   LIBCMTD:cvt.obj
 0001:0002a420       __forcdecpt_l              0042b420 f   LIBCMTD:cvt.obj
 0001:0002a4e0       __cropzeros                0042b4e0 f   LIBCMTD:cvt.obj
 0001:0002a500       __cropzeros_l              0042b500 f   LIBCMTD:cvt.obj
 0001:0002a610       __positive                 0042b610 f   LIBCMTD:cvt.obj
 0001:0002a640       __fassign_l                0042b640 f   LIBCMTD:cvt.obj
 0001:0002a6a0       __fassign                  0042b6a0 f   LIBCMTD:cvt.obj
 0001:0002a6c0       __cftoe_l                  0042b6c0 f   LIBCMTD:cvt.obj
 0001:0002ac10       __cftoe                    0042bc10 f   LIBCMTD:cvt.obj
 0001:0002ac40       __cftoa_l                  0042bc40 f   LIBCMTD:cvt.obj
 0001:0002b410       __cftoa                    0042c410 f   LIBCMTD:cvt.obj
 0001:0002b440       __cftof_l                  0042c440 f   LIBCMTD:cvt.obj
 0001:0002b850       __cftof                    0042c850 f   LIBCMTD:cvt.obj
 0001:0002b880       __cftog_l                  0042c880 f   LIBCMTD:cvt.obj
 0001:0002bab0       __cftog                    0042cab0 f   LIBCMTD:cvt.obj
 0001:0002bae0       __cfltcvt_l                0042cae0 f   LIBCMTD:cvt.obj
 0001:0002bba0       __cfltcvt                  0042cba0 f   LIBCMTD:cvt.obj
 0001:0002bc00       __initp_misc_cfltcvt_tab   0042cc00 f   LIBCMTD:cmiscdat.obj
 0001:0002bc50       ___libm_setusermatherr     0042cc50 f   LIBCMTD:_libm_error_.obj
 0001:0002bc90       ___libm_error_support      0042cc90 f   LIBCMTD:_libm_error_.obj
 0001:0002c7d0       __floor_default            0042d7d0 f   LIBCMTD:_floor_.obj
 0001:0002c910       __handle_qnan1             0042d910 f   LIBCMTD:_fpexcept_.obj
 0001:0002c970       __handle_qnan2             0042d970 f   LIBCMTD:_fpexcept_.obj
 0001:0002c9e0       __except1                  0042d9e0 f   LIBCMTD:_fpexcept_.obj
 0001:0002cae0       __except2                  0042dae0 f   LIBCMTD:_fpexcept_.obj
 0001:0002cbf0       __raise_exc_ex             0042dbf0 f   LIBCMTD:_fpexcept_.obj
 0001:0002d120       __raise_exc                0042e120 f   LIBCMTD:_fpexcept_.obj
 0001:0002d150       __raise_excf               0042e150 f   LIBCMTD:_fpexcept_.obj
 0001:0002d180       __handle_exc               0042e180 f   LIBCMTD:_fpexcept_.obj
 0001:0002d490       __umatherr                 0042e490 f   LIBCMTD:_fpexcept_.obj
 0001:0002d530       __set_errno_from_matherr   0042e530 f   LIBCMTD:_fpexcept_.obj
 0001:0002d5c0       __errcode                  0042e5c0 f   LIBCMTD:_fpexcept_.obj
 0001:0002d630       __set_exp                  0042e630 f   LIBCMTD:_util_.obj
 0001:0002d670       __get_exp                  0042e670 f   LIBCMTD:_util_.obj
 0001:0002d6a0       __add_exp                  0042e6a0 f   LIBCMTD:_util_.obj
 0001:0002d6e0       __set_bexp                 0042e6e0 f   LIBCMTD:_util_.obj
 0001:0002d710       __sptype                   0042e710 f   LIBCMTD:_util_.obj
 0001:0002d790       __decomp                   0042e790 f   LIBCMTD:_util_.obj
 0001:0002d8b0       __statfp                   0042e8b0 f   LIBCMTD:_fpctrl_.obj
 0001:0002d8d0       __clrfp                    0042e8d0 f   LIBCMTD:_fpctrl_.obj
 0001:0002d8f0       __ctrlfp                   0042e8f0 f   LIBCMTD:_fpctrl_.obj
 0001:0002d920       __set_statfp               0042e920 f   LIBCMTD:_fpctrl_.obj
 0001:0002d990       ___get_fpsr_sse2           0042e990 f   LIBCMTD:_fpctrl_.obj
 0001:0002d9c0       ___set_fpsr_sse2           0042e9c0 f   LIBCMTD:_fpctrl_.obj
 0001:0002daa0       ___fclrf_sse2              0042eaa0 f   LIBCMTD:_fpctrl_.obj
 0001:0002dac0       ___statfp_sse2             0042eac0 f   LIBCMTD:_fpctrl_.obj
 0001:0002daf0       ___clrfp_sse2              0042eaf0 f   LIBCMTD:_fpctrl_.obj
 0001:0002db30       ___ctrlfp_sse2             0042eb30 f   LIBCMTD:_fpctrl_.obj
 0001:0002db90       ___set_statfp_sse2         0042eb90 f   LIBCMTD:_fpctrl_.obj
 0001:0002dbc0       ___crtLCMapStringA         0042ebc0 f   LIBCMTD:a_map.obj
 0001:0002e120       __MarkAllocaS              0042f120 f i LIBCMTD:a_map.obj
 0001:0002e150       __freea                    0042f150 f i LIBCMTD:a_map.obj
 0001:0002e210       __isleadbyte_l             0042f210 f i LIBCMTD:_wctype.obj
 0001:0002e260       _isleadbyte                0042f260 f i LIBCMTD:_wctype.obj
 0001:0002e280       __iswalpha_l               0042f280 f i LIBCMTD:_wctype.obj
 0001:0002e2a0       _iswalpha                  0042f2a0 f i LIBCMTD:_wctype.obj
 0001:0002e2c0       __iswupper_l               0042f2c0 f i LIBCMTD:_wctype.obj
 0001:0002e2e0       _iswupper                  0042f2e0 f i LIBCMTD:_wctype.obj
 0001:0002e300       __iswlower_l               0042f300 f i LIBCMTD:_wctype.obj
 0001:0002e320       _iswlower                  0042f320 f i LIBCMTD:_wctype.obj
 0001:0002e340       __iswdigit_l               0042f340 f i LIBCMTD:_wctype.obj
 0001:0002e360       _iswdigit                  0042f360 f i LIBCMTD:_wctype.obj
 0001:0002e380       __iswxdigit_l              0042f380 f i LIBCMTD:_wctype.obj
 0001:0002e3a0       _iswxdigit                 0042f3a0 f i LIBCMTD:_wctype.obj
 0001:0002e3c0       __iswspace_l               0042f3c0 f i LIBCMTD:_wctype.obj
 0001:0002e3e0       _iswspace                  0042f3e0 f i LIBCMTD:_wctype.obj
 0001:0002e400       __iswpunct_l               0042f400 f i LIBCMTD:_wctype.obj
 0001:0002e420       _iswpunct                  0042f420 f i LIBCMTD:_wctype.obj
 0001:0002e440       __iswalnum_l               0042f440 f i LIBCMTD:_wctype.obj
 0001:0002e460       _iswalnum                  0042f460 f i LIBCMTD:_wctype.obj
 0001:0002e480       __iswprint_l               0042f480 f i LIBCMTD:_wctype.obj
 0001:0002e4a0       _iswprint                  0042f4a0 f i LIBCMTD:_wctype.obj
 0001:0002e4c0       __iswgraph_l               0042f4c0 f i LIBCMTD:_wctype.obj
 0001:0002e4e0       _iswgraph                  0042f4e0 f i LIBCMTD:_wctype.obj
 0001:0002e500       __iswcntrl_l               0042f500 f i LIBCMTD:_wctype.obj
 0001:0002e520       _iswcntrl                  0042f520 f i LIBCMTD:_wctype.obj
 0001:0002e540       _iswascii                  0042f540 f i LIBCMTD:_wctype.obj
 0001:0002e560       __iswcsym_l                0042f560 f i LIBCMTD:_wctype.obj
 0001:0002e5a0       ___iswcsym                 0042f5a0 f i LIBCMTD:_wctype.obj
 0001:0002e5e0       __iswcsymf_l               0042f5e0 f i LIBCMTD:_wctype.obj
 0001:0002e620       ___iswcsymf                0042f620 f i LIBCMTD:_wctype.obj
 0001:0002e660       __chvalidator              0042f660 f   LIBCMTD:isctype.obj
 0001:0002e6b0       __chvalidator_l            0042f6b0 f   LIBCMTD:isctype.obj
 0001:0002e760       __isctype_l                0042f760 f   LIBCMTD:isctype.obj
 0001:0002e880       __isctype                  0042f880 f   LIBCMTD:isctype.obj
 0001:0002e8c0       ___updatetmbcinfo          0042f8c0 f   LIBCMTD:mbctype.obj
 0001:0002e9d0       __setmbcp                  0042f9d0 f   LIBCMTD:mbctype.obj
 0001:0002ed80       __setmbcp_nolock           0042fd80 f   LIBCMTD:mbctype.obj
 0001:0002f570       __getmbcp                  00430570 f   LIBCMTD:mbctype.obj
 0001:0002f5e0       ___initmbctable            004305e0 f   LIBCMTD:mbctype.obj
 0001:0002f610       ____setlc_active_func      00430610 f   LIBCMTD:setlocal.obj
 0001:0002f620       ____unguarded_readlc_active_add_func 00430620 f   LIBCMTD:setlocal.obj
 0001:0002f630       ___freetlocinfo            00430630 f   LIBCMTD:setlocal.obj
 0001:0002f910       ___addlocaleref            00430910 f   LIBCMTD:setlocal.obj
 0001:0002fa30       ___removelocaleref         00430a30 f   LIBCMTD:setlocal.obj
 0001:0002fb60       ___updatetlocinfo          00430b60 f   LIBCMTD:setlocal.obj
 0001:0002fcb0       __configthreadlocale       00430cb0 f   LIBCMTD:setlocal.obj
 0001:0002fdc0       __locterm                  00430dc0 f   LIBCMTD:setlocal.obj
 0001:0002fe60       __free_locale              00430e60 f   LIBCMTD:setlocal.obj
 0001:0002ffa0       ___free_locale             00430fa0 f   LIBCMTD:setlocal.obj
 0001:0002ffc0       __create_locale            00430fc0 f   LIBCMTD:setlocal.obj
 0001:000301f0       ___create_locale           004311f0 f   LIBCMTD:setlocal.obj
 0001:00030210       __get_current_locale       00431210 f   LIBCMTD:setlocal.obj
 0001:00030330       ___get_current_locale      00431330 f   LIBCMTD:setlocal.obj
 0001:00030340       _setlocale                 00431340 f   LIBCMTD:setlocal.obj
 0001:00031250       __expandlocale             00432250 f   LIBCMTD:setlocal.obj
 0001:00031500       ___init_dummy              00432500 f   LIBCMTD:setlocal.obj
 0001:00031510       __strcats                  00432510 f   LIBCMTD:setlocal.obj
 0001:00031590       ___lc_strtolc              00432590 f   LIBCMTD:setlocal.obj
 0001:00031790       ___lc_lctostr              00432790 f   LIBCMTD:setlocal.obj
 0001:00031830       __close                    00432830 f   LIBCMTD:close.obj
 0001:00031a40       __close_nolock             00432a40 f   LIBCMTD:close.obj
 0001:00031b10       __fileno                   00432b10 f   LIBCMTD:fileno.obj
 0001:00031b90       __filbuf                   00432b90 f   LIBCMTD:_filbuf.obj
 0001:00031de0       __read                     00432de0 f   LIBCMTD:read.obj
 0001:00032070       __read_nolock              00433070 f   LIBCMTD:read.obj
 0001:00032fc0       __openfile                 00433fc0 f   LIBCMTD:_open.obj
 0001:0003377c       __local_unwind4            0043477c f   LIBCMTD:exsup4.obj
 0001:00033852       __seh_longjmp_unwind4@4    00434852 f   LIBCMTD:exsup4.obj
 0001:0003386e       @_EH4_CallFilterFunc@8     0043486e f   LIBCMTD:exsup4.obj
 0001:00033885       @_EH4_TransferToHandler@8  00434885 f   LIBCMTD:exsup4.obj
 0001:0003389e       @_EH4_GlobalUnwind@4       0043489e f   LIBCMTD:exsup4.obj
 0001:000338b8       @_EH4_LocalUnwind@16       004348b8 f   LIBCMTD:exsup4.obj
 0001:000338d0       ___InternalCxxFrameHandler 004348d0 f   LIBCMTD:frame.obj
 0001:00033ed0       ??0bad_exception@std@@QAE@PBD@Z 00434ed0 f i LIBCMTD:frame.obj
 0001:00033f00       ??1bad_exception@std@@UAE@XZ 00434f00 f i LIBCMTD:frame.obj
 0001:00033f20       ??_Gbad_exception@std@@UAEPAXI@Z 00434f20 f i LIBCMTD:frame.obj
 0001:00033f20       ??_Ebad_exception@std@@UAEPAXI@Z 00434f20 f i LIBCMTD:frame.obj
 0001:00033f50       ??0bad_exception@std@@QAE@ABV01@@Z 00434f50 f i LIBCMTD:frame.obj
 0001:00034100       ___TypeMatch               00435100 f   LIBCMTD:frame.obj
 0001:000341b0       ___FrameUnwindFilter       004351b0 f   LIBCMTD:frame.obj
 0001:00034230       ___FrameUnwindToState      00435230 f   LIBCMTD:frame.obj
 0001:00034770       ___BuildCatchObjectHelper  00435770 f   LIBCMTD:frame.obj
 0001:000349e0       ___BuildCatchObject        004359e0 f   LIBCMTD:frame.obj
 0001:00034af0       ___DestructExceptionObject 00435af0 f   LIBCMTD:frame.obj
 0001:00034ba0       ___AdjustPointer           00435ba0 f   LIBCMTD:frame.obj
 0001:00034bf0       ?__uncaught_exception@@YA_NXZ 00435bf0 f   LIBCMTD:frame.obj
 0001:00034c10       ___CxxExceptionFilter      00435c10 f   LIBCMTD:frame.obj
 0001:00034e00       ___CxxRegisterExceptionObject 00435e00 f   LIBCMTD:frame.obj
[...]
 0001:00039090       _xcptlookup                0043a090 f   LIBCMTD:winxfltr.obj
 0001:000398e0       ?x_ismbbtype_l@@YAHPAUlocaleinfo_struct@@IHH@Z 0043a8e0 f   LIBCMTD:ismbbyte.obj
 0001:0003a5c0       _parse_cmdline             0043b5c0 f   LIBCMTD:stdargv.obj
 0001:0003b860       __is_LFH_enabled           0043c860 f   LIBCMTD:expand.obj
 0001:000438a0       _write_char                004448a0 f   LIBCMTD:outputp.obj
 0001:00043940       _write_multi_char          00444940 f   LIBCMTD:outputp.obj
 0001:00043980       _write_string              00444980 f   LIBCMTD:outputp.obj
 0001:00044e50       _write_char                00445e50 f   LIBCMTD:outputs.obj
 0001:00044ef0       _write_multi_char          00445ef0 f   LIBCMTD:outputs.obj
 0001:00044f30       _write_string              00445f30 f   LIBCMTD:outputs.obj
 0001:0004f450       ?und_strlen@@YAIPBD@Z      00450450 f   LIBCMTD:undname.obj
 0001:0004f490       ?und_memcpy@@YAXPADPBDI@Z  00450490 f   LIBCMTD:undname.obj
 0001:0004f4d0       ?und_strncmp@@YAIPBD0I@Z   004504d0 f   LIBCMTD:undname.obj
 0001:00051a00       ?__crtGetStringTypeA_stat@@YAHPAUlocaleinfo_struct@@KPBDHPAGHHH@Z 00452a00 f   LIBCMTD:a_str.obj
 0001:00051d80       __get_lc_time              00452d80 f   LIBCMTD:inittime.obj
 0001:000529a0       _fix_grouping              004539a0 f   LIBCMTD:initnum.obj
 0001:00052f10       _fix_grouping              00453f10 f   LIBCMTD:initmon.obj
 0001:00054600       ?_expandtime@@YAHPAUlocaleinfo_struct@@DPBUtm@@PAPADPAIPAU__lc_time_data@@I@Z 00455600 f   LIBCMTD:strftime.obj
 0001:000555d0       ?_store_str@@YAXPADPAPADPAI@Z 004565d0 f   LIBCMTD:strftime.obj
 0001:00055620       ?_store_num@@YAXHHPAPADPAII@Z 00456620 f   LIBCMTD:strftime.obj
 0001:000556d0       ?_store_number@@YAXHPAPADPAI@Z 004566d0 f   LIBCMTD:strftime.obj
 0001:00055780       ?_store_winword@@YAHPAUlocaleinfo_struct@@HPBUtm@@PAPADPAIPAU__lc_time_data@@@Z 00456780 f   LIBCMTD:strftime.obj
 0001:00056b00       _TranslateName             00457b00 f   LIBCMTD:getqloc.obj
 0001:00056b90       _GetLcidFromLangCountry    00457b90 f   LIBCMTD:getqloc.obj
 0001:00056c50       _LangCountryEnumProc@4     00457c50 f   LIBCMTD:getqloc.obj
 0001:00057090       _GetLcidFromLanguage       00458090 f   LIBCMTD:getqloc.obj
 0001:00057110       _LanguageEnumProc@4        00458110 f   LIBCMTD:getqloc.obj
 0001:000572b0       _GetLcidFromCountry        004582b0 f   LIBCMTD:getqloc.obj
 0001:00057300       _CountryEnumProc@4         00458300 f   LIBCMTD:getqloc.obj
 0001:00057400       _GetLcidFromDefault        00458400 f   LIBCMTD:getqloc.obj
 0001:00057440       _ProcessCodePage           00458440 f   LIBCMTD:getqloc.obj
 0001:00057510       _TestDefaultCountry        00458510 f   LIBCMTD:getqloc.obj
 0001:00057560       _TestDefaultLanguage       00458560 f   LIBCMTD:getqloc.obj
 0001:00057600       _LcidFromHexString         00458600 f   LIBCMTD:getqloc.obj
 0001:00057680       _GetPrimaryLen             00458680 f   LIBCMTD:getqloc.obj
 0001:00057ac0       __tsopen_nolock            00458ac0 f   LIBCMTD:open.obj
 0001:00059360       __unwind_handler           0045a360 f   LIBCMTD:exsup.obj
 0001:00059570       _xtoa_s@20                 0045a570 f   LIBCMTD:xtoas.obj
 0001:00059990       @x64toa_s@24               0045a990 f   LIBCMTD:xtoas.obj
 0001:0005a1f0       ?wcsncnt@@YAIPB_WI@Z       0045b1f0 f   LIBCMTD:wcstombs.obj
 0001:0005b430       _xtow_s@20                 0045c430 f   LIBCMTD:xtows.obj
 0001:0005b860       @x64tow_s@24               0045c860 f   LIBCMTD:xtows.obj
 0001:0005ccf0       _write_char                0045dcf0 f   LIBCMTD:woutput.obj
 0001:0005cd50       _write_multi_char          0045dd50 f   LIBCMTD:woutput.obj
 0001:0005cd90       _write_string              0045dd90 f   LIBCMTD:woutput.obj
 0001:0005d4c0       ?__crtGetLocaleInfoW_stat@@YAHPAUlocaleinfo_struct@@KKPA_WHH@Z 0045e4c0 f   LIBCMTD:w_loc.obj
 0001:0005d530       ?__crtGetLocaleInfoA_stat@@YAHPAUlocaleinfo_struct@@KKPADHH@Z 0045e530 f   LIBCMTD:a_loc.obj
 0001:0005e050       ?DebuggerProbe@@YAHK@Z     0045f050 f   LIBCMTD:_error_.obj
 0001:0005e140       ?failwithmessage@@YAXPAXHHPBD@Z 0045f140 f   LIBCMTD:_error_.obj
 0001:0005e350       ?DebuggerRuntime@@YAHKHPAXPB_W@Z 0045f350 f   LIBCMTD:_error_.obj
 0001:0005e630       ?_getMemBlockDataString@@YAXPAD00I@Z 0045f630 f   LIBCMTD:_error_.obj
 0001:0005ee40       __abstract_cw              0045fe40 f   LIBCMTD:_ieee87_.obj
 0001:0005ef90       __hw_cw                    0045ff90 f   LIBCMTD:_ieee87_.obj
 0001:0005f0f0       __abstract_sw              004600f0 f   LIBCMTD:_ieee87_.obj
 0001:0005f180       ___statusfp_sse2           00460180 f   LIBCMTD:_ieee87_.obj
 0001:0005f1a0       ___clearfp_sse2            004601a0 f   LIBCMTD:_ieee87_.obj
 0001:0005f1d0       ___control87_sse2          004601d0 f   LIBCMTD:_ieee87_.obj
 0001:0005f250       ___abstract_cw_sse2        00460250 f   LIBCMTD:_ieee87_.obj
 0001:0005f3a0       ___hw_cw_sse2              004603a0 f   LIBCMTD:_ieee87_.obj
 0001:0005f4f0       ___abstract_sw_sse2        004604f0 f   LIBCMTD:_ieee87_.obj
 0001:0005f580       ___fpreset_sse2            00460580 f   LIBCMTD:_ieee87_.obj
 0001:00061490       ?__crtGetStringTypeW_stat@@YAHPAUlocaleinfo_struct@@KPB_WHPAGHH@Z 00462490 f   LIBCMTD:w_str.obj
 0001:00061970       __tzset_nolock             00462970 f   LIBCMTD:tzset.obj
 0001:00061f80       __isindst_nolock           00462f80 f   LIBCMTD:tzset.obj
 0001:000622e0       _cvtdate                   004632e0 f   LIBCMTD:tzset.obj
 0001:00064a50       _write_char                00465a50 f   LIBCMTD:woutputs.obj
 0001:00064ab0       _write_multi_char          00465ab0 f   LIBCMTD:woutputs.obj
 0001:00064af0       _write_string              00465af0 f   LIBCMTD:woutputs.obj
 0001:00068420       _write_char                00469420 f   LIBCMTD:woutputp.obj
 0001:00068480       _write_multi_char          00469480 f   LIBCMTD:woutputp.obj
 0001:000684c0       _write_string              004694c0 f   LIBCMTD:woutputp.obj
 0001:00068cd0       ?GetPdbDll@@YAPAUHINSTANCE__@@XZ 00469cd0 f   LIBCMTD:_pdblkup_.obj
 0001:000693d0       __getenv_s_helper          0046a3d0 f   LIBCMTD:getenv.obj
 0001:00069640       __dupenv_s_helper          0046a640 f   LIBCMTD:getenv.obj
 0001:000698b0       ?wcstoxl@@YAKPAUlocaleinfo_struct@@PB_WPAPB_WHH@Z 0046a8b0 f   LIBCMTD:wcstol.obj
 0001:0006a790       ?__crtCompareStringA_stat@@YAHPAUlocaleinfo_struct@@KKPBDH1HH@Z 0046b790 f   LIBCMTD:a_cmp.obj
 0001:0006aca0       ?strncnt@@YAHPBDH@Z        0046bca0 f   LIBCMTD:a_cmp.obj
 0001:0006b460       _findenv                   0046c460 f   LIBCMTD:setenv.obj
 0001:0006b4e0       _copy_environ              0046c4e0 f   LIBCMTD:setenv.obj
 0001:0006c210       __unwindfunclet$?String2Char@@YAHV?$basic_string@DU?$char_traits@D@std@@V?$allocator@D@2@@std@@QAD@Z$0 0046d210 f   facebook.obj
 0001:0006c218       __ehhandler$?String2Char@@YAHV?$basic_string@DU?$char_traits@D@std@@V?$allocator@D@2@@std@@QAD@Z 0046d218 f   facebook.obj
 0001:0006c233       __unwindfunclet$?String2CharPointer@@YAPADV?$basic_string@DU?$char_traits@D@std@@V?$allocator@D@2@@std@@@Z$0 0046d233 f   facebook.obj
 0001:0006c23b       __ehhandler$?String2CharPointer@@YAPADV?$basic_string@DU?$char_traits@D@std@@V?$allocator@D@2@@std@@@Z 0046d23b f   facebook.obj
 0001:0006c256       __unwindfunclet$?GetFBStatuses@@YA?AUFbStatus@@V?$basic_string@DU?$char_traits@D@std@@V?$allocator@D@2@@std@@00@Z$0 0046d256 f   facebook.obj
 0001:0006c261       __unwindfunclet$?GetFBStatuses@@YA?AUFbStatus@@V?$basic_string@DU?$char_traits@D@std@@V?$allocator@D@2@@std@@00@Z$1 0046d261 f   facebook.obj
 0001:0006c26c       __unwindfunclet$?GetFBStatuses@@YA?AUFbStatus@@V?$basic_string@DU?$char_traits@D@std@@V?$allocator@D@2@@std@@00@Z$2 0046d26c f   facebook.obj
 0001:0006c277       __unwindfunclet$?GetFBStatuses@@YA?AUFbStatus@@V?$basic_string@DU?$char_traits@D@std@@V?$allocator@D@2@@std@@00@Z$3 0046d277 f   facebook.obj
 0001:0006c282       __unwindfunclet$?GetFBStatuses@@YA?AUFbStatus@@V?$basic_string@DU?$char_traits@D@std@@V?$allocator@D@2@@std@@00@Z$4 0046d282 f   facebook.obj
 0001:0006c28d       __unwindfunclet$?GetFBStatuses@@YA?AUFbStatus@@V?$basic_string@DU?$char_traits@D@std@@V?$allocator@D@2@@std@@00@Z$5 0046d28d f   facebook.obj
 0001:0006c295       __unwindfunclet$?GetFBStatuses@@YA?AUFbStatus@@V?$basic_string@DU?$char_traits@D@std@@V?$allocator@D@2@@std@@00@Z$6 0046d295 f   facebook.obj
 0001:0006c29d       __unwindfunclet$?GetFBStatuses@@YA?AUFbStatus@@V?$basic_string@DU?$char_traits@D@std@@V?$allocator@D@2@@std@@00@Z$7 0046d29d f   facebook.obj
 0001:0006c2a5       __unwindfunclet$?GetFBStatuses@@YA?AUFbStatus@@V?$basic_string@DU?$char_traits@D@std@@V?$allocator@D@2@@std@@00@Z$8 0046d2a5 f   facebook.obj
 0001:0006c2ad       __unwindfunclet$?GetFBStatuses@@YA?AUFbStatus@@V?$basic_string@DU?$char_traits@D@std@@V?$allocator@D@2@@std@@00@Z$9 0046d2ad f   facebook.obj
 0001:0006c2b8       __unwindfunclet$?GetFBStatuses@@YA?AUFbStatus@@V?$basic_string@DU?$char_traits@D@std@@V?$allocator@D@2@@std@@00@Z$10 0046d2b8 f   facebook.obj
 0001:0006c2c0       __unwindfunclet$?GetFBStatuses@@YA?AUFbStatus@@V?$basic_string@DU?$char_traits@D@std@@V?$allocator@D@2@@std@@00@Z$11 0046d2c0 f   facebook.obj
 0001:0006c2c8       __unwindfunclet$?GetFBStatuses@@YA?AUFbStatus@@V?$basic_string@DU?$char_traits@D@std@@V?$allocator@D@2@@std@@00@Z$12 0046d2c8 f   facebook.obj
 0001:0006c2d0       __ehhandler$?GetFBStatuses@@YA?AUFbStatus@@V?$basic_string@DU?$char_traits@D@std@@V?$allocator@D@2@@std@@00@Z 0046d2d0 f   facebook.obj
 0001:0006c2fb       __unwindfunclet$?UpStatusFb@@YAHV?$basic_string@DU?$char_traits@D@std@@V?$allocator@D@2@@std@@00@Z$0 0046d2fb f   facebook.obj
 0001:0006c306       __unwindfunclet$?UpStatusFb@@YAHV?$basic_string@DU?$char_traits@D@std@@V?$allocator@D@2@@std@@00@Z$1 0046d306 f   facebook.obj
 0001:0006c311       __unwindfunclet$?UpStatusFb@@YAHV?$basic_string@DU?$char_traits@D@std@@V?$allocator@D@2@@std@@00@Z$2 0046d311 f   facebook.obj
 0001:0006c31c       __unwindfunclet$?UpStatusFb@@YAHV?$basic_string@DU?$char_traits@D@std@@V?$allocator@D@2@@std@@00@Z$3 0046d31c f   facebook.obj
 0001:0006c327       __unwindfunclet$?UpStatusFb@@YAHV?$basic_string@DU?$char_traits@D@std@@V?$allocator@D@2@@std@@00@Z$4 0046d327 f   facebook.obj
 0001:0006c32f       __unwindfunclet$?UpStatusFb@@YAHV?$basic_string@DU?$char_traits@D@std@@V?$allocator@D@2@@std@@00@Z$5 0046d32f f   facebook.obj
 0001:0006c337       __unwindfunclet$?UpStatusFb@@YAHV?$basic_string@DU?$char_traits@D@std@@V?$allocator@D@2@@std@@00@Z$6 0046d337 f   facebook.obj
 0001:0006c33f       __unwindfunclet$?UpStatusFb@@YAHV?$basic_string@DU?$char_traits@D@std@@V?$allocator@D@2@@std@@00@Z$7 0046d33f f   facebook.obj
 0001:0006c34a       __unwindfunclet$?UpStatusFb@@YAHV?$basic_string@DU?$char_traits@D@std@@V?$allocator@D@2@@std@@00@Z$8 0046d34a f   facebook.obj
 0001:0006c352       __unwindfunclet$?UpStatusFb@@YAHV?$basic_string@DU?$char_traits@D@std@@V?$allocator@D@2@@std@@00@Z$9 0046d352 f   facebook.obj
 0001:0006c35a       __unwindfunclet$?UpStatusFb@@YAHV?$basic_string@DU?$char_traits@D@std@@V?$allocator@D@2@@std@@00@Z$10 0046d35a f   facebook.obj
 0001:0006c362       __unwindfunclet$?UpStatusFb@@YAHV?$basic_string@DU?$char_traits@D@std@@V?$allocator@D@2@@std@@00@Z$11 0046d362 f   facebook.obj
 0001:0006c36a       __ehhandler$?UpStatusFb@@YAHV?$basic_string@DU?$char_traits@D@std@@V?$allocator@D@2@@std@@00@Z 0046d36a f   facebook.obj
 0001:0006c395       __unwindfunclet$?DecodeMessage@@YAXPADAAV?$basic_string@DU?$char_traits@D@std@@V?$allocator@D@2@@std@@@Z$4 0046d395 f   facebook.obj
 0001:0006c39d       __unwindfunclet$?DecodeMessage@@YAXPADAAV?$basic_string@DU?$char_traits@D@std@@V?$allocator@D@2@@std@@@Z$8 0046d39d f   facebook.obj
 0001:0006c3a5       __unwindfunclet$?DecodeMessage@@YAXPADAAV?$basic_string@DU?$char_traits@D@std@@V?$allocator@D@2@@std@@@Z$9 0046d3a5 f   facebook.obj
 0001:0006c3ad       __unwindfunclet$?DecodeMessage@@YAXPADAAV?$basic_string@DU?$char_traits@D@std@@V?$allocator@D@2@@std@@@Z$2 0046d3ad f   facebook.obj
 0001:0006c3b8       __unwindfunclet$?DecodeMessage@@YAXPADAAV?$basic_string@DU?$char_traits@D@std@@V?$allocator@D@2@@std@@@Z$7 0046d3b8 f   facebook.obj
 0001:0006c3c0       __unwindfunclet$?DecodeMessage@@YAXPADAAV?$basic_string@DU?$char_traits@D@std@@V?$allocator@D@2@@std@@@Z$10 0046d3c0 f   facebook.obj
 0001:0006c3c8       __unwindfunclet$?DecodeMessage@@YAXPADAAV?$basic_string@DU?$char_traits@D@std@@V?$allocator@D@2@@std@@@Z$6 0046d3c8 f   facebook.obj
 0001:0006c3d0       __unwindfunclet$?DecodeMessage@@YAXPADAAV?$basic_string@DU?$char_traits@D@std@@V?$allocator@D@2@@std@@@Z$3 0046d3d0 f   facebook.obj
 0001:0006c3db       __unwindfunclet$?DecodeMessage@@YAXPADAAV?$basic_string@DU?$char_traits@D@std@@V?$allocator@D@2@@std@@@Z$5 0046d3db f   facebook.obj
 0001:0006c3e6       __ehhandler$?DecodeMessage@@YAXPADAAV?$basic_string@DU?$char_traits@D@std@@V?$allocator@D@2@@std@@@Z 0046d3e6 f   facebook.obj
 0001:0006c404       __unwindfunclet$?str2chr@@YAXQADV?$basic_string@DU?$char_traits@D@std@@V?$allocator@D@2@@std@@@Z$0 0046d404 f   facebook.obj
 0001:0006c40c       __ehhandler$?str2chr@@YAXQADV?$basic_string@DU?$char_traits@D@std@@V?$allocator@D@2@@std@@@Z 0046d40c f   facebook.obj
 0001:0006c427       __unwindfunclet$??0?$basic_string@DU?$char_traits@D@std@@V?$allocator@D@2@@std@@QAE@PBD@Z$0 0046d427 f   facebook.obj
 0001:0006c42f       __ehhandler$??0?$basic_string@DU?$char_traits@D@std@@V?$allocator@D@2@@std@@QAE@PBD@Z 0046d42f f   facebook.obj
 0001:0006c44a       __unwindfunclet$??0?$basic_string@DU?$char_traits@D@std@@V?$allocator@D@2@@std@@QAE@ID@Z$0 0046d44a f   facebook.obj
 0001:0006c452       __ehhandler$??0?$basic_string@DU?$char_traits@D@std@@V?$allocator@D@2@@std@@QAE@ID@Z 0046d452 f   facebook.obj
 0001:0006c46d       __unwindfunclet$??0?$basic_string@DU?$char_traits@D@std@@V?$allocator@D@2@@std@@QAE@ABV01@@Z$0 0046d46d f   facebook.obj
 0001:0006c475       __ehhandler$??0?$basic_string@DU?$char_traits@D@std@@V?$allocator@D@2@@std@@QAE@ABV01@@Z 0046d475 f   facebook.obj
 0001:0006c490       __unwindfunclet$??1?$basic_string@DU?$char_traits@D@std@@V?$allocator@D@2@@std@@QAE@XZ$0 0046d490 f   facebook.obj
 0001:0006c498       __ehhandler$??1?$basic_string@DU?$char_traits@D@std@@V?$allocator@D@2@@std@@QAE@XZ 0046d498 f   facebook.obj
 0001:0006c4b3       __ehhandler$?_Copy@?$basic_string@DU?$char_traits@D@std@@V?$allocator@D@2@@std@@IAEXII@Z 0046d4b3 f   facebook.obj
 0001:0006c4ce       __unwindfunclet$??$?HDU?$char_traits@D@std@@V?$allocator@D@1@@std@@YA?AV?$basic_string@DU?$char_traits@D@std@@V?$allocator@D@2@@0@ABV10@0@Z$0 0046d4ce f   facebook.obj
 0001:0006c4d6       __unwindfunclet$??$?HDU?$char_traits@D@std@@V?$allocator@D@1@@std@@YA?AV?$basic_string@DU?$char_traits@D@std@@V?$allocator@D@2@@0@ABV10@0@Z$1 0046d4d6 f   facebook.obj
 0001:0006c4ef       __ehhandler$??$?HDU?$char_traits@D@std@@V?$allocator@D@1@@std@@YA?AV?$basic_string@DU?$char_traits@D@std@@V?$allocator@D@2@@0@ABV10@0@Z 0046d4ef f   facebook.obj
 0001:0006c50a       __unwindfunclet$??$?HDU?$char_traits@D@std@@V?$allocator@D@1@@std@@YA?AV?$basic_string@DU?$char_traits@D@std@@V?$allocator@D@2@@0@ABV10@PBD@Z$0 0046d50a f   facebook.obj
 0001:0006c512       __unwindfunclet$??$?HDU?$char_traits@D@std@@V?$allocator@D@1@@std@@YA?AV?$basic_string@DU?$char_traits@D@std@@V?$allocator@D@2@@0@ABV10@PBD@Z$1 0046d512 f   facebook.obj
 0001:0006c52b       __ehhandler$??$?HDU?$char_traits@D@std@@V?$allocator@D@1@@std@@YA?AV?$basic_string@DU?$char_traits@D@std@@V?$allocator@D@2@@0@ABV10@PBD@Z 0046d52b f   facebook.obj
 0001:0006c546       __unwindfunclet$??$?HDU?$char_traits@D@std@@V?$allocator@D@1@@std@@YA?AV?$basic_string@DU?$char_traits@D@std@@V?$allocator@D@2@@0@PBDABV10@@Z$0 0046d546 f   facebook.obj
 0001:0006c54e       __unwindfunclet$??$?HDU?$char_traits@D@std@@V?$allocator@D@1@@std@@YA?AV?$basic_string@DU?$char_traits@D@std@@V?$allocator@D@2@@0@PBDABV10@@Z$1 0046d54e f   facebook.obj
 0001:0006c567       __ehhandler$??$?HDU?$char_traits@D@std@@V?$allocator@D@1@@std@@YA?AV?$basic_string@DU?$char_traits@D@std@@V?$allocator@D@2@@0@PBDABV10@@Z 0046d567 f   facebook.obj
 0001:0006c582       __unwindfunclet$?AsAnsiString@@YAPADPB_W@Z$0 0046d582 f   net.obj
 0001:0006c590       __ehhandler$?AsAnsiString@@YAPADPB_W@Z 0046d590 f   net.obj
 0001:0006c5ab       __unwindfunclet$?fb_receiveloop@@YAHXZ$2 0046d5ab f   rBot.obj
 0001:0006c5b3       __unwindfunclet$?fb_receiveloop@@YAHXZ$3 0046d5b3 f   rBot.obj
 0001:0006c5bb       __unwindfunclet$?fb_receiveloop@@YAHXZ$4 0046d5bb f   rBot.obj
 0001:0006c5c3       __unwindfunclet$?fb_receiveloop@@YAHXZ$5 0046d5c3 f   rBot.obj
 0001:0006c5cb       __unwindfunclet$?fb_receiveloop@@YAHXZ$6 0046d5cb f   rBot.obj
 0001:0006c5d3       __unwindfunclet$?fb_receiveloop@@YAHXZ$7 0046d5d3 f   rBot.obj
 0001:0006c5db       __ehhandler$?fb_receiveloop@@YAHXZ 0046d5db f   rBot.obj
 0001:0006c610       __unwindfunclet$?_Xlen@_String_base@std@@SAXXZ$0 0046d610 f   libcpmtd:string.obj
 0001:0006c618       __ehhandler$?_Xlen@_String_base@std@@SAXXZ 0046d618 f   libcpmtd:string.obj
 0001:0006c640       __unwindfunclet$??0logic_error@std@@QAE@ABV?$basic_string@DU?$char_traits@D@std@@V?$allocator@D@2@@1@@Z$0 0046d640 f   libcpmtd:string.obj
 0001:0006c648       __ehhandler$??0logic_error@std@@QAE@ABV?$basic_string@DU?$char_traits@D@std@@V?$allocator@D@2@@1@@Z 0046d648 f   libcpmtd:string.obj
 0001:0006c670       __unwindfunclet$??0logic_error@std@@QAE@ABV01@@Z$0 0046d670 f   libcpmtd:string.obj
 0001:0006c678       __ehhandler$??0logic_error@std@@QAE@ABV01@@Z 0046d678 f   libcpmtd:string.obj
 0001:0006c6a0       __unwindfunclet$?_Xran@_String_base@std@@SAXXZ$0 0046d6a0 f   libcpmtd:string.obj
 0001:0006c6a8       __ehhandler$?_Xran@_String_base@std@@SAXXZ 0046d6a8 f   libcpmtd:string.obj
 0001:0006c6d0       __unwindfunclet$?_Xinvarg@_String_base@std@@SAXXZ$0 0046d6d0 f   libcpmtd:string.obj
 0001:0006c6d8       __ehhandler$?_Xinvarg@_String_base@std@@SAXXZ 0046d6d8 f   libcpmtd:string.obj
 0001:0006c700       __unwindfunclet$?strtoxl@@YAKPAUlocaleinfo_struct@@PBDPAPBDHH@Z$0 0046d700 f   LIBCMTD:strtol.obj
 0001:0006c708       __ehhandler$?strtoxl@@YAKPAUlocaleinfo_struct@@PBDPAPBDHH@Z 0046d708 f   LIBCMTD:strtol.obj
 0001:0006c730       __unwindfunclet$?strtoxq@@YA_KPAUlocaleinfo_struct@@PBDPAPBDHH@Z$0 0046d730 f   LIBCMTD:strtoq.obj
 0001:0006c738       __ehhandler$?strtoxq@@YA_KPAUlocaleinfo_struct@@PBDPAPBDHH@Z 0046d738 f   LIBCMTD:strtoq.obj
 0001:0006c760       __unwindfunclet$?getSystemCP@@YAHH@Z$0 0046d760 f   LIBCMTD:mbctype.obj
 0001:0006c768       __ehhandler$?getSystemCP@@YAHH@Z 0046d768 f   LIBCMTD:mbctype.obj
 0001:0006c790       __ehhandler$?CallUnexpected@@YAXPBU_s_ESTypeList@@@Z 0046d790 f   LIBCMTD:frame.obj
 0001:0006c7b0       __unwindfunclet$?x_ismbbtype_l@@YAHPAUlocaleinfo_struct@@IHH@Z$0 0046d7b0 f   LIBCMTD:ismbbyte.obj
 0001:0006c7b8       __ehhandler$?x_ismbbtype_l@@YAHPAUlocaleinfo_struct@@IHH@Z 0046d7b8 f   LIBCMTD:ismbbyte.obj
 0001:0006c7e0       __unwindfunclet$?make@DNameStatusNode@@SAPAV1@W4DNameStatus@@@Z$0 0046d7e0 f   LIBCMTD:undname.obj
 0001:0006c7ee       __ehhandler$?make@DNameStatusNode@@SAPAV1@W4DNameStatus@@@Z 0046d7ee f   LIBCMTD:undname.obj
 0001:0006c810       __unwindfunclet$?wcstoxl@@YAKPAUlocaleinfo_struct@@PB_WPAPB_WHH@Z$0 0046d810 f   LIBCMTD:wcstol.obj
 0001:0006c818       __ehhandler$?wcstoxl@@YAKPAUlocaleinfo_struct@@PB_WPAPB_WHH@Z 0046d818 f   LIBCMTD:wcstol.obj
 0001:0006c840       ??__Einitlocks@std@@YAXXZ  0046d840 f   libcpmtd:xlock.obj
 0001:0006c860       ??__Fnomem@?4???2@YAPAXIABU_DebugHeapTag_t@std@@PADH@Z@YAXXZ 0046d860 f   libcpmtd:xdebug.obj
 0001:0006c880       ??__Finitlocks@std@@YAXXZ  0046d880 f   libcpmtd:xlock.obj
 0001:0006c8a0       ??__Fnomem@?5???2@YAPAXI@Z@YAXXZ 0046d8a0 f   LIBCMTD:new.obj
